stm32f4xx_spi.c:222:6:SPI_I2S_DeInit	16	static
stm32f4xx_spi.c:261:6:SPI_Init	24	static
stm32f4xx_spi.c:325:6:I2S_Init	48	static
stm32f4xx_spi.c:457:6:SPI_StructInit	16	static
stm32f4xx_spi.c:485:6:I2S_StructInit	16	static
stm32f4xx_spi.c:514:6:SPI_Cmd	16	static
stm32f4xx_spi.c:539:6:I2S_Cmd	16	static
stm32f4xx_spi.c:566:6:SPI_DataSizeConfig	16	static
stm32f4xx_spi.c:586:6:SPI_BiDirectionalLineConfig	16	static
stm32f4xx_spi.c:612:6:SPI_NSSInternalSoftwareConfig	16	static
stm32f4xx_spi.c:636:6:SPI_SSOutputCmd	16	static
stm32f4xx_spi.c:667:6:SPI_TIModeCmd	16	static
stm32f4xx_spi.c:704:6:I2S_FullDuplexConfig	24	static
stm32f4xx_spi.c:779:10:SPI_I2S_ReceiveData	16	static
stm32f4xx_spi.c:795:6:SPI_I2S_SendData	16	static
stm32f4xx_spi.c:884:6:SPI_CalculateCRC	16	static
stm32f4xx_spi.c:906:6:SPI_TransmitCRC	16	static
stm32f4xx_spi.c:924:10:SPI_GetCRC	24	static
stm32f4xx_spi.c:949:10:SPI_GetCRCPolynomial	16	static
stm32f4xx_spi.c:986:6:SPI_I2S_DMACmd	16	static
stm32f4xx_spi.c:1095:6:SPI_I2S_ITConfig	24	static
stm32f4xx_spi.c:1139:12:SPI_I2S_GetFlagStatus	24	static
stm32f4xx_spi.c:1180:6:SPI_I2S_ClearFlag	16	static
stm32f4xx_spi.c:1205:10:SPI_I2S_GetITStatus	24	static
stm32f4xx_spi.c:1260:6:SPI_I2S_ClearITPendingBit	24	static
