stm32f4xx_rtc.c:367:13:RTC_DeInit	24	static
stm32f4xx_rtc.c:445:13:RTC_Init	24	static
stm32f4xx_rtc.c:491:6:RTC_StructInit	16	static
stm32f4xx_rtc.c:513:6:RTC_WriteProtectionCmd	16	static
stm32f4xx_rtc.c:540:13:RTC_EnterInitMode	24	static
stm32f4xx_rtc.c:585:6:RTC_ExitInitMode	4	static
stm32f4xx_rtc.c:607:13:RTC_WaitForSynchro	24	static
stm32f4xx_rtc.c:650:13:RTC_RefClockCmd	24	static
stm32f4xx_rtc.c:698:6:RTC_BypassShadowCmd	16	static
stm32f4xx_rtc.c:753:13:RTC_SetTime	32	static
stm32f4xx_rtc.c:849:6:RTC_TimeStructInit	16	static
stm32f4xx_rtc.c:868:6:RTC_GetTime	24	static
stm32f4xx_rtc.c:901:10:RTC_GetSubSecond	16	static
stm32f4xx_rtc.c:926:13:RTC_SetDate	32	static
stm32f4xx_rtc.c:1009:6:RTC_DateStructInit	16	static
stm32f4xx_rtc.c:1028:6:RTC_GetDate	24	static
stm32f4xx_rtc.c:1089:6:RTC_SetAlarm	40	static
stm32f4xx_rtc.c:1200:6:RTC_AlarmStructInit	16	static
stm32f4xx_rtc.c:1230:6:RTC_GetAlarm	32	static
stm32f4xx_rtc.c:1284:13:RTC_AlarmCmd	32	static
stm32f4xx_rtc.c:1378:6:RTC_AlarmSubSecondConfig	32	static
stm32f4xx_rtc.c:1419:10:RTC_GetAlarmSubSecond	24	static
stm32f4xx_rtc.c:1468:6:RTC_WakeUpClockConfig	16	static
stm32f4xx_rtc.c:1495:6:RTC_SetWakeUpCounter	16	static
stm32f4xx_rtc.c:1516:10:RTC_GetWakeUpCounter	4	static
stm32f4xx_rtc.c:1528:13:RTC_WakeUpCmd	32	static
stm32f4xx_rtc.c:1605:6:RTC_DayLightSavingConfig	16	static
stm32f4xx_rtc.c:1632:10:RTC_GetStoreOperation	4	static
stm32f4xx_rtc.c:1671:6:RTC_OutputConfig	16	static
stm32f4xx_rtc.c:1725:13:RTC_CoarseCalibConfig	24	static
stm32f4xx_rtc.c:1766:13:RTC_CoarseCalibCmd	24	static
stm32f4xx_rtc.c:1812:6:RTC_CalibOutputCmd	16	static
stm32f4xx_rtc.c:1844:6:RTC_CalibOutputConfig	16	static
stm32f4xx_rtc.c:1880:13:RTC_SmoothCalibConfig	32	static
stm32f4xx_rtc.c:1956:6:RTC_TimeStampCmd	24	static
stm32f4xx_rtc.c:2000:6:RTC_GetTimeStamp	32	static
stm32f4xx_rtc.c:2044:10:RTC_GetTimeStampSubSecond	4	static
stm32f4xx_rtc.c:2079:6:RTC_TamperTriggerConfig	16	static
stm32f4xx_rtc.c:2105:6:RTC_TamperCmd	16	static
stm32f4xx_rtc.c:2136:6:RTC_TamperFilterConfig	16	static
stm32f4xx_rtc.c:2170:6:RTC_TamperSamplingFreqConfig	16	static
stm32f4xx_rtc.c:2193:6:RTC_TamperPinsPrechargeDuration	16	static
stm32f4xx_rtc.c:2213:6:RTC_TimeStampOnTamperDetectionCmd	16	static
stm32f4xx_rtc.c:2236:6:RTC_TamperPullUpCmd	16	static
stm32f4xx_rtc.c:2277:6:RTC_WriteBackupRegister	24	static
stm32f4xx_rtc.c:2298:10:RTC_ReadBackupRegister	24	static
stm32f4xx_rtc.c:2338:6:RTC_TamperPinSelection	16	static
stm32f4xx_rtc.c:2355:6:RTC_TimeStampPinSelection	16	static
stm32f4xx_rtc.c:2374:6:RTC_OutputTypeConfig	16	static
stm32f4xx_rtc.c:2412:13:RTC_SynchroShiftConfig	24	static
stm32f4xx_rtc.c:2531:6:RTC_ITConfig	16	static
stm32f4xx_rtc.c:2577:12:RTC_GetFlagStatus	24	static
stm32f4xx_rtc.c:2613:6:RTC_ClearFlag	16	static
stm32f4xx_rtc.c:2633:10:RTC_GetITStatus	32	static
stm32f4xx_rtc.c:2673:6:RTC_ClearITPendingBit	24	static
stm32f4xx_rtc.c:2696:16:RTC_ByteToBcd2	24	static
stm32f4xx_rtc.c:2714:16:RTC_Bcd2ToByte	24	static
