stm32f4xx_dma.c:188:6:DMA_DeInit	16	static
stm32f4xx_dma.c:311:6:DMA_Init	24	static
stm32f4xx_dma.c:395:6:DMA_StructInit	16	static
stm32f4xx_dma.c:470:6:DMA_Cmd	16	static
stm32f4xx_dma.c:506:6:DMA_PeriphIncOffsetSizeConfig	16	static
stm32f4xx_dma.c:542:6:DMA_FlowControllerConfig	16	static
stm32f4xx_dma.c:626:6:DMA_SetCurrDataCounter	16	static
stm32f4xx_dma.c:641:10:DMA_GetCurrDataCounter	16	static
stm32f4xx_dma.c:718:6:DMA_DoubleBufferModeConfig	24	static
stm32f4xx_dma.c:749:6:DMA_DoubleBufferModeCmd	16	static
stm32f4xx_dma.c:790:6:DMA_MemoryTargetConfig	24	static
stm32f4xx_dma.c:816:10:DMA_GetCurrentMemoryTarget	24	static
stm32f4xx_dma.c:925:17:DMA_GetCmdStatus	24	static
stm32f4xx_dma.c:959:10:DMA_GetFIFOStatus	24	static
stm32f4xx_dma.c:986:12:DMA_GetFlagStatus	32	static
stm32f4xx_dma.c:1053:6:DMA_ClearFlag	24	static
stm32f4xx_dma.c:1100:6:DMA_ITConfig	24	static
stm32f4xx_dma.c:1152:10:DMA_GetITStatus	32	static
stm32f4xx_dma.c:1234:6:DMA_ClearITPendingBit	24	static
