stm32f4xx_hash.c:171:6:HASH_DeInit	8	static
stm32f4xx_hash.c:191:6:HASH_Init	16	static
stm32f4xx_hash.c:225:6:HASH_StructInit	16	static
stm32f4xx_hash.c:249:6:HASH_Reset	4	static
stm32f4xx_hash.c:291:6:HASH_SetLastWordValidBitsNbr	16	static
stm32f4xx_hash.c:306:6:HASH_DataIn	16	static
stm32f4xx_hash.c:317:9:HASH_GetInFIFOWordsNbr	4	static
stm32f4xx_hash.c:331:6:HASH_GetDigest	16	static
stm32f4xx_hash.c:346:6:HASH_StartDigest	4	static
stm32f4xx_hash.c:389:6:HASH_SaveContext	24	static
stm32f4xx_hash.c:411:6:HASH_RestoreContext	24	static
stm32f4xx_hash.c:460:6:HASH_DMACmd	16	static
stm32f4xx_hash.c:555:6:HASH_ITConfig	16	static
stm32f4xx_hash.c:584:12:HASH_GetFlagStatus	24	static
stm32f4xx_hash.c:625:6:HASH_ClearFlag	16	static
stm32f4xx_hash.c:641:10:HASH_GetITStatus	24	static
stm32f4xx_hash.c:675:6:HASH_ClearITPendingBit	16	static
