stm32f4xx_tim.c:194:6:TIM_DeInit	16	static
stm32f4xx_tim.c:282:6:TIM_TimeBaseInit	24	static
stm32f4xx_tim.c:334:6:TIM_TimeBaseStructInit	16	static
stm32f4xx_tim.c:354:6:TIM_PrescalerConfig	16	static
stm32f4xx_tim.c:377:6:TIM_CounterModeConfig	24	static
stm32f4xx_tim.c:403:6:TIM_SetCounter	16	static
stm32f4xx_tim.c:418:6:TIM_SetAutoreload	16	static
stm32f4xx_tim.c:432:10:TIM_GetCounter	16	static
stm32f4xx_tim.c:446:10:TIM_GetPrescaler	16	static
stm32f4xx_tim.c:462:6:TIM_UpdateDisableConfig	16	static
stm32f4xx_tim.c:491:6:TIM_UpdateRequestConfig	16	static
stm32f4xx_tim.c:516:6:TIM_ARRPreloadConfig	16	static
stm32f4xx_tim.c:543:6:TIM_SelectOnePulseMode	16	static
stm32f4xx_tim.c:566:6:TIM_SetClockDivision	16	static
stm32f4xx_tim.c:586:6:TIM_Cmd	16	static
stm32f4xx_tim.c:665:6:TIM_OC1Init	24	static
stm32f4xx_tim.c:746:6:TIM_OC2Init	24	static
stm32f4xx_tim.c:827:6:TIM_OC3Init	24	static
stm32f4xx_tim.c:907:6:TIM_OC4Init	24	static
stm32f4xx_tim.c:970:6:TIM_OCStructInit	16	static
stm32f4xx_tim.c:1006:6:TIM_SelectOCxM	24	static
stm32f4xx_tim.c:1052:6:TIM_SetCompare1	16	static
stm32f4xx_tim.c:1068:6:TIM_SetCompare2	16	static
stm32f4xx_tim.c:1083:6:TIM_SetCompare3	16	static
stm32f4xx_tim.c:1098:6:TIM_SetCompare4	16	static
stm32f4xx_tim.c:1116:6:TIM_ForcedOC1Config	24	static
stm32f4xx_tim.c:1145:6:TIM_ForcedOC2Config	24	static
stm32f4xx_tim.c:1173:6:TIM_ForcedOC3Config	24	static
stm32f4xx_tim.c:1202:6:TIM_ForcedOC4Config	24	static
stm32f4xx_tim.c:1230:6:TIM_OC1PreloadConfig	24	static
stm32f4xx_tim.c:1260:6:TIM_OC2PreloadConfig	24	static
stm32f4xx_tim.c:1289:6:TIM_OC3PreloadConfig	24	static
stm32f4xx_tim.c:1318:6:TIM_OC4PreloadConfig	24	static
stm32f4xx_tim.c:1347:6:TIM_OC1FastConfig	24	static
stm32f4xx_tim.c:1378:6:TIM_OC2FastConfig	24	static
stm32f4xx_tim.c:1408:6:TIM_OC3FastConfig	24	static
stm32f4xx_tim.c:1438:6:TIM_OC4FastConfig	24	static
stm32f4xx_tim.c:1468:6:TIM_ClearOC1Ref	24	static
stm32f4xx_tim.c:1498:6:TIM_ClearOC2Ref	24	static
stm32f4xx_tim.c:1527:6:TIM_ClearOC3Ref	24	static
stm32f4xx_tim.c:1556:6:TIM_ClearOC4Ref	24	static
stm32f4xx_tim.c:1585:6:TIM_OC1PolarityConfig	24	static
stm32f4xx_tim.c:1612:6:TIM_OC1NPolarityConfig	24	static
stm32f4xx_tim.c:1639:6:TIM_OC2PolarityConfig	24	static
stm32f4xx_tim.c:1666:6:TIM_OC2NPolarityConfig	24	static
stm32f4xx_tim.c:1693:6:TIM_OC3PolarityConfig	24	static
stm32f4xx_tim.c:1720:6:TIM_OC3NPolarityConfig	24	static
stm32f4xx_tim.c:1747:6:TIM_OC4PolarityConfig	24	static
stm32f4xx_tim.c:1778:6:TIM_CCxCmd	24	static
stm32f4xx_tim.c:1808:6:TIM_CCxNCmd	24	static
stm32f4xx_tim.c:1890:6:TIM_ICInit	16	static
stm32f4xx_tim.c:1943:6:TIM_ICStructInit	16	static
stm32f4xx_tim.c:1962:6:TIM_PWMIConfig	24	static
stm32f4xx_tim.c:2019:10:TIM_GetCapture1	16	static
stm32f4xx_tim.c:2034:10:TIM_GetCapture2	16	static
stm32f4xx_tim.c:2048:10:TIM_GetCapture3	16	static
stm32f4xx_tim.c:2062:10:TIM_GetCapture4	16	static
stm32f4xx_tim.c:2082:6:TIM_SetIC1Prescaler	16	static
stm32f4xx_tim.c:2107:6:TIM_SetIC2Prescaler	16	static
stm32f4xx_tim.c:2131:6:TIM_SetIC3Prescaler	16	static
stm32f4xx_tim.c:2155:6:TIM_SetIC4Prescaler	16	static
stm32f4xx_tim.c:2208:6:TIM_BDTRConfig	16	static
stm32f4xx_tim.c:2233:6:TIM_BDTRStructInit	16	static
stm32f4xx_tim.c:2252:6:TIM_CtrlPWMOutputs	16	static
stm32f4xx_tim.c:2277:6:TIM_SelectCOM	16	static
stm32f4xx_tim.c:2302:6:TIM_CCPreloadControl	16	static
stm32f4xx_tim.c:2359:6:TIM_ITConfig	16	static
stm32f4xx_tim.c:2397:6:TIM_GenerateEvent	16	static
stm32f4xx_tim.c:2430:12:TIM_GetFlagStatus	24	static
stm32f4xx_tim.c:2472:6:TIM_ClearFlag	16	static
stm32f4xx_tim.c:2500:10:TIM_GetITStatus	24	static
stm32f4xx_tim.c:2541:6:TIM_ClearITPendingBit	16	static
stm32f4xx_tim.c:2578:6:TIM_DMAConfig	16	static
stm32f4xx_tim.c:2605:6:TIM_DMACmd	16	static
stm32f4xx_tim.c:2631:6:TIM_SelectCCDMA	16	static
stm32f4xx_tim.c:2670:6:TIM_InternalClockConfig	16	static
stm32f4xx_tim.c:2691:6:TIM_ITRxExternalClockConfig	16	static
stm32f4xx_tim.c:2721:6:TIM_TIxExternalClockConfig	24	static
stm32f4xx_tim.c:2761:6:TIM_ETRClockMode1Config	32	static
stm32f4xx_tim.c:2808:6:TIM_ETRClockMode2Config	24	static
stm32f4xx_tim.c:2876:6:TIM_SelectInputTrigger	24	static
stm32f4xx_tim.c:2919:6:TIM_SelectOutputTrigger	16	static
stm32f4xx_tim.c:2943:6:TIM_SelectSlaveMode	16	static
stm32f4xx_tim.c:2966:6:TIM_SelectMasterSlaveMode	16	static
stm32f4xx_tim.c:2996:6:TIM_ETRConfig	32	static
stm32f4xx_tim.c:3054:6:TIM_EncoderInterfaceConfig	32	static
stm32f4xx_tim.c:3106:6:TIM_SelectHallSensor	16	static
stm32f4xx_tim.c:3157:6:TIM_RemapConfig	16	static
stm32f4xx_tim.c:3188:13:TI1_Config	32	static
stm32f4xx_tim.c:3229:13:TI2_Config	32	static
stm32f4xx_tim.c:3271:13:TI3_Config	32	static
stm32f4xx_tim.c:3312:13:TI4_Config	32	static
