stm32f4xx_usart.c:178:6:USART_DeInit	16	static
stm32f4xx_usart.c:227:6:USART_Init	48	static
stm32f4xx_usart.c:340:6:USART_StructInit	16	static
stm32f4xx_usart.c:360:6:USART_ClockInit	24	static
stm32f4xx_usart.c:391:6:USART_ClockStructInit	16	static
stm32f4xx_usart.c:408:6:USART_Cmd	16	static
stm32f4xx_usart.c:434:6:USART_SetPrescaler	16	static
stm32f4xx_usart.c:455:6:USART_OverSampling8Cmd	16	static
stm32f4xx_usart.c:481:6:USART_OneBitMethodCmd	16	static
stm32f4xx_usart.c:538:6:USART_SendData	16	static
stm32f4xx_usart.c:554:10:USART_ReceiveData	16	static
stm32f4xx_usart.c:605:6:USART_SetAddress	16	static
stm32f4xx_usart.c:625:6:USART_ReceiverWakeUpCmd	16	static
stm32f4xx_usart.c:652:6:USART_WakeUpConfig	16	static
stm32f4xx_usart.c:721:6:USART_LINBreakDetectLengthConfig	16	static
stm32f4xx_usart.c:739:6:USART_LINCmd	16	static
stm32f4xx_usart.c:763:6:USART_SendBreak	16	static
stm32f4xx_usart.c:816:6:USART_HalfDuplexCmd	16	static
stm32f4xx_usart.c:901:6:USART_SetGuardTime	16	static
stm32f4xx_usart.c:920:6:USART_SmartCardCmd	16	static
stm32f4xx_usart.c:945:6:USART_SmartCardNACKCmd	16	static
stm32f4xx_usart.c:1016:6:USART_IrDAConfig	16	static
stm32f4xx_usart.c:1034:6:USART_IrDACmd	16	static
stm32f4xx_usart.c:1080:6:USART_DMACmd	16	static
stm32f4xx_usart.c:1208:6:USART_ITConfig	32	static
stm32f4xx_usart.c:1272:12:USART_GetFlagStatus	24	static
stm32f4xx_usart.c:1321:6:USART_ClearFlag	16	static
stm32f4xx_usart.c:1354:10:USART_GetITStatus	32	static
stm32f4xx_usart.c:1428:6:USART_ClearITPendingBit	24	static
