stm32f4xx_adc.c:206:6:ADC_DeInit	8	static
stm32f4xx_adc.c:228:6:ADC_Init	24	static
stm32f4xx_adc.c:303:6:ADC_StructInit	16	static
stm32f4xx_adc.c:334:6:ADC_CommonInit	24	static
stm32f4xx_adc.c:370:6:ADC_CommonStructInit	16	static
stm32f4xx_adc.c:392:6:ADC_Cmd	16	static
stm32f4xx_adc.c:450:6:ADC_AnalogWatchdogCmd	24	static
stm32f4xx_adc.c:479:6:ADC_AnalogWatchdogThresholdsConfig	16	static
stm32f4xx_adc.c:520:6:ADC_AnalogWatchdogSingleChannelConfig	24	static
stm32f4xx_adc.c:585:6:ADC_TempSensorVrefintCmd	16	static
stm32f4xx_adc.c:607:6:ADC_VBATCmd	16	static
stm32f4xx_adc.c:708:6:ADC_RegularChannelConfig	24	static
stm32f4xx_adc.c:828:6:ADC_SoftwareStartConv	16	static
stm32f4xx_adc.c:842:12:ADC_GetSoftwareStartConvStatus	24	static
stm32f4xx_adc.c:872:6:ADC_EOCOnEachRegularChannelCmd	16	static
stm32f4xx_adc.c:897:6:ADC_ContinuousModeCmd	16	static
stm32f4xx_adc.c:923:6:ADC_DiscModeChannelCountConfig	24	static
stm32f4xx_adc.c:955:6:ADC_DiscModeCmd	16	static
stm32f4xx_adc.c:978:10:ADC_GetConversionValue	16	static
stm32f4xx_adc.c:999:10:ADC_GetMultiModeConversionValue	4	static
stm32f4xx_adc.c:1048:6:ADC_DMACmd	16	static
stm32f4xx_adc.c:1072:6:ADC_DMARequestAfterLastTransferCmd	16	static
stm32f4xx_adc.c:1099:6:ADC_MultiModeDMARequestAfterLastTransferCmd	16	static
stm32f4xx_adc.c:1186:6:ADC_InjectedChannelConfig	32	static
stm32f4xx_adc.c:1249:6:ADC_InjectedSequencerLengthConfig	24	static
stm32f4xx_adc.c:1284:6:ADC_SetInjectedOffset	24	static
stm32f4xx_adc.c:1322:6:ADC_ExternalTrigInjectedConvConfig	24	static
stm32f4xx_adc.c:1356:6:ADC_ExternalTrigInjectedConvEdgeConfig	24	static
stm32f4xx_adc.c:1377:6:ADC_SoftwareStartInjectedConv	16	static
stm32f4xx_adc.c:1390:12:ADC_GetSoftwareStartInjectedConvCmdStatus	24	static
stm32f4xx_adc.c:1419:6:ADC_AutoInjectedConvCmd	16	static
stm32f4xx_adc.c:1445:6:ADC_InjectedDiscModeCmd	16	static
stm32f4xx_adc.c:1473:10:ADC_GetInjectedConversionValue	24	static
stm32f4xx_adc.c:1581:6:ADC_ITConfig	24	static
stm32f4xx_adc.c:1618:12:ADC_GetFlagStatus	24	static
stm32f4xx_adc.c:1653:6:ADC_ClearFlag	16	static
stm32f4xx_adc.c:1674:10:ADC_GetITStatus	32	static
stm32f4xx_adc.c:1715:6:ADC_ClearITPendingBit	24	static
