Archive member included to satisfy reference by file (symbol)

c:/program files (x86)/atollic/truestudio for stm32 9.3.0/armtools/bin/../lib/gcc/arm-atollic-eabi/6.3.1/../../../../arm-atollic-eabi/lib/armv7e-m/fpu\libc_nano.a(lib_a-assert.o)
                              src\lfs.o (__assert_func)
c:/program files (x86)/atollic/truestudio for stm32 9.3.0/armtools/bin/../lib/gcc/arm-atollic-eabi/6.3.1/../../../../arm-atollic-eabi/lib/armv7e-m/fpu\libc_nano.a(lib_a-fprintf.o)
                              c:/program files (x86)/atollic/truestudio for stm32 9.3.0/armtools/bin/../lib/gcc/arm-atollic-eabi/6.3.1/../../../../arm-atollic-eabi/lib/armv7e-m/fpu\libc_nano.a(lib_a-assert.o) (fiprintf)
c:/program files (x86)/atollic/truestudio for stm32 9.3.0/armtools/bin/../lib/gcc/arm-atollic-eabi/6.3.1/../../../../arm-atollic-eabi/lib/armv7e-m/fpu\libc_nano.a(lib_a-impure.o)
                              c:/program files (x86)/atollic/truestudio for stm32 9.3.0/armtools/bin/../lib/gcc/arm-atollic-eabi/6.3.1/../../../../arm-atollic-eabi/lib/armv7e-m/fpu\libc_nano.a(lib_a-assert.o) (_impure_ptr)
c:/program files (x86)/atollic/truestudio for stm32 9.3.0/armtools/bin/../lib/gcc/arm-atollic-eabi/6.3.1/../../../../arm-atollic-eabi/lib/armv7e-m/fpu\libc_nano.a(lib_a-init.o)
                              startup\startup_stm32f4xx.o (__libc_init_array)
c:/program files (x86)/atollic/truestudio for stm32 9.3.0/armtools/bin/../lib/gcc/arm-atollic-eabi/6.3.1/../../../../arm-atollic-eabi/lib/armv7e-m/fpu\libc_nano.a(lib_a-malloc.o)
                              src\lfs.o (malloc)
c:/program files (x86)/atollic/truestudio for stm32 9.3.0/armtools/bin/../lib/gcc/arm-atollic-eabi/6.3.1/../../../../arm-atollic-eabi/lib/armv7e-m/fpu\libc_nano.a(lib_a-memcmp.o)
                              src\lfs.o (memcmp)
c:/program files (x86)/atollic/truestudio for stm32 9.3.0/armtools/bin/../lib/gcc/arm-atollic-eabi/6.3.1/../../../../arm-atollic-eabi/lib/armv7e-m/fpu\libc_nano.a(lib_a-memcpy-stub.o)
                              src\fat16.o (memcpy)
c:/program files (x86)/atollic/truestudio for stm32 9.3.0/armtools/bin/../lib/gcc/arm-atollic-eabi/6.3.1/../../../../arm-atollic-eabi/lib/armv7e-m/fpu\libc_nano.a(lib_a-memset.o)
                              src\fat16.o (memset)
c:/program files (x86)/atollic/truestudio for stm32 9.3.0/armtools/bin/../lib/gcc/arm-atollic-eabi/6.3.1/../../../../arm-atollic-eabi/lib/armv7e-m/fpu\libc_nano.a(lib_a-nano-freer.o)
                              c:/program files (x86)/atollic/truestudio for stm32 9.3.0/armtools/bin/../lib/gcc/arm-atollic-eabi/6.3.1/../../../../arm-atollic-eabi/lib/armv7e-m/fpu\libc_nano.a(lib_a-malloc.o) (_free_r)
c:/program files (x86)/atollic/truestudio for stm32 9.3.0/armtools/bin/../lib/gcc/arm-atollic-eabi/6.3.1/../../../../arm-atollic-eabi/lib/armv7e-m/fpu\libc_nano.a(lib_a-nano-mallocr.o)
                              c:/program files (x86)/atollic/truestudio for stm32 9.3.0/armtools/bin/../lib/gcc/arm-atollic-eabi/6.3.1/../../../../arm-atollic-eabi/lib/armv7e-m/fpu\libc_nano.a(lib_a-malloc.o) (_malloc_r)
c:/program files (x86)/atollic/truestudio for stm32 9.3.0/armtools/bin/../lib/gcc/arm-atollic-eabi/6.3.1/../../../../arm-atollic-eabi/lib/armv7e-m/fpu\libc_nano.a(lib_a-nano-vfprintf.o)
                              c:/program files (x86)/atollic/truestudio for stm32 9.3.0/armtools/bin/../lib/gcc/arm-atollic-eabi/6.3.1/../../../../arm-atollic-eabi/lib/armv7e-m/fpu\libc_nano.a(lib_a-fprintf.o) (_vfprintf_r)
c:/program files (x86)/atollic/truestudio for stm32 9.3.0/armtools/bin/../lib/gcc/arm-atollic-eabi/6.3.1/../../../../arm-atollic-eabi/lib/armv7e-m/fpu\libc_nano.a(lib_a-nano-vfprintf_i.o)
                              c:/program files (x86)/atollic/truestudio for stm32 9.3.0/armtools/bin/../lib/gcc/arm-atollic-eabi/6.3.1/../../../../arm-atollic-eabi/lib/armv7e-m/fpu\libc_nano.a(lib_a-nano-vfprintf.o) (_printf_i)
c:/program files (x86)/atollic/truestudio for stm32 9.3.0/armtools/bin/../lib/gcc/arm-atollic-eabi/6.3.1/../../../../arm-atollic-eabi/lib/armv7e-m/fpu\libc_nano.a(lib_a-printf.o)
                              src\lfs.o (printf)
c:/program files (x86)/atollic/truestudio for stm32 9.3.0/armtools/bin/../lib/gcc/arm-atollic-eabi/6.3.1/../../../../arm-atollic-eabi/lib/armv7e-m/fpu\libc_nano.a(lib_a-sbrkr.o)
                              c:/program files (x86)/atollic/truestudio for stm32 9.3.0/armtools/bin/../lib/gcc/arm-atollic-eabi/6.3.1/../../../../arm-atollic-eabi/lib/armv7e-m/fpu\libc_nano.a(lib_a-nano-mallocr.o) (_sbrk_r)
c:/program files (x86)/atollic/truestudio for stm32 9.3.0/armtools/bin/../lib/gcc/arm-atollic-eabi/6.3.1/../../../../arm-atollic-eabi/lib/armv7e-m/fpu\libc_nano.a(lib_a-snprintf.o)
                              src\fat16.o (snprintf)
c:/program files (x86)/atollic/truestudio for stm32 9.3.0/armtools/bin/../lib/gcc/arm-atollic-eabi/6.3.1/../../../../arm-atollic-eabi/lib/armv7e-m/fpu\libc_nano.a(lib_a-strchr.o)
[...]
Memory Configuration

Name             Origin             Length             Attributes
FLASH            0x08000000         0x00100000         xr
RAM              0x20000000         0x00020000         xrw
CCMRAM           0x10000000         0x00010000         xrw
MEMORY_B1        0x60000000         0x00000000         xr
*default*        0x00000000         0xffffffff

Linker script and memory map

LOAD c:/program files (x86)/atollic/truestudio for stm32 9.3.0/armtools/bin/../lib/gcc/arm-atollic-eabi/6.3.1/armv7e-m/fpu/crti.o
LOAD c:/program files (x86)/atollic/truestudio for stm32 9.3.0/armtools/bin/../lib/gcc/arm-atollic-eabi/6.3.1/armv7e-m/fpu/crtbegin.o
LOAD Libraries\STM32F4xx_StdPeriph_Driver\src\misc.o
LOAD Libraries\STM32F4xx_StdPeriph_Driver\src\stm32f4xx_adc.o
LOAD Libraries\STM32F4xx_StdPeriph_Driver\src\stm32f4xx_can.o
LOAD Libraries\STM32F4xx_StdPeriph_Driver\src\stm32f4xx_crc.o
LOAD Libraries\STM32F4xx_StdPeriph_Driver\src\stm32f4xx_cryp.o
LOAD Libraries\STM32F4xx_StdPeriph_Driver\src\stm32f4xx_cryp_aes.o
LOAD Libraries\STM32F4xx_StdPeriph_Driver\src\stm32f4xx_cryp_des.o
LOAD Libraries\STM32F4xx_StdPeriph_Driver\src\stm32f4xx_cryp_tdes.o
LOAD Libraries\STM32F4xx_StdPeriph_Driver\src\stm32f4xx_dac.o
LOAD Libraries\STM32F4xx_StdPeriph_Driver\src\stm32f4xx_dbgmcu.o
LOAD Libraries\STM32F4xx_StdPeriph_Driver\src\stm32f4xx_dcmi.o
LOAD Libraries\STM32F4xx_StdPeriph_Driver\src\stm32f4xx_dma.o
LOAD Libraries\STM32F4xx_StdPeriph_Driver\src\stm32f4xx_exti.o
LOAD Libraries\STM32F4xx_StdPeriph_Driver\src\stm32f4xx_flash.o
LOAD Libraries\STM32F4xx_StdPeriph_Driver\src\stm32f4xx_fsmc.o
LOAD Libraries\STM32F4xx_StdPeriph_Driver\src\stm32f4xx_gpio.o
LOAD Libraries\STM32F4xx_StdPeriph_Driver\src\stm32f4xx_hash.o
LOAD Libraries\STM32F4xx_StdPeriph_Driver\src\stm32f4xx_hash_md5.o
LOAD Libraries\STM32F4xx_StdPeriph_Driver\src\stm32f4xx_hash_sha1.o
LOAD Libraries\STM32F4xx_StdPeriph_Driver\src\stm32f4xx_i2c.o
LOAD Libraries\STM32F4xx_StdPeriph_Driver\src\stm32f4xx_iwdg.o
LOAD Libraries\STM32F4xx_StdPeriph_Driver\src\stm32f4xx_pwr.o
LOAD Libraries\STM32F4xx_StdPeriph_Driver\src\stm32f4xx_rcc.o
LOAD Libraries\STM32F4xx_StdPeriph_Driver\src\stm32f4xx_rng.o
LOAD Libraries\STM32F4xx_StdPeriph_Driver\src\stm32f4xx_rtc.o
LOAD Libraries\STM32F4xx_StdPeriph_Driver\src\stm32f4xx_sdio.o
LOAD Libraries\STM32F4xx_StdPeriph_Driver\src\stm32f4xx_spi.o
LOAD Libraries\STM32F4xx_StdPeriph_Driver\src\stm32f4xx_syscfg.o
LOAD Libraries\STM32F4xx_StdPeriph_Driver\src\stm32f4xx_tim.o
LOAD Libraries\STM32F4xx_StdPeriph_Driver\src\stm32f4xx_usart.o
LOAD Libraries\STM32F4xx_StdPeriph_Driver\src\stm32f4xx_wwdg.o
LOAD Libraries\STM32_USB_Device_Library\Class\msc\src\usbd_msc_bot.o
LOAD Libraries\STM32_USB_Device_Library\Class\msc\src\usbd_msc_core.o
LOAD Libraries\STM32_USB_Device_Library\Class\msc\src\usbd_msc_data.o
LOAD Libraries\STM32_USB_Device_Library\Class\msc\src\usbd_msc_scsi.o
LOAD Libraries\STM32_USB_Device_Library\Core\src\usbd_core.o
LOAD Libraries\STM32_USB_Device_Library\Core\src\usbd_ioreq.o
LOAD Libraries\STM32_USB_Device_Library\Core\src\usbd_req.o
LOAD Libraries\STM32_USB_OTG_Driver\src\usb_core.o
LOAD Libraries\STM32_USB_OTG_Driver\src\usb_dcd.o
LOAD Libraries\STM32_USB_OTG_Driver\src\usb_dcd_int.o
LOAD src\FlashG25.o
LOAD src\common.o
LOAD src\fat16.o
LOAD src\fs.o
LOAD src\lfs.o
LOAD src\lfs_util.o
LOAD src\main.o
LOAD src\spi.o
LOAD src\stm32f4xx_it.o
LOAD src\system_stm32f4xx.o
LOAD src\usb_bsp.o
LOAD src\usbd_desc.o
LOAD src\usbd_storage_msd.o
LOAD src\usbd_usr.o
LOAD startup\startup_stm32f4xx.o
LOAD c:/program files (x86)/atollic/truestudio for stm32 9.3.0/armtools/bin/../lib/gcc/arm-atollic-eabi/6.3.1/../../../../arm-atollic-eabi/lib/armv7e-m/fpu\libm.a
                0x00000080                malloc_getpagesize_P = 0x80
START GROUP
LOAD c:/program files (x86)/atollic/truestudio for stm32 9.3.0/armtools/bin/../lib/gcc/arm-atollic-eabi/6.3.1/../../../../arm-atollic-eabi/lib/armv7e-m/fpu\libc_nano.a
LOAD c:/program files (x86)/atollic/truestudio for stm32 9.3.0/armtools/bin/../lib/gcc/arm-atollic-eabi/6.3.1/../../../../arm-atollic-eabi/lib/armv7e-m/fpu\libm.a
END GROUP
START GROUP
LOAD c:/program files (x86)/atollic/truestudio for stm32 9.3.0/armtools/bin/../lib/gcc/arm-atollic-eabi/6.3.1/armv7e-m/fpu\libgcc.a
LOAD c:/program files (x86)/atollic/truestudio for stm32 9.3.0/armtools/bin/../lib/gcc/arm-atollic-eabi/6.3.1/../../../../arm-atollic-eabi/lib/armv7e-m/fpu\libc_nano.a
END GROUP
START GROUP
LOAD c:/program files (x86)/atollic/truestudio for stm32 9.3.0/armtools/bin/../lib/gcc/arm-atollic-eabi/6.3.1/armv7e-m/fpu\libgcc.a
LOAD c:/program files (x86)/atollic/truestudio for stm32 9.3.0/armtools/bin/../lib/gcc/arm-atollic-eabi/6.3.1/../../../../arm-atollic-eabi/lib/armv7e-m/fpu\libc_nano.a
LOAD c:/program files (x86)/atollic/truestudio for stm32 9.3.0/armtools/bin/../lib/gcc/arm-atollic-eabi/6.3.1/../../../../arm-atollic-eabi/lib/armv7e-m/fpu\libnosys.a
END GROUP
START GROUP
LOAD c:/program files (x86)/atollic/truestudio for stm32 9.3.0/armtools/bin/../lib/gcc/arm-atollic-eabi/6.3.1/armv7e-m/fpu\libgcc.a
LOAD c:/program files (x86)/atollic/truestudio for stm32 9.3.0/armtools/bin/../lib/gcc/arm-atollic-eabi/6.3.1/../../../../arm-atollic-eabi/lib/armv7e-m/fpu\libc_nano.a
LOAD c:/program files (x86)/atollic/truestudio for stm32 9.3.0/armtools/bin/../lib/gcc/arm-atollic-eabi/6.3.1/../../../../arm-atollic-eabi/lib/armv7e-m/fpu\libnosys.a
END GROUP
LOAD c:/program files (x86)/atollic/truestudio for stm32 9.3.0/armtools/bin/../lib/gcc/arm-atollic-eabi/6.3.1/armv7e-m/fpu/crtend.o
LOAD c:/program files (x86)/atollic/truestudio for stm32 9.3.0/armtools/bin/../lib/gcc/arm-atollic-eabi/6.3.1/armv7e-m/fpu/crtn.o
                0x20020000                _estack = 0x20020000
                0x00000000                _Min_Heap_Size = 0x0
                0x00000400                _Min_Stack_Size = 0x400

.isr_vector     0x08000000      0x188
                0x08000000                . = ALIGN (0x4)
 *(.isr_vector)
 .isr_vector    0x08000000      0x188 startup\startup_stm32f4xx.o
                0x08000000                g_pfnVectors
                0x08000188                . = ALIGN (0x4)

.text           0x08000190     0x6084
                0x08000190                . = ALIGN (0x4)
 *(.text)
 .text          0x08000190       0x40 c:/program files (x86)/atollic/truestudio for stm32 9.3.0/armtools/bin/../lib/gcc/arm-atollic-eabi/6.3.1/armv7e-m/fpu/crtbegin.o
 .text          0x080001d0       0xa0 c:/program files (x86)/atollic/truestudio for stm32 9.3.0/armtools/bin/../lib/gcc/arm-atollic-eabi/6.3.1/../../../../arm-atollic-eabi/lib/armv7e-m/fpu\libc_nano.a(lib_a-memchr.o)
                0x080001d0                memchr
 *(.text*)
 .text.NVIC_PriorityGroupConfig
                0x08000270       0x28 Libraries\STM32F4xx_StdPeriph_Driver\src\misc.o
                0x08000270                NVIC_PriorityGroupConfig
 .text.NVIC_Init
                0x08000298       0xc4 Libraries\STM32F4xx_StdPeriph_Driver\src\misc.o
                0x08000298                NVIC_Init
 .text.EXTI_Init
                0x0800035c       0xe4 Libraries\STM32F4xx_StdPeriph_Driver\src\stm32f4xx_exti.o
                0x0800035c                EXTI_Init
 .text.EXTI_ClearITPendingBit
                0x08000440       0x20 Libraries\STM32F4xx_StdPeriph_Driver\src\stm32f4xx_exti.o
                0x08000440                EXTI_ClearITPendingBit
 .text.GPIO_Init
                0x08000460      0x11c Libraries\STM32F4xx_StdPeriph_Driver\src\stm32f4xx_gpio.o
                0x08000460                GPIO_Init
 .text.GPIO_PinAFConfig
                0x0800057c       0x92 Libraries\STM32F4xx_StdPeriph_Driver\src\stm32f4xx_gpio.o
                0x0800057c                GPIO_PinAFConfig
 *fill*         0x0800060e        0x2 
 .text.RCC_HSEConfig
                0x08000610       0x28 Libraries\STM32F4xx_StdPeriph_Driver\src\stm32f4xx_rcc.o
                0x08000610                RCC_HSEConfig
 .text.RCC_PLLCmd
                0x08000638       0x20 Libraries\STM32F4xx_StdPeriph_Driver\src\stm32f4xx_rcc.o
                0x08000638                RCC_PLLCmd
 .text.RCC_SYSCLKConfig
                0x08000658       0x38 Libraries\STM32F4xx_StdPeriph_Driver\src\stm32f4xx_rcc.o
                0x08000658                RCC_SYSCLKConfig
 .text.RCC_GetSYSCLKSource
                0x08000690       0x20 Libraries\STM32F4xx_StdPeriph_Driver\src\stm32f4xx_rcc.o
                0x08000690                RCC_GetSYSCLKSource
 .text.RCC_AHB1PeriphClockCmd
                0x080006b0       0x40 Libraries\STM32F4xx_StdPeriph_Driver\src\stm32f4xx_rcc.o
                0x080006b0                RCC_AHB1PeriphClockCmd
 .text.RCC_AHB2PeriphClockCmd
                0x080006f0       0x40 Libraries\STM32F4xx_StdPeriph_Driver\src\stm32f4xx_rcc.o
                0x080006f0                RCC_AHB2PeriphClockCmd
 .text.RCC_APB2PeriphClockCmd
                0x08000730       0x40 Libraries\STM32F4xx_StdPeriph_Driver\src\stm32f4xx_rcc.o
                0x08000730                RCC_APB2PeriphClockCmd
 .text.RCC_APB1PeriphResetCmd
                0x08000770       0x40 Libraries\STM32F4xx_StdPeriph_Driver\src\stm32f4xx_rcc.o
                0x08000770                RCC_APB1PeriphResetCmd
 .text.RCC_GetFlagStatus
                0x080007b0       0x74 Libraries\STM32F4xx_StdPeriph_Driver\src\stm32f4xx_rcc.o
                0x080007b0                RCC_GetFlagStatus
 .text.SYSCFG_EXTILineConfig
                0x08000824       0x84 Libraries\STM32F4xx_StdPeriph_Driver\src\stm32f4xx_syscfg.o
                0x08000824                SYSCFG_EXTILineConfig
 .text.MSC_BOT_Init
                0x080008a8       0x54 Libraries\STM32_USB_Device_Library\Class\msc\src\usbd_msc_bot.o
                0x080008a8                MSC_BOT_Init
 .text.MSC_BOT_Reset
                0x080008fc       0x34 Libraries\STM32_USB_Device_Library\Class\msc\src\usbd_msc_bot.o
                0x080008fc                MSC_BOT_Reset
 .text.MSC_BOT_DeInit
                0x08000930       0x20 Libraries\STM32_USB_Device_Library\Class\msc\src\usbd_msc_bot.o
                0x08000930                MSC_BOT_DeInit
 .text.MSC_BOT_DataIn
                0x08000950       0x60 Libraries\STM32_USB_Device_Library\Class\msc\src\usbd_msc_bot.o
                0x08000950                MSC_BOT_DataIn
 .text.MSC_BOT_DataOut
                0x080009b0       0x54 Libraries\STM32_USB_Device_Library\Class\msc\src\usbd_msc_bot.o
                0x080009b0                MSC_BOT_DataOut
 .text.MSC_BOT_CBW_Decode
                0x08000a04       0xe8 Libraries\STM32_USB_Device_Library\Class\msc\src\usbd_msc_bot.o
 .text.MSC_BOT_SendData
                0x08000aec       0x54 Libraries\STM32_USB_Device_Library\Class\msc\src\usbd_msc_bot.o
 .text.MSC_BOT_SendCSW
                0x08000b40       0x50 Libraries\STM32_USB_Device_Library\Class\msc\src\usbd_msc_bot.o
                0x08000b40                MSC_BOT_SendCSW
 .text.MSC_BOT_Abort
                0x08000b90       0x54 Libraries\STM32_USB_Device_Library\Class\msc\src\usbd_msc_bot.o
 .text.MSC_BOT_CplClrFeature
                0x08000be4       0x48 Libraries\STM32_USB_Device_Library\Class\msc\src\usbd_msc_bot.o
                0x08000be4                MSC_BOT_CplClrFeature
 .text.USBD_MSC_Init
                0x08000c2c       0x4e Libraries\STM32_USB_Device_Library\Class\msc\src\usbd_msc_core.o
                0x08000c2c                USBD_MSC_Init
 .text.USBD_MSC_DeInit
                0x08000c7a       0x2c Libraries\STM32_USB_Device_Library\Class\msc\src\usbd_msc_core.o
                0x08000c7a                USBD_MSC_DeInit
 *fill*         0x08000ca6        0x2 
 .text.USBD_MSC_Setup
                0x08000ca8      0x168 Libraries\STM32_USB_Device_Library\Class\msc\src\usbd_msc_core.o
                0x08000ca8                USBD_MSC_Setup
 .text.USBD_MSC_DataIn
                0x08000e10       0x20 Libraries\STM32_USB_Device_Library\Class\msc\src\usbd_msc_core.o
                0x08000e10                USBD_MSC_DataIn
 .text.USBD_MSC_DataOut
                0x08000e30       0x20 Libraries\STM32_USB_Device_Library\Class\msc\src\usbd_msc_core.o
                0x08000e30                USBD_MSC_DataOut
 .text.USBD_MSC_GetCfgDesc
                0x08000e50       0x24 Libraries\STM32_USB_Device_Library\Class\msc\src\usbd_msc_core.o
                0x08000e50                USBD_MSC_GetCfgDesc
 .text.SCSI_ProcessCmd
                0x08000e74      0x254 Libraries\STM32_USB_Device_Library\Class\msc\src\usbd_msc_scsi.o
                0x08000e74                SCSI_ProcessCmd
 .text.SCSI_TestUnitReady
                0x080010c8       0x68 Libraries\STM32_USB_Device_Library\Class\msc\src\usbd_msc_scsi.o
 .text.SCSI_Inquiry
                0x08001130       0x9c Libraries\STM32_USB_Device_Library\Class\msc\src\usbd_msc_scsi.o
 .text.SCSI_ReadCapacity10
                0x080011cc       0xbc Libraries\STM32_USB_Device_Library\Class\msc\src\usbd_msc_scsi.o
 .text.SCSI_ReadFormatCapacity
                0x08001288       0xc4 Libraries\STM32_USB_Device_Library\Class\msc\src\usbd_msc_scsi.o
 .text.SCSI_ModeSense6
                0x0800134c       0x4c Libraries\STM32_USB_Device_Library\Class\msc\src\usbd_msc_scsi.o
 .text.SCSI_ModeSense10
                0x08001398       0x4c Libraries\STM32_USB_Device_Library\Class\msc\src\usbd_msc_scsi.o
 .text.SCSI_RequestSense
                0x080013e4       0xc8 Libraries\STM32_USB_Device_Library\Class\msc\src\usbd_msc_scsi.o
 .text.SCSI_SenseCode
                0x080014ac       0x64 Libraries\STM32_USB_Device_Library\Class\msc\src\usbd_msc_scsi.o
                0x080014ac                SCSI_SenseCode
 .text.SCSI_StartStopUnit
                0x08001510       0x24 Libraries\STM32_USB_Device_Library\Class\msc\src\usbd_msc_scsi.o
 .text.SCSI_Read10
                0x08001534      0x130 Libraries\STM32_USB_Device_Library\Class\msc\src\usbd_msc_scsi.o
 .text.SCSI_Write10
                0x08001664      0x174 Libraries\STM32_USB_Device_Library\Class\msc\src\usbd_msc_scsi.o
 .text.SCSI_Verify10
                0x080017d8       0x68 Libraries\STM32_USB_Device_Library\Class\msc\src\usbd_msc_scsi.o
 .text.SCSI_CheckAddressRange
                0x08001840       0x40 Libraries\STM32_USB_Device_Library\Class\msc\src\usbd_msc_scsi.o
 .text.SCSI_ProcessRead
                0x08001880       0xc4 Libraries\STM32_USB_Device_Library\Class\msc\src\usbd_msc_scsi.o
 .text.SCSI_ProcessWrite
                0x08001944       0xd4 Libraries\STM32_USB_Device_Library\Class\msc\src\usbd_msc_scsi.o
 .text.USBD_Init
                0x08001a18       0x56 Libraries\STM32_USB_Device_Library\Core\src\usbd_core.o
                0x08001a18                USBD_Init
 .text.USBD_DeInit
                0x08001a6e       0x16 Libraries\STM32_USB_Device_Library\Core\src\usbd_core.o
                0x08001a6e                USBD_DeInit
 .text.USBD_SetupStage
                0x08001a84       0x6c Libraries\STM32_USB_Device_Library\Core\src\usbd_core.o
 .text.USBD_DataOutStage
                0x08001af0       0xcc Libraries\STM32_USB_Device_Library\Core\src\usbd_core.o
 .text.USBD_DataInStage
                0x08001bbc      0x11a Libraries\STM32_USB_Device_Library\Core\src\usbd_core.o
 *fill*         0x08001cd6        0x2 
 .text.USBD_RunTestMode
                0x08001cd8       0x24 Libraries\STM32_USB_Device_Library\Core\src\usbd_core.o
 .text.USBD_Reset
                0x08001cfc       0x42 Libraries\STM32_USB_Device_Library\Core\src\usbd_core.o
 .text.USBD_Resume
                0x08001d3e       0x30 Libraries\STM32_USB_Device_Library\Core\src\usbd_core.o
 .text.USBD_Suspend
                0x08001d6e       0x30 Libraries\STM32_USB_Device_Library\Core\src\usbd_core.o
 .text.USBD_SOF
                0x08001d9e       0x2a Libraries\STM32_USB_Device_Library\Core\src\usbd_core.o
 .text.USBD_SetCfg
                0x08001dc8       0x30 Libraries\STM32_USB_Device_Library\Core\src\usbd_core.o
                0x08001dc8                USBD_SetCfg
 .text.USBD_ClrCfg
                0x08001df8       0x26 Libraries\STM32_USB_Device_Library\Core\src\usbd_core.o
                0x08001df8                USBD_ClrCfg
 .text.USBD_IsoINIncomplete
                0x08001e1e       0x1e Libraries\STM32_USB_Device_Library\Core\src\usbd_core.o
 .text.USBD_IsoOUTIncomplete
                0x08001e3c       0x1e Libraries\STM32_USB_Device_Library\Core\src\usbd_core.o
 .text.USBD_DevConnected
                0x08001e5a       0x24 Libraries\STM32_USB_Device_Library\Core\src\usbd_core.o
 .text.USBD_DevDisconnected
                0x08001e7e       0x32 Libraries\STM32_USB_Device_Library\Core\src\usbd_core.o
 .text.USBD_CtlSendData
                0x08001eb0       0x40 Libraries\STM32_USB_Device_Library\Core\src\usbd_ioreq.o
                0x08001eb0                USBD_CtlSendData
 .text.USBD_CtlContinueSendData
                0x08001ef0       0x28 Libraries\STM32_USB_Device_Library\Core\src\usbd_ioreq.o
                0x08001ef0                USBD_CtlContinueSendData
 .text.USBD_CtlContinueRx
                0x08001f18       0x28 Libraries\STM32_USB_Device_Library\Core\src\usbd_ioreq.o
                0x08001f18                USBD_CtlContinueRx
 .text.USBD_CtlSendStatus
                0x08001f40       0x30 Libraries\STM32_USB_Device_Library\Core\src\usbd_ioreq.o
                0x08001f40                USBD_CtlSendStatus
 .text.USBD_CtlReceiveStatus
                0x08001f70       0x30 Libraries\STM32_USB_Device_Library\Core\src\usbd_ioreq.o
                0x08001f70                USBD_CtlReceiveStatus
 .text.USBD_GetRxCount
                0x08001fa0       0x2e Libraries\STM32_USB_Device_Library\Core\src\usbd_ioreq.o
                0x08001fa0                USBD_GetRxCount
 *fill*         0x08001fce        0x2 
 .text.USBD_StdDevReq
                0x08001fd0       0xa0 Libraries\STM32_USB_Device_Library\Core\src\usbd_req.o
                0x08001fd0                USBD_StdDevReq
 .text.USBD_StdItfReq
                0x08002070       0x66 Libraries\STM32_USB_Device_Library\Core\src\usbd_req.o
                0x08002070                USBD_StdItfReq
 *fill*         0x080020d6        0x2 
 .text.USBD_StdEPReq
                0x080020d8      0x1b0 Libraries\STM32_USB_Device_Library\Core\src\usbd_req.o
                0x080020d8                USBD_StdEPReq
 .text.USBD_GetDescriptor
                0x08002288      0x1a8 Libraries\STM32_USB_Device_Library\Core\src\usbd_req.o
 .text.USBD_SetAddress
                0x08002430       0x7c Libraries\STM32_USB_Device_Library\Core\src\usbd_req.o
 .text.USBD_SetConfig
                0x080024ac       0xf4 Libraries\STM32_USB_Device_Library\Core\src\usbd_req.o
 .text.USBD_GetConfig
                0x080025a0       0x60 Libraries\STM32_USB_Device_Library\Core\src\usbd_req.o
 .text.USBD_GetStatus
                0x08002600       0x54 Libraries\STM32_USB_Device_Library\Core\src\usbd_req.o
 .text.USBD_SetFeature
                0x08002654       0xd8 Libraries\STM32_USB_Device_Library\Core\src\usbd_req.o
 .text.USBD_ClrFeature
                0x0800272c       0x50 Libraries\STM32_USB_Device_Library\Core\src\usbd_req.o
 .text.USBD_ParseSetupRequest
                0x0800277c       0x92 Libraries\STM32_USB_Device_Library\Core\src\usbd_req.o
                0x0800277c                USBD_ParseSetupRequest
 .text.USBD_CtlError
                0x0800280e       0x28 Libraries\STM32_USB_Device_Library\Core\src\usbd_req.o
                0x0800280e                USBD_CtlError
 .text.USBD_GetString
                0x08002836       0x86 Libraries\STM32_USB_Device_Library\Core\src\usbd_req.o
                0x08002836                USBD_GetString
 .text.USBD_GetLen
                0x080028bc       0x30 Libraries\STM32_USB_Device_Library\Core\src\usbd_req.o
 .text.USB_OTG_EnableCommonInt
                0x080028ec       0x44 Libraries\STM32_USB_OTG_Driver\src\usb_core.o
 .text.USB_OTG_CoreReset
                0x08002930       0x90 Libraries\STM32_USB_OTG_Driver\src\usb_core.o
 .text.USB_OTG_WritePacket
                0x080029c0       0x76 Libraries\STM32_USB_OTG_Driver\src\usb_core.o
                0x080029c0                USB_OTG_WritePacket
 .text.USB_OTG_ReadPacket
                0x08002a36       0x58 Libraries\STM32_USB_OTG_Driver\src\usb_core.o
                0x08002a36                USB_OTG_ReadPacket
 *fill*         0x08002a8e        0x2 
 .text.USB_OTG_SelectCore
                0x08002a90      0x174 Libraries\STM32_USB_OTG_Driver\src\usb_core.o
                0x08002a90                USB_OTG_SelectCore
 .text.USB_OTG_CoreInit
                0x08002c04      0x132 Libraries\STM32_USB_OTG_Driver\src\usb_core.o
                0x08002c04                USB_OTG_CoreInit
 .text.USB_OTG_EnableGlobalInt
                0x08002d36       0x36 Libraries\STM32_USB_OTG_Driver\src\usb_core.o
                0x08002d36                USB_OTG_EnableGlobalInt
 .text.USB_OTG_DisableGlobalInt
                0x08002d6c       0x38 Libraries\STM32_USB_OTG_Driver\src\usb_core.o
                0x08002d6c                USB_OTG_DisableGlobalInt
 .text.USB_OTG_FlushTxFifo
                0x08002da4       0x74 Libraries\STM32_USB_OTG_Driver\src\usb_core.o
                0x08002da4                USB_OTG_FlushTxFifo
 .text.USB_OTG_FlushRxFifo
                0x08002e18       0x60 Libraries\STM32_USB_OTG_Driver\src\usb_core.o
                0x08002e18                USB_OTG_FlushRxFifo
 .text.USB_OTG_SetCurrentMode
                0x08002e78       0x5e Libraries\STM32_USB_OTG_Driver\src\usb_core.o
                0x08002e78                USB_OTG_SetCurrentMode
 .text.USB_OTG_GetMode
                0x08002ed6       0x1e Libraries\STM32_USB_OTG_Driver\src\usb_core.o
                0x08002ed6                USB_OTG_GetMode
 .text.USB_OTG_IsDeviceMode
                0x08002ef4       0x22 Libraries\STM32_USB_OTG_Driver\src\usb_core.o
                0x08002ef4                USB_OTG_IsDeviceMode
 .text.USB_OTG_ReadCoreItr
                0x08002f16       0x2e Libraries\STM32_USB_OTG_Driver\src\usb_core.o
                0x08002f16                USB_OTG_ReadCoreItr
 .text.USB_OTG_InitDevSpeed
                0x08002f44       0x38 Libraries\STM32_USB_OTG_Driver\src\usb_core.o
                0x08002f44                USB_OTG_InitDevSpeed
 .text.USB_OTG_CoreInitDev
                0x08002f7c      0x262 Libraries\STM32_USB_OTG_Driver\src\usb_core.o
                0x08002f7c                USB_OTG_CoreInitDev
 .text.USB_OTG_EnableDevInt
                0x080031de       0xa8 Libraries\STM32_USB_OTG_Driver\src\usb_core.o
                0x080031de                USB_OTG_EnableDevInt
 .text.USB_OTG_GetDeviceSpeed
                0x08003286       0x48 Libraries\STM32_USB_OTG_Driver\src\usb_core.o
                0x08003286                USB_OTG_GetDeviceSpeed
 .text.USB_OTG_EP0Activate
                0x080032ce       0x76 Libraries\STM32_USB_OTG_Driver\src\usb_core.o
                0x080032ce                USB_OTG_EP0Activate
 .text.USB_OTG_EPActivate
                0x08003344       0xdc Libraries\STM32_USB_OTG_Driver\src\usb_core.o
                0x08003344                USB_OTG_EPActivate
 .text.USB_OTG_EPDeactivate
                0x08003420       0x8a Libraries\STM32_USB_OTG_Driver\src\usb_core.o
                0x08003420                USB_OTG_EPDeactivate
 .text.USB_OTG_EPStartXfer
                0x080034aa      0x280 Libraries\STM32_USB_OTG_Driver\src\usb_core.o
                0x080034aa                USB_OTG_EPStartXfer
 .text.USB_OTG_EP0StartXfer
                0x0800372a      0x1d4 Libraries\STM32_USB_OTG_Driver\src\usb_core.o
                0x0800372a                USB_OTG_EP0StartXfer
 .text.USB_OTG_EPSetStall
                0x080038fe       0x86 Libraries\STM32_USB_OTG_Driver\src\usb_core.o
                0x080038fe                USB_OTG_EPSetStall
 .text.USB_OTG_EPClearStall
                0x08003984       0x76 Libraries\STM32_USB_OTG_Driver\src\usb_core.o
                0x08003984                USB_OTG_EPClearStall
 .text.USB_OTG_ReadDevAllOutEp_itr
                0x080039fa       0x2c Libraries\STM32_USB_OTG_Driver\src\usb_core.o
                0x080039fa                USB_OTG_ReadDevAllOutEp_itr
 .text.USB_OTG_ReadDevOutEP_itr
                0x08003a26       0x36 Libraries\STM32_USB_OTG_Driver\src\usb_core.o
                0x08003a26                USB_OTG_ReadDevOutEP_itr
 .text.USB_OTG_ReadDevAllInEPItr
                0x08003a5c       0x2c Libraries\STM32_USB_OTG_Driver\src\usb_core.o
                0x08003a5c                USB_OTG_ReadDevAllInEPItr
 .text.USB_OTG_EP0_OutStart
                0x08003a88       0x72 Libraries\STM32_USB_OTG_Driver\src\usb_core.o
                0x08003a88                USB_OTG_EP0_OutStart
 .text.USB_OTG_UngateClock
                0x08003afa       0x54 Libraries\STM32_USB_OTG_Driver\src\usb_core.o
                0x08003afa                USB_OTG_UngateClock
 .text.DCD_Init
                0x08003b4e      0x106 Libraries\STM32_USB_OTG_Driver\src\usb_dcd.o
                0x08003b4e                DCD_Init
 .text.DCD_EP_Open
                0x08003c54       0xb0 Libraries\STM32_USB_OTG_Driver\src\usb_dcd.o
                0x08003c54                DCD_EP_Open
 .text.DCD_EP_Close
                0x08003d04       0x78 Libraries\STM32_USB_OTG_Driver\src\usb_dcd.o
                0x08003d04                DCD_EP_Close
 .text.DCD_EP_PrepareRx
                0x08003d7c       0x84 Libraries\STM32_USB_OTG_Driver\src\usb_dcd.o
                0x08003d7c                DCD_EP_PrepareRx
 .text.DCD_EP_Tx
                0x08003e00       0x78 Libraries\STM32_USB_OTG_Driver\src\usb_dcd.o
                0x08003e00                DCD_EP_Tx
 .text.DCD_EP_Stall
                0x08003e78       0x7a Libraries\STM32_USB_OTG_Driver\src\usb_dcd.o
                0x08003e78                DCD_EP_Stall
 .text.DCD_EP_ClrStall
                0x08003ef2       0x7a Libraries\STM32_USB_OTG_Driver\src\usb_dcd.o
                0x08003ef2                DCD_EP_ClrStall
 .text.DCD_EP_Flush
                0x08003f6c       0x34 Libraries\STM32_USB_OTG_Driver\src\usb_dcd.o
                0x08003f6c                DCD_EP_Flush
 .text.DCD_EP_SetAddress
                0x08003fa0       0x3c Libraries\STM32_USB_OTG_Driver\src\usb_dcd.o
                0x08003fa0                DCD_EP_SetAddress
 .text.USBD_OTG_ISR_Handler
                0x08003fdc      0x190 Libraries\STM32_USB_OTG_Driver\src\usb_dcd_int.o
                0x08003fdc                USBD_OTG_ISR_Handler
 .text.DCD_SessionRequest_ISR
                0x0800416c       0x34 Libraries\STM32_USB_OTG_Driver\src\usb_dcd_int.o
 .text.DCD_OTG_ISR
                0x080041a0       0x3c Libraries\STM32_USB_OTG_Driver\src\usb_dcd_int.o
 .text.DCD_HandleResume_ISR
                0x080041dc       0x80 Libraries\STM32_USB_OTG_Driver\src\usb_dcd_int.o
 .text.DCD_HandleUSBSuspend_ISR
                0x0800425c       0xbc Libraries\STM32_USB_OTG_Driver\src\usb_dcd_int.o
 .text.DCD_HandleInEP_ISR
                0x08004318      0x19c Libraries\STM32_USB_OTG_Driver\src\usb_dcd_int.o
 .text.DCD_HandleOutEP_ISR
                0x080044b4      0x150 Libraries\STM32_USB_OTG_Driver\src\usb_dcd_int.o
 .text.DCD_HandleSof_ISR
                0x08004604       0x34 Libraries\STM32_USB_OTG_Driver\src\usb_dcd_int.o
 .text.DCD_HandleRxStatusQueueLevel_ISR
                0x08004638      0x104 Libraries\STM32_USB_OTG_Driver\src\usb_dcd_int.o
 .text.DCD_WriteEmptyTxFifo
                0x0800473c       0xe4 Libraries\STM32_USB_OTG_Driver\src\usb_dcd_int.o
 .text.DCD_HandleUsbReset_ISR
                0x08004820      0x120 Libraries\STM32_USB_OTG_Driver\src\usb_dcd_int.o
 .text.DCD_HandleEnumDone_ISR
                0x08004940       0x78 Libraries\STM32_USB_OTG_Driver\src\usb_dcd_int.o
 .text.DCD_IsoINIncomplete_ISR
                0x080049b8       0x34 Libraries\STM32_USB_OTG_Driver\src\usb_dcd_int.o
 .text.DCD_IsoOUTIncomplete_ISR
                0x080049ec       0x34 Libraries\STM32_USB_OTG_Driver\src\usb_dcd_int.o
 .text.DCD_ReadDevInEP
                0x08004a20       0x50 Libraries\STM32_USB_OTG_Driver\src\usb_dcd_int.o
 .text.FAT16_GetStorageSize
                0x08004a70       0x12 src\fat16.o
                0x08004a70                FAT16_GetStorageSize
 *fill*         0x08004a82        0x2 
 .text.FAT16_Init
                0x08004a84      0x128 src\fat16.o
                0x08004a84                FAT16_Init
 .text.FAT16_CreateBlockFAT
                0x08004bac       0xfc src\fat16.o
                0x08004bac                FAT16_CreateBlockFAT
 .text.FAT16_CreateBlockDIR
                0x08004ca8       0x74 src\fat16.o
                0x08004ca8                FAT16_CreateBlockDIR
 .text.FAT16_CreateBlockDATA
                0x08004d1c       0x24 src\fat16.o
                0x08004d1c                FAT16_CreateBlockDATA
 .text.FAT16_CreateBlock
                0x08004d40       0xb0 src\fat16.o
                0x08004d40                FAT16_CreateBlock
 .text.main     0x08004df0       0x2c src\main.o
                0x08004df0                main
 .text.NMI_Handler
                0x08004e1c        0xe src\stm32f4xx_it.o
                0x08004e1c                NMI_Handler
 .text.HardFault_Handler
                0x08004e2a        0x6 src\stm32f4xx_it.o
                0x08004e2a                HardFault_Handler
 .text.MemManage_Handler
                0x08004e30        0x6 src\stm32f4xx_it.o
                0x08004e30                MemManage_Handler
 .text.BusFault_Handler
                0x08004e36        0x6 src\stm32f4xx_it.o
                0x08004e36                BusFault_Handler
 .text.UsageFault_Handler
                0x08004e3c        0x6 src\stm32f4xx_it.o
                0x08004e3c                UsageFault_Handler
 .text.SVC_Handler
                0x08004e42        0xe src\stm32f4xx_it.o
                0x08004e42                SVC_Handler
 .text.DebugMon_Handler
                0x08004e50        0xe src\stm32f4xx_it.o
                0x08004e50                DebugMon_Handler
 .text.PendSV_Handler
                0x08004e5e        0xe src\stm32f4xx_it.o
                0x08004e5e                PendSV_Handler
 .text.SystemInit
                0x08004e6c       0x5c src\system_stm32f4xx.o
                0x08004e6c                SystemInit
 .text.SetSysClock
                0x08004ec8      0x128 src\system_stm32f4xx.o
 .text.USB_OTG_BSP_Init
                0x08004ff0      0x130 src\usb_bsp.o
                0x08004ff0                USB_OTG_BSP_Init
 .text.USB_OTG_BSP_EnableInterrupt
                0x08005120       0x32 src\usb_bsp.o
                0x08005120                USB_OTG_BSP_EnableInterrupt
 *fill*         0x08005152        0x2 
 .text.USB_OTG_BSP_uDelay
                0x08005154       0x48 src\usb_bsp.o
                0x08005154                USB_OTG_BSP_uDelay
 .text.USB_OTG_BSP_mDelay
                0x0800519c       0x20 src\usb_bsp.o
                0x0800519c                USB_OTG_BSP_mDelay
 .text.OTG_FS_WKUP_IRQHandler
                0x080051bc       0x6c src\usb_bsp.o
                0x080051bc                OTG_FS_WKUP_IRQHandler
 .text.OTG_FS_IRQHandler
                0x08005228       0x14 src\usb_bsp.o
                0x08005228                OTG_FS_IRQHandler
 .text.EXTI0_IRQHandler
                0x0800523c        0xe src\usb_bsp.o
                0x0800523c                EXTI0_IRQHandler
 *fill*         0x0800524a        0x2 
 .text.USBD_USR_DeviceDescriptor
                0x0800524c       0x24 src\usbd_desc.o
                0x0800524c                USBD_USR_DeviceDescriptor
 .text.USBD_USR_LangIDStrDescriptor
                0x08005270       0x24 src\usbd_desc.o
                0x08005270                USBD_USR_LangIDStrDescriptor
 .text.USBD_USR_ProductStrDescriptor
                0x08005294       0x40 src\usbd_desc.o
                0x08005294                USBD_USR_ProductStrDescriptor
 .text.USBD_USR_ManufacturerStrDescriptor
                0x080052d4       0x28 src\usbd_desc.o
                0x080052d4                USBD_USR_ManufacturerStrDescriptor
 .text.USBD_USR_SerialStrDescriptor
                0x080052fc       0x40 src\usbd_desc.o
                0x080052fc                USBD_USR_SerialStrDescriptor
 .text.USBD_USR_ConfigStrDescriptor
                0x0800533c       0x3c src\usbd_desc.o
                0x0800533c                USBD_USR_ConfigStrDescriptor
 .text.USBD_USR_InterfaceStrDescriptor
                0x08005378       0x3c src\usbd_desc.o
                0x08005378                USBD_USR_InterfaceStrDescriptor
 .text.STORAGE_Init
                0x080053b4       0x18 src\usbd_storage_msd.o
                0x080053b4                STORAGE_Init
 .text.STORAGE_GetCapacity
                0x080053cc       0x2c src\usbd_storage_msd.o
                0x080053cc                STORAGE_GetCapacity
 .text.STORAGE_IsReady
                0x080053f8       0x18 src\usbd_storage_msd.o
                0x080053f8                STORAGE_IsReady
 .text.STORAGE_IsWriteProtected
                0x08005410       0x18 src\usbd_storage_msd.o
                0x08005410                STORAGE_IsWriteProtected
 .text.STORAGE_Read
                0x08005428       0x2a src\usbd_storage_msd.o
                0x08005428                STORAGE_Read
 .text.STORAGE_Write
                0x08005452       0x22 src\usbd_storage_msd.o
                0x08005452                STORAGE_Write
 .text.STORAGE_GetMaxLun
                0x08005474       0x10 src\usbd_storage_msd.o
                0x08005474                STORAGE_GetMaxLun
 .text.USBD_USR_Init
                0x08005484        0xe src\usbd_usr.o
                0x08005484                USBD_USR_Init
 .text.USBD_USR_DeviceReset
                0x08005492       0x16 src\usbd_usr.o
                0x08005492                USBD_USR_DeviceReset
 .text.USBD_USR_DeviceConfigured
                0x080054a8        0xe src\usbd_usr.o
                0x080054a8                USBD_USR_DeviceConfigured
 .text.USBD_USR_DeviceSuspended
                0x080054b6        0xe src\usbd_usr.o
                0x080054b6                USBD_USR_DeviceSuspended
 .text.USBD_USR_DeviceResumed
                0x080054c4        0xe src\usbd_usr.o
                0x080054c4                USBD_USR_DeviceResumed
 .text.USBD_USR_DeviceConnected
                0x080054d2        0xe src\usbd_usr.o
                0x080054d2                USBD_USR_DeviceConnected
 .text.USBD_USR_DeviceDisconnected
                0x080054e0        0xe src\usbd_usr.o
                0x080054e0                USBD_USR_DeviceDisconnected
 *fill*         0x080054ee        0x2 
 .text.Reset_Handler
                0x080054f0       0x58 startup\startup_stm32f4xx.o
                0x080054f0                Reset_Handler
 .text.Default_Handler
                0x08005548        0x2 startup\startup_stm32f4xx.o
                0x08005548                RTC_Alarm_IRQHandler
                0x08005548                HASH_RNG_IRQHandler
                0x08005548                EXTI2_IRQHandler
                0x08005548                TIM8_CC_IRQHandler
                0x08005548                TIM1_CC_IRQHandler
                0x08005548                DMA2_Stream5_IRQHandler
                0x08005548                DMA1_Stream5_IRQHandler
                0x08005548                SysTick_Handler
                0x08005548                PVD_IRQHandler
                0x08005548                SDIO_IRQHandler
                0x08005548                TAMP_STAMP_IRQHandler
                0x08005548                CAN2_RX1_IRQHandler
                0x08005548                EXTI3_IRQHandler
                0x08005548                TIM8_TRG_COM_TIM14_IRQHandler
                0x08005548                TIM1_UP_TIM10_IRQHandler
                0x08005548                TIM8_UP_TIM13_IRQHandler
                0x08005548                I2C3_ER_IRQHandler
                0x08005548                I2C2_EV_IRQHandler
                0x08005548                DMA1_Stream2_IRQHandler
                0x08005548                CAN1_RX0_IRQHandler
                0x08005548                FPU_IRQHandler
                0x08005548                OTG_HS_WKUP_IRQHandler
                0x08005548                CAN2_SCE_IRQHandler
                0x08005548                DMA2_Stream2_IRQHandler
                0x08005548                SPI1_IRQHandler
                0x08005548                TIM6_DAC_IRQHandler
                0x08005548                TIM1_BRK_TIM9_IRQHandler
                0x08005548                DCMI_IRQHandler
                0x08005548                CAN2_RX0_IRQHandler
                0x08005548                DMA2_Stream3_IRQHandler
                0x08005548                USART6_IRQHandler
                0x08005548                USART3_IRQHandler
                0x08005548                CRYP_IRQHandler
                0x08005548                CAN1_RX1_IRQHandler
                0x08005548                UART5_IRQHandler
                0x08005548                DMA2_Stream0_IRQHandler
                0x08005548                TIM4_IRQHandler
                0x08005548                I2C1_EV_IRQHandler
                0x08005548                DMA1_Stream6_IRQHandler
                0x08005548                DMA1_Stream1_IRQHandler
                0x08005548                UART4_IRQHandler
                0x08005548                TIM3_IRQHandler
                0x08005548                RCC_IRQHandler
                0x08005548                TIM8_BRK_TIM12_IRQHandler
                0x08005548                Default_Handler
                0x08005548                EXTI15_10_IRQHandler
                0x08005548                ADC_IRQHandler
                0x08005548                DMA1_Stream7_IRQHandler
                0x08005548                TIM7_IRQHandler
                0x08005548                CAN2_TX_IRQHandler
                0x08005548                TIM5_IRQHandler
                0x08005548                DMA2_Stream7_IRQHandler
                0x08005548                I2C3_EV_IRQHandler
                0x08005548                EXTI9_5_IRQHandler
                0x08005548                RTC_WKUP_IRQHandler
                0x08005548                ETH_WKUP_IRQHandler
                0x08005548                SPI2_IRQHandler
                0x08005548                OTG_HS_EP1_IN_IRQHandler
                0x08005548                DMA1_Stream0_IRQHandler
                0x08005548                CAN1_TX_IRQHandler
                0x08005548                EXTI4_IRQHandler
                0x08005548                FSMC_IRQHandler
                0x08005548                ETH_IRQHandler
                0x08005548                OTG_HS_EP1_OUT_IRQHandler
                0x08005548                WWDG_IRQHandler
                0x08005548                TIM2_IRQHandler
                0x08005548                TIM1_TRG_COM_TIM11_IRQHandler
                0x08005548                OTG_HS_IRQHandler
                0x08005548                EXTI1_IRQHandler
                0x08005548                USART2_IRQHandler
                0x08005548                I2C2_ER_IRQHandler
                0x08005548                DMA2_Stream1_IRQHandler
                0x08005548                CAN1_SCE_IRQHandler
                0x08005548                FLASH_IRQHandler
                0x08005548                DMA2_Stream4_IRQHandler
                0x08005548                USART1_IRQHandler
                0x08005548                SPI3_IRQHandler
                0x08005548                DMA1_Stream4_IRQHandler
                0x08005548                I2C1_ER_IRQHandler
                0x08005548                DMA2_Stream6_IRQHandler
                0x08005548                DMA1_Stream3_IRQHandler
 *fill*         0x0800554a        0x2 
 .text.__libc_init_array
                0x0800554c       0x48 c:/program files (x86)/atollic/truestudio for stm32 9.3.0/armtools/bin/../lib/gcc/arm-atollic-eabi/6.3.1/../../../../arm-atollic-eabi/lib/armv7e-m/fpu\libc_nano.a(lib_a-init.o)
                0x0800554c                __libc_init_array
 .text.memcpy   0x08005594       0x16 c:/program files (x86)/atollic/truestudio for stm32 9.3.0/armtools/bin/../lib/gcc/arm-atollic-eabi/6.3.1/../../../../arm-atollic-eabi/lib/armv7e-m/fpu\libc_nano.a(lib_a-memcpy-stub.o)
                0x08005594                memcpy
 .text.memset   0x080055aa       0x10 c:/program files (x86)/atollic/truestudio for stm32 9.3.0/armtools/bin/../lib/gcc/arm-atollic-eabi/6.3.1/../../../../arm-atollic-eabi/lib/armv7e-m/fpu\libc_nano.a(lib_a-memset.o)
                0x080055aa                memset
 *fill*         0x080055ba        0x2 
 .text._free_r  0x080055bc       0x9c c:/program files (x86)/atollic/truestudio for stm32 9.3.0/armtools/bin/../lib/gcc/arm-atollic-eabi/6.3.1/../../../../arm-atollic-eabi/lib/armv7e-m/fpu\libc_nano.a(lib_a-nano-freer.o)
                0x080055bc                _free_r
 .text._malloc_r
                0x08005658       0xbc c:/program files (x86)/atollic/truestudio for stm32 9.3.0/armtools/bin/../lib/gcc/arm-atollic-eabi/6.3.1/../../../../arm-atollic-eabi/lib/armv7e-m/fpu\libc_nano.a(lib_a-nano-mallocr.o)
                0x08005658                _malloc_r
 .text._printf_common
                0x08005714       0xec c:/program files (x86)/atollic/truestudio for stm32 9.3.0/armtools/bin/../lib/gcc/arm-atollic-eabi/6.3.1/../../../../arm-atollic-eabi/lib/armv7e-m/fpu\libc_nano.a(lib_a-nano-vfprintf_i.o)
                0x08005714                _printf_common
 .text._printf_i
                0x08005800      0x240 c:/program files (x86)/atollic/truestudio for stm32 9.3.0/armtools/bin/../lib/gcc/arm-atollic-eabi/6.3.1/../../../../arm-atollic-eabi/lib/armv7e-m/fpu\libc_nano.a(lib_a-nano-vfprintf_i.o)
                0x08005800                _printf_i
 .text._sbrk_r  0x08005a40       0x20 c:/program files (x86)/atollic/truestudio for stm32 9.3.0/armtools/bin/../lib/gcc/arm-atollic-eabi/6.3.1/../../../../arm-atollic-eabi/lib/armv7e-m/fpu\libc_nano.a(lib_a-sbrkr.o)
                0x08005a40                _sbrk_r
 .text.snprintf
                0x08005a60       0x68 c:/program files (x86)/atollic/truestudio for stm32 9.3.0/armtools/bin/../lib/gcc/arm-atollic-eabi/6.3.1/../../../../arm-atollic-eabi/lib/armv7e-m/fpu\libc_nano.a(lib_a-snprintf.o)
                0x08005a60                sniprintf
                0x08005a60                snprintf
 .text.memmove  0x08005ac8       0x34 c:/program files (x86)/atollic/truestudio for stm32 9.3.0/armtools/bin/../lib/gcc/arm-atollic-eabi/6.3.1/../../../../arm-atollic-eabi/lib/armv7e-m/fpu\libc_nano.a(lib_a-memmove.o)
                0x08005ac8                memmove
 .text.__malloc_lock
                0x08005afc        0x2 c:/program files (x86)/atollic/truestudio for stm32 9.3.0/armtools/bin/../lib/gcc/arm-atollic-eabi/6.3.1/../../../../arm-atollic-eabi/lib/armv7e-m/fpu\libc_nano.a(lib_a-mlock.o)
                0x08005afc                __malloc_lock
 .text.__malloc_unlock
                0x08005afe        0x2 c:/program files (x86)/atollic/truestudio for stm32 9.3.0/armtools/bin/../lib/gcc/arm-atollic-eabi/6.3.1/../../../../arm-atollic-eabi/lib/armv7e-m/fpu\libc_nano.a(lib_a-mlock.o)
                0x08005afe                __malloc_unlock
 .text._realloc_r
                0x08005b00       0x4c c:/program files (x86)/atollic/truestudio for stm32 9.3.0/armtools/bin/../lib/gcc/arm-atollic-eabi/6.3.1/../../../../arm-atollic-eabi/lib/armv7e-m/fpu\libc_nano.a(lib_a-nano-reallocr.o)
                0x08005b00                _realloc_r
 .text.__ssputs_r
                0x08005b4c       0xb6 c:/program files (x86)/atollic/truestudio for stm32 9.3.0/armtools/bin/../lib/gcc/arm-atollic-eabi/6.3.1/../../../../arm-atollic-eabi/lib/armv7e-m/fpu\libc_nano.a(lib_a-nano-svfprintf.o)
                0x08005b4c                __ssputs_r
 *fill*         0x08005c02        0x2 
 .text._svfprintf_r
                0x08005c04      0x1e8 c:/program files (x86)/atollic/truestudio for stm32 9.3.0/armtools/bin/../lib/gcc/arm-atollic-eabi/6.3.1/../../../../arm-atollic-eabi/lib/armv7e-m/fpu\libc_nano.a(lib_a-nano-svfprintf.o)
                0x08005c04                _svfiprintf_r
                0x08005c04                _svfprintf_r
 .text._malloc_usable_size_r
                0x08005dec       0x12 c:/program files (x86)/atollic/truestudio for stm32 9.3.0/armtools/bin/../lib/gcc/arm-atollic-eabi/6.3.1/../../../../arm-atollic-eabi/lib/armv7e-m/fpu\libc_nano.a(lib_a-nano-msizer.o)
                0x08005dec                _malloc_usable_size_r
 *fill*         0x08005dfe        0x2 
 .text._sbrk    0x08005e00       0x1c c:/program files (x86)/atollic/truestudio for stm32 9.3.0/armtools/bin/../lib/gcc/arm-atollic-eabi/6.3.1/../../../../arm-atollic-eabi/lib/armv7e-m/fpu\libnosys.a(sbrk.o)
                0x08005e00                _sbrk
 *(.rodata)
 .rodata        0x08005e1c       0x28 src\fat16.o
 .rodata        0x08005e44       0x7e src\usbd_desc.o
 *(.rodata*)
 *fill*         0x08005ec2        0x2 
 .rodata.MSC_Page00_Inquiry_Data
                0x08005ec4        0x7 Libraries\STM32_USB_Device_Library\Class\msc\src\usbd_msc_data.o
                0x08005ec4                MSC_Page00_Inquiry_Data
 *fill*         0x08005ecb        0x1 
 .rodata.MSC_Mode_Sense6_data
                0x08005ecc        0x8 Libraries\STM32_USB_Device_Library\Class\msc\src\usbd_msc_data.o
                0x08005ecc                MSC_Mode_Sense6_data
 .rodata.MSC_Mode_Sense10_data
                0x08005ed4        0x8 Libraries\STM32_USB_Device_Library\Class\msc\src\usbd_msc_data.o
                0x08005ed4                MSC_Mode_Sense10_data
 .rodata.g_BootRecordFAT16struct
                0x08005edc      0x200 src\fat16.o
 .rodata.g_FATSect0
                0x080060dc        0x4 src\fat16.o
 .rodata.g_arrFatFilesTempl
                0x080060e0       0x60 src\fat16.o
 .rodata.STORAGE_Inquirydata
                0x08006140       0x24 src\usbd_storage_msd.o
                0x08006140                STORAGE_Inquirydata
 .rodata._printf_i.str1.1
                0x08006164       0x22 c:/program files (x86)/atollic/truestudio for stm32 9.3.0/armtools/bin/../lib/gcc/arm-atollic-eabi/6.3.1/../../../../arm-atollic-eabi/lib/armv7e-m/fpu\libc_nano.a(lib_a-nano-vfprintf_i.o)
 *fill*         0x08006186        0x2 
 .rodata.__sf_fake_stderr
                0x08006188       0x20 c:/program files (x86)/atollic/truestudio for stm32 9.3.0/armtools/bin/../lib/gcc/arm-atollic-eabi/6.3.1/../../../../arm-atollic-eabi/lib/armv7e-m/fpu\libc_nano.a(lib_a-findfp.o)
                0x08006188                __sf_fake_stderr
 .rodata.__sf_fake_stdin
                0x080061a8       0x20 c:/program files (x86)/atollic/truestudio for stm32 9.3.0/armtools/bin/../lib/gcc/arm-atollic-eabi/6.3.1/../../../../arm-atollic-eabi/lib/armv7e-m/fpu\libc_nano.a(lib_a-findfp.o)
                0x080061a8                __sf_fake_stdin
 .rodata.__sf_fake_stdout
                0x080061c8       0x20 c:/program files (x86)/atollic/truestudio for stm32 9.3.0/armtools/bin/../lib/gcc/arm-atollic-eabi/6.3.1/../../../../arm-atollic-eabi/lib/armv7e-m/fpu\libc_nano.a(lib_a-findfp.o)
                0x080061c8                __sf_fake_stdout
 .rodata._svfprintf_r.str1.1
                0x080061e8       0x11 c:/program files (x86)/atollic/truestudio for stm32 9.3.0/armtools/bin/../lib/gcc/arm-atollic-eabi/6.3.1/../../../../arm-atollic-eabi/lib/armv7e-m/fpu\libc_nano.a(lib_a-nano-svfprintf.o)
 *(.glue_7)
 .glue_7        0x080061f9        0x0 linker stubs
 *(.glue_7t)
 .glue_7t       0x080061f9        0x0 linker stubs
 *(.eh_frame)
 *fill*         0x080061f9        0x3 
 .eh_frame      0x080061fc        0x0 c:/program files (x86)/atollic/truestudio for stm32 9.3.0/armtools/bin/../lib/gcc/arm-atollic-eabi/6.3.1/armv7e-m/fpu/crtbegin.o
 *(.init)
 .init          0x080061fc        0x4 c:/program files (x86)/atollic/truestudio for stm32 9.3.0/armtools/bin/../lib/gcc/arm-atollic-eabi/6.3.1/armv7e-m/fpu/crti.o
                0x080061fc                _init
 .init          0x08006200        0x8 c:/program files (x86)/atollic/truestudio for stm32 9.3.0/armtools/bin/../lib/gcc/arm-atollic-eabi/6.3.1/armv7e-m/fpu/crtn.o
 *(.fini)
 .fini          0x08006208        0x4 c:/program files (x86)/atollic/truestudio for stm32 9.3.0/armtools/bin/../lib/gcc/arm-atollic-eabi/6.3.1/armv7e-m/fpu/crti.o
                0x08006208                _fini
 .fini          0x0800620c        0x8 c:/program files (x86)/atollic/truestudio for stm32 9.3.0/armtools/bin/../lib/gcc/arm-atollic-eabi/6.3.1/armv7e-m/fpu/crtn.o
                0x08006214                . = ALIGN (0x4)
                0x08006214                _etext = .

.vfp11_veneer   0x08006214        0x0
 .vfp11_veneer  0x08006214        0x0 linker stubs

.v4_bx          0x08006214        0x0
 .v4_bx         0x08006214        0x0 linker stubs

.iplt           0x08006214        0x0
 .iplt          0x08006214        0x0 c:/program files (x86)/atollic/truestudio for stm32 9.3.0/armtools/bin/../lib/gcc/arm-atollic-eabi/6.3.1/armv7e-m/fpu/crtbegin.o

.rel.dyn        0x08006214        0x0
 .rel.iplt      0x08006214        0x0 c:/program files (x86)/atollic/truestudio for stm32 9.3.0/armtools/bin/../lib/gcc/arm-atollic-eabi/6.3.1/armv7e-m/fpu/crtbegin.o

.ARM.extab
 *(.ARM.extab* .gnu.linkonce.armextab.*)

.ARM            0x08006214        0x0
                0x08006214                __exidx_start = .
 *(.ARM.exidx*)
                0x08006214                __exidx_end = .

.preinit_array  0x08006214        0x0
                0x08006214                PROVIDE (__preinit_array_start, .)
 *(.preinit_array*)
                0x08006214                PROVIDE (__preinit_array_end, .)

.init_array     0x08006214        0x4
                0x08006214                PROVIDE (__init_array_start, .)
 *(SORT(.init_array.*))
 *(.init_array*)
 .init_array    0x08006214        0x4 c:/program files (x86)/atollic/truestudio for stm32 9.3.0/armtools/bin/../lib/gcc/arm-atollic-eabi/6.3.1/armv7e-m/fpu/crtbegin.o
                0x08006218                PROVIDE (__init_array_end, .)

.fini_array     0x08006218        0x4
                [!provide]                PROVIDE (__fini_array_start, .)
 *(.fini_array*)
 .fini_array    0x08006218        0x4 c:/program files (x86)/atollic/truestudio for stm32 9.3.0/armtools/bin/../lib/gcc/arm-atollic-eabi/6.3.1/armv7e-m/fpu/crtbegin.o
 *(SORT(.fini_array.*))
                [!provide]                PROVIDE (__fini_array_end, .)
                0x0800621c                _sidata = .

.data           0x20000000      0x154 load address 0x0800621c
                0x20000000                . = ALIGN (0x4)
                0x20000000                _sdata = .
 *(.data)
 *(.data*)
 .data.USBD_MSC_CfgDesc
                0x20000000       0x20 Libraries\STM32_USB_Device_Library\Class\msc\src\usbd_msc_core.o
                0x20000000                USBD_MSC_CfgDesc
 .data.USBD_MSC_cb
                0x20000020       0x2c Libraries\STM32_USB_Device_Library\Class\msc\src\usbd_msc_core.o
                0x20000020                USBD_MSC_cb
 .data.USBD_DCD_INT_cb
                0x2000004c       0x2c Libraries\STM32_USB_Device_Library\Core\src\usbd_core.o
                0x2000004c                USBD_DCD_INT_cb
 .data.USBD_DCD_INT_fops
                0x20000078        0x4 Libraries\STM32_USB_Device_Library\Core\src\usbd_core.o
                0x20000078                USBD_DCD_INT_fops
 .data.USR_desc
                0x2000007c       0x1c src\usbd_desc.o
                0x2000007c                USR_desc
 .data.USBD_DeviceDesc
                0x20000098       0x12 src\usbd_desc.o
                0x20000098                USBD_DeviceDesc
 *fill*         0x200000aa        0x2 
 .data.USBD_LangIDDesc
                0x200000ac        0x4 src\usbd_desc.o
                0x200000ac                USBD_LangIDDesc
 .data.USBD_MICRO_SDIO_fops
                0x200000b0       0x20 src\usbd_storage_msd.o
                0x200000b0                USBD_MICRO_SDIO_fops
 .data.USBD_STORAGE_fops
                0x200000d0        0x4 src\usbd_storage_msd.o
                0x200000d0                USBD_STORAGE_fops
 .data.USR_cb   0x200000d4       0x1c src\usbd_usr.o
                0x200000d4                USR_cb
 .data._impure_ptr
                0x200000f0        0x4 c:/program files (x86)/atollic/truestudio for stm32 9.3.0/armtools/bin/../lib/gcc/arm-atollic-eabi/6.3.1/../../../../arm-atollic-eabi/lib/armv7e-m/fpu\libc_nano.a(lib_a-impure.o)
                0x200000f0                _impure_ptr
 .data.impure_data
                0x200000f4       0x60 c:/program files (x86)/atollic/truestudio for stm32 9.3.0/armtools/bin/../lib/gcc/arm-atollic-eabi/6.3.1/../../../../arm-atollic-eabi/lib/armv7e-m/fpu\libc_nano.a(lib_a-impure.o)
                0x20000154                . = ALIGN (0x4)
                0x20000154                _edata = .

.igot.plt       0x20000154        0x0 load address 0x08006370
 .igot.plt      0x20000154        0x0 c:/program files (x86)/atollic/truestudio for stm32 9.3.0/armtools/bin/../lib/gcc/arm-atollic-eabi/6.3.1/armv7e-m/fpu/crtbegin.o
                0x20000154                . = ALIGN (0x4)

.bss            0x20000154     0x1ad8 load address 0x08006370
                0x20000154                _sbss = .
                0x20000154                __bss_start__ = _sbss
 *(.bss)
 .bss           0x20000154       0x1c c:/program files (x86)/atollic/truestudio for stm32 9.3.0/armtools/bin/../lib/gcc/arm-atollic-eabi/6.3.1/armv7e-m/fpu/crtbegin.o
 *(.bss*)
 .bss.USBD_MSC_MaxLun
                0x20000170        0x1 Libraries\STM32_USB_Device_Library\Class\msc\src\usbd_msc_core.o
 .bss.USBD_MSC_AltSet
                0x20000171        0x1 Libraries\STM32_USB_Device_Library\Class\msc\src\usbd_msc_core.o
 *fill*         0x20000172        0x2 
 .bss.USBD_ep_status
                0x20000174        0x4 Libraries\STM32_USB_Device_Library\Core\src\usbd_req.o
                0x20000174                USBD_ep_status
 .bss.USBD_default_cfg
                0x20000178        0x4 Libraries\STM32_USB_Device_Library\Core\src\usbd_req.o
                0x20000178                USBD_default_cfg
 .bss.USBD_cfg_status
                0x2000017c        0x4 Libraries\STM32_USB_Device_Library\Core\src\usbd_req.o
                0x2000017c                USBD_cfg_status
 .bss.cfgidx.10635
                0x20000180        0x1 Libraries\STM32_USB_Device_Library\Core\src\usbd_req.o
 *fill*         0x20000181        0x1 
 .bss.g_nFilesCount
                0x20000182        0x2 src\fat16.o
 .bss.g_arrData
                0x20000184      0x3e8 src\fat16.o
 .bss.nLastFile.9732
                0x2000056c        0x2 src\fat16.o
 *fill*         0x2000056e        0x2 
 .bss.__malloc_free_list
                0x20000570        0x4 c:/program files (x86)/atollic/truestudio for stm32 9.3.0/armtools/bin/../lib/gcc/arm-atollic-eabi/6.3.1/../../../../arm-atollic-eabi/lib/armv7e-m/fpu\libc_nano.a(lib_a-nano-mallocr.o)
                0x20000570                __malloc_free_list
 .bss.__malloc_sbrk_start
                0x20000574        0x4 c:/program files (x86)/atollic/truestudio for stm32 9.3.0/armtools/bin/../lib/gcc/arm-atollic-eabi/6.3.1/../../../../arm-atollic-eabi/lib/armv7e-m/fpu\libc_nano.a(lib_a-nano-mallocr.o)
                0x20000574                __malloc_sbrk_start
 .bss.heap_end.5239
                0x20000578        0x4 c:/program files (x86)/atollic/truestudio for stm32 9.3.0/armtools/bin/../lib/gcc/arm-atollic-eabi/6.3.1/../../../../arm-atollic-eabi/lib/armv7e-m/fpu\libnosys.a(sbrk.o)
 *(COMMON)
 COMMON         0x2000057c     0x1038 Libraries\STM32_USB_Device_Library\Class\msc\src\usbd_msc_bot.o
                0x2000057c                MSC_BOT_Data
                0x2000157c                MSC_BOT_Status
                0x20001580                MSC_BOT_cbw
                0x200015a0                MSC_BOT_csw
                0x200015b0                MSC_BOT_State
                0x200015b2                MSC_BOT_DataLen
 COMMON         0x200015b4       0x39 Libraries\STM32_USB_Device_Library\Class\msc\src\usbd_msc_scsi.o
                0x200015b4                SCSI_blk_nbr
                0x200015b8                SCSI_blk_size
                0x200015bc                SCSI_Sense_Head
                0x200015c0                SCSI_blk_len
                0x200015c4                SCSI_Sense
                0x200015e4                SCSI_blk_addr
                0x200015e8                cdev
                0x200015ec                SCSI_Sense_Tail
 *fill*         0x200015ed        0x3 
 COMMON         0x200015f0        0x4 Libraries\STM32_USB_Device_Library\Core\src\usbd_core.o
                0x200015f0                SET_TEST_MODE
 COMMON         0x200015f4       0x40 Libraries\STM32_USB_Device_Library\Core\src\usbd_req.o
                0x200015f4                USBD_StrDesc
 COMMON         0x20001634      0x5f4 src\main.o
                0x20001634                USB_OTG_dev
 COMMON         0x20001c28        0x4 c:/program files (x86)/atollic/truestudio for stm32 9.3.0/armtools/bin/../lib/gcc/arm-atollic-eabi/6.3.1/../../../../arm-atollic-eabi/lib/armv7e-m/fpu\libc_nano.a(lib_a-reent.o)
                0x20001c28                errno
                0x20001c2c                . = ALIGN (0x4)
                0x20001c2c                _ebss = .
                0x20001c2c                __bss_end__ = _ebss

._user_heap_stack
                0x20001c2c      0x400 load address 0x08006370
                0x20001c2c                . = ALIGN (0x4)
                0x20001c2c                PROVIDE (end, .)
                [!provide]                PROVIDE (_end, .)
                0x20001c2c                . = (. + _Min_Heap_Size)
                0x2000202c                . = (. + _Min_Stack_Size)
 *fill*         0x20001c2c      0x400 
                0x2000202c                . = ALIGN (0x4)

.ccmram         0x10000000     0x1000
                0x10000000                . = ALIGN (0x4)
                0x10000000                _sccmram = .
 *(.ccmram)
 .ccmram        0x10000000     0x1000 src\fat16.o
 *(.ccmram*)
                0x10001000                . = ALIGN (0x4)
                0x10001000                _eccmram = .

.memory_b1_text
 *(.mb1text)
 *(.mb1text*)
 *(.mb1rodata)
 *(.mb1rodata*)

/DISCARD/
 libc.a(*)
 libm.a(*)
 libgcc.a(*)

.ARM.attributes
                0x00000000       0x30
 *(.ARM.attributes)
 .ARM.attributes
                0x00000000       0x22 c:/program files (x86)/atollic/truestudio for stm32 9.3.0/armtools/bin/../lib/gcc/arm-atollic-eabi/6.3.1/armv7e-m/fpu/crti.o
 .ARM.attributes
                0x00000022       0x34 c:/program files (x86)/atollic/truestudio for stm32 9.3.0/armtools/bin/../lib/gcc/arm-atollic-eabi/6.3.1/armv7e-m/fpu/crtbegin.o
 .ARM.attributes
                0x00000056       0x39 Libraries\STM32F4xx_StdPeriph_Driver\src\misc.o
 .ARM.attributes
                0x0000008f       0x39 Libraries\STM32F4xx_StdPeriph_Driver\src\stm32f4xx_exti.o
 .ARM.attributes
                0x000000c8       0x39 Libraries\STM32F4xx_StdPeriph_Driver\src\stm32f4xx_gpio.o
 .ARM.attributes
                0x00000101       0x39 Libraries\STM32F4xx_StdPeriph_Driver\src\stm32f4xx_rcc.o
 .ARM.attributes
                0x0000013a       0x39 Libraries\STM32F4xx_StdPeriph_Driver\src\stm32f4xx_syscfg.o
 .ARM.attributes
                0x00000173       0x39 Libraries\STM32_USB_Device_Library\Class\msc\src\usbd_msc_bot.o
 .ARM.attributes
                0x000001ac       0x39 Libraries\STM32_USB_Device_Library\Class\msc\src\usbd_msc_core.o
 .ARM.attributes
                0x000001e5       0x39 Libraries\STM32_USB_Device_Library\Class\msc\src\usbd_msc_data.o
 .ARM.attributes
                0x0000021e       0x39 Libraries\STM32_USB_Device_Library\Class\msc\src\usbd_msc_scsi.o
 .ARM.attributes
                0x00000257       0x39 Libraries\STM32_USB_Device_Library\Core\src\usbd_core.o
 .ARM.attributes
                0x00000290       0x39 Libraries\STM32_USB_Device_Library\Core\src\usbd_ioreq.o
 .ARM.attributes
                0x000002c9       0x39 Libraries\STM32_USB_Device_Library\Core\src\usbd_req.o
 .ARM.attributes
                0x00000302       0x39 Libraries\STM32_USB_OTG_Driver\src\usb_core.o
 .ARM.attributes
                0x0000033b       0x39 Libraries\STM32_USB_OTG_Driver\src\usb_dcd.o
 .ARM.attributes
                0x00000374       0x39 Libraries\STM32_USB_OTG_Driver\src\usb_dcd_int.o
 .ARM.attributes
                0x000003ad       0x39 src\fat16.o
 .ARM.attributes
                0x000003e6       0x39 src\main.o
 .ARM.attributes
                0x0000041f       0x39 src\stm32f4xx_it.o
 .ARM.attributes
                0x00000458       0x39 src\system_stm32f4xx.o
 .ARM.attributes
                0x00000491       0x39 src\usb_bsp.o
 .ARM.attributes
                0x000004ca       0x39 src\usbd_desc.o
 .ARM.attributes
                0x00000503       0x39 src\usbd_storage_msd.o
 .ARM.attributes
                0x0000053c       0x39 src\usbd_usr.o
 .ARM.attributes
                0x00000575       0x21 startup\startup_stm32f4xx.o
 .ARM.attributes
                0x00000596       0x34 c:/program files (x86)/atollic/truestudio for stm32 9.3.0/armtools/bin/../lib/gcc/arm-atollic-eabi/6.3.1/../../../../arm-atollic-eabi/lib/armv7e-m/fpu\libc_nano.a(lib_a-impure.o)
 .ARM.attributes
                0x000005ca       0x34 c:/program files (x86)/atollic/truestudio for stm32 9.3.0/armtools/bin/../lib/gcc/arm-atollic-eabi/6.3.1/../../../../arm-atollic-eabi/lib/armv7e-m/fpu\libc_nano.a(lib_a-init.o)
 .ARM.attributes
                0x000005fe       0x34 c:/program files (x86)/atollic/truestudio for stm32 9.3.0/armtools/bin/../lib/gcc/arm-atollic-eabi/6.3.1/../../../../arm-atollic-eabi/lib/armv7e-m/fpu\libc_nano.a(lib_a-memcpy-stub.o)
 .ARM.attributes
                0x00000632       0x34 c:/program files (x86)/atollic/truestudio for stm32 9.3.0/armtools/bin/../lib/gcc/arm-atollic-eabi/6.3.1/../../../../arm-atollic-eabi/lib/armv7e-m/fpu\libc_nano.a(lib_a-memset.o)
 .ARM.attributes
                0x00000666       0x34 c:/program files (x86)/atollic/truestudio for stm32 9.3.0/armtools/bin/../lib/gcc/arm-atollic-eabi/6.3.1/../../../../arm-atollic-eabi/lib/armv7e-m/fpu\libc_nano.a(lib_a-nano-freer.o)
 .ARM.attributes
                0x0000069a       0x34 c:/program files (x86)/atollic/truestudio for stm32 9.3.0/armtools/bin/../lib/gcc/arm-atollic-eabi/6.3.1/../../../../arm-atollic-eabi/lib/armv7e-m/fpu\libc_nano.a(lib_a-nano-mallocr.o)
 .ARM.attributes
                0x000006ce       0x34 c:/program files (x86)/atollic/truestudio for stm32 9.3.0/armtools/bin/../lib/gcc/arm-atollic-eabi/6.3.1/../../../../arm-atollic-eabi/lib/armv7e-m/fpu\libc_nano.a(lib_a-nano-vfprintf_i.o)
 .ARM.attributes
                0x00000702       0x34 c:/program files (x86)/atollic/truestudio for stm32 9.3.0/armtools/bin/../lib/gcc/arm-atollic-eabi/6.3.1/../../../../arm-atollic-eabi/lib/armv7e-m/fpu\libc_nano.a(lib_a-sbrkr.o)
 .ARM.attributes
                0x00000736       0x34 c:/program files (x86)/atollic/truestudio for stm32 9.3.0/armtools/bin/../lib/gcc/arm-atollic-eabi/6.3.1/../../../../arm-atollic-eabi/lib/armv7e-m/fpu\libc_nano.a(lib_a-snprintf.o)
 .ARM.attributes
                0x0000076a       0x34 c:/program files (x86)/atollic/truestudio for stm32 9.3.0/armtools/bin/../lib/gcc/arm-atollic-eabi/6.3.1/../../../../arm-atollic-eabi/lib/armv7e-m/fpu\libc_nano.a(lib_a-findfp.o)
 .ARM.attributes
                0x0000079e       0x20 c:/program files (x86)/atollic/truestudio for stm32 9.3.0/armtools/bin/../lib/gcc/arm-atollic-eabi/6.3.1/../../../../arm-atollic-eabi/lib/armv7e-m/fpu\libc_nano.a(lib_a-memchr.o)
 .ARM.attributes
                0x000007be       0x34 c:/program files (x86)/atollic/truestudio for stm32 9.3.0/armtools/bin/../lib/gcc/arm-atollic-eabi/6.3.1/../../../../arm-atollic-eabi/lib/armv7e-m/fpu\libc_nano.a(lib_a-memmove.o)
 .ARM.attributes
                0x000007f2       0x34 c:/program files (x86)/atollic/truestudio for stm32 9.3.0/armtools/bin/../lib/gcc/arm-atollic-eabi/6.3.1/../../../../arm-atollic-eabi/lib/armv7e-m/fpu\libc_nano.a(lib_a-mlock.o)
 .ARM.attributes
                0x00000826       0x34 c:/program files (x86)/atollic/truestudio for stm32 9.3.0/armtools/bin/../lib/gcc/arm-atollic-eabi/6.3.1/../../../../arm-atollic-eabi/lib/armv7e-m/fpu\libc_nano.a(lib_a-nano-reallocr.o)
 .ARM.attributes
                0x0000085a       0x34 c:/program files (x86)/atollic/truestudio for stm32 9.3.0/armtools/bin/../lib/gcc/arm-atollic-eabi/6.3.1/../../../../arm-atollic-eabi/lib/armv7e-m/fpu\libc_nano.a(lib_a-nano-svfprintf.o)
 .ARM.attributes
                0x0000088e       0x34 c:/program files (x86)/atollic/truestudio for stm32 9.3.0/armtools/bin/../lib/gcc/arm-atollic-eabi/6.3.1/../../../../arm-atollic-eabi/lib/armv7e-m/fpu\libc_nano.a(lib_a-reent.o)
 .ARM.attributes
                0x000008c2       0x34 c:/program files (x86)/atollic/truestudio for stm32 9.3.0/armtools/bin/../lib/gcc/arm-atollic-eabi/6.3.1/../../../../arm-atollic-eabi/lib/armv7e-m/fpu\libc_nano.a(lib_a-nano-msizer.o)
 .ARM.attributes
                0x000008f6       0x34 c:/program files (x86)/atollic/truestudio for stm32 9.3.0/armtools/bin/../lib/gcc/arm-atollic-eabi/6.3.1/../../../../arm-atollic-eabi/lib/armv7e-m/fpu\libnosys.a(sbrk.o)
 .ARM.attributes
                0x0000092a       0x22 c:/program files (x86)/atollic/truestudio for stm32 9.3.0/armtools/bin/../lib/gcc/arm-atollic-eabi/6.3.1/armv7e-m/fpu/crtn.o
OUTPUT(USB-MSC-F4.elf elf32-littlearm)

.debug_info     0x00000000    0x19406
 .debug_info    0x00000000      0x54d Libraries\STM32F4xx_StdPeriph_Driver\src\misc.o
 .debug_info    0x0000054d      0x366 Libraries\STM32F4xx_StdPeriph_Driver\src\stm32f4xx_exti.o
 .debug_info    0x000008b3      0x625 Libraries\STM32F4xx_StdPeriph_Driver\src\stm32f4xx_gpio.o
 .debug_info    0x00000ed8      0xc72 Libraries\STM32F4xx_StdPeriph_Driver\src\stm32f4xx_rcc.o
 .debug_info    0x00001b4a      0x283 Libraries\STM32F4xx_StdPeriph_Driver\src\stm32f4xx_syscfg.o
 .debug_info    0x00001dcd     0x182f Libraries\STM32_USB_Device_Library\Class\msc\src\usbd_msc_bot.o
 .debug_info    0x000035fc     0x16db Libraries\STM32_USB_Device_Library\Class\msc\src\usbd_msc_core.o
 .debug_info    0x00004cd7      0x93f Libraries\STM32_USB_Device_Library\Class\msc\src\usbd_msc_data.o
 .debug_info    0x00005616     0x1ae5 Libraries\STM32_USB_Device_Library\Class\msc\src\usbd_msc_scsi.o
 .debug_info    0x000070fb     0x1871 Libraries\STM32_USB_Device_Library\Core\src\usbd_core.o
 .debug_info    0x0000896c     0x1507 Libraries\STM32_USB_Device_Library\Core\src\usbd_ioreq.o
 .debug_info    0x00009e73     0x1889 Libraries\STM32_USB_Device_Library\Core\src\usbd_req.o
 .debug_info    0x0000b6fc     0x2cbb Libraries\STM32_USB_OTG_Driver\src\usb_core.o
 .debug_info    0x0000e3b7     0x186f Libraries\STM32_USB_OTG_Driver\src\usb_dcd.o
 .debug_info    0x0000fc26     0x273d Libraries\STM32_USB_OTG_Driver\src\usb_dcd_int.o
 .debug_info    0x00012363      0xe2a src\fat16.o
 .debug_info    0x0001318d     0x13ee src\main.o
 .debug_info    0x0001457b      0xaf8 src\stm32f4xx_it.o
 .debug_info    0x00015073      0x5d0 src\system_stm32f4xx.o
 .debug_info    0x00015643     0x1b8f src\usb_bsp.o
 .debug_info    0x000171d2      0xbd4 src\usbd_desc.o
 .debug_info    0x00017da6      0xbce src\usbd_storage_msd.o
 .debug_info    0x00018974      0xa1f src\usbd_usr.o
 .debug_info    0x00019393       0x73 startup\startup_stm32f4xx.o

.debug_abbrev   0x00000000     0x3122
 .debug_abbrev  0x00000000      0x172 Libraries\STM32F4xx_StdPeriph_Driver\src\misc.o
 .debug_abbrev  0x00000172      0x1bc Libraries\STM32F4xx_StdPeriph_Driver\src\stm32f4xx_exti.o
 .debug_abbrev  0x0000032e      0x1b8 Libraries\STM32F4xx_StdPeriph_Driver\src\stm32f4xx_gpio.o
 .debug_abbrev  0x000004e6      0x1f8 Libraries\STM32F4xx_StdPeriph_Driver\src\stm32f4xx_rcc.o
 .debug_abbrev  0x000006de      0x146 Libraries\STM32F4xx_StdPeriph_Driver\src\stm32f4xx_syscfg.o
 .debug_abbrev  0x00000824      0x289 Libraries\STM32_USB_Device_Library\Class\msc\src\usbd_msc_bot.o
 .debug_abbrev  0x00000aad      0x250 Libraries\STM32_USB_Device_Library\Class\msc\src\usbd_msc_core.o
 .debug_abbrev  0x00000cfd      0x16e Libraries\STM32_USB_Device_Library\Class\msc\src\usbd_msc_data.o
 .debug_abbrev  0x00000e6b      0x2da Libraries\STM32_USB_Device_Library\Class\msc\src\usbd_msc_scsi.o
 .debug_abbrev  0x00001145      0x2db Libraries\STM32_USB_Device_Library\Core\src\usbd_core.o
 .debug_abbrev  0x00001420      0x224 Libraries\STM32_USB_Device_Library\Core\src\usbd_ioreq.o
 .debug_abbrev  0x00001644      0x315 Libraries\STM32_USB_Device_Library\Core\src\usbd_req.o
 .debug_abbrev  0x00001959      0x342 Libraries\STM32_USB_OTG_Driver\src\usb_core.o
 .debug_abbrev  0x00001c9b      0x2b2 Libraries\STM32_USB_OTG_Driver\src\usb_dcd.o
 .debug_abbrev  0x00001f4d      0x29c Libraries\STM32_USB_OTG_Driver\src\usb_dcd_int.o
 .debug_abbrev  0x000021e9      0x239 src\fat16.o
 .debug_abbrev  0x00002422      0x1d0 src\main.o
 .debug_abbrev  0x000025f2      0x178 src\stm32f4xx_it.o
 .debug_abbrev  0x0000276a      0x158 src\system_stm32f4xx.o
 .debug_abbrev  0x000028c2      0x296 src\usb_bsp.o
 .debug_abbrev  0x00002b58      0x1f9 src\usbd_desc.o
 .debug_abbrev  0x00002d51      0x211 src\usbd_storage_msd.o
 .debug_abbrev  0x00002f62      0x1ae src\usbd_usr.o
 .debug_abbrev  0x00003110       0x12 startup\startup_stm32f4xx.o

.debug_aranges  0x00000000      0xa50
 .debug_aranges
                0x00000000       0x40 Libraries\STM32F4xx_StdPeriph_Driver\src\misc.o
 .debug_aranges
                0x00000040       0x58 Libraries\STM32F4xx_StdPeriph_Driver\src\stm32f4xx_exti.o
 .debug_aranges
                0x00000098       0x88 Libraries\STM32F4xx_StdPeriph_Driver\src\stm32f4xx_gpio.o
 .debug_aranges
                0x00000120      0x178 Libraries\STM32F4xx_StdPeriph_Driver\src\stm32f4xx_rcc.o
 .debug_aranges
                0x00000298       0x48 Libraries\STM32F4xx_StdPeriph_Driver\src\stm32f4xx_syscfg.o
 .debug_aranges
                0x000002e0       0x68 Libraries\STM32_USB_Device_Library\Class\msc\src\usbd_msc_bot.o
 .debug_aranges
                0x00000348       0x48 Libraries\STM32_USB_Device_Library\Class\msc\src\usbd_msc_core.o
 .debug_aranges
                0x00000390       0x18 Libraries\STM32_USB_Device_Library\Class\msc\src\usbd_msc_data.o
 .debug_aranges
                0x000003a8       0x98 Libraries\STM32_USB_Device_Library\Class\msc\src\usbd_msc_scsi.o
 .debug_aranges
                0x00000440       0x98 Libraries\STM32_USB_Device_Library\Core\src\usbd_core.o
 .debug_aranges
                0x000004d8       0x50 Libraries\STM32_USB_Device_Library\Core\src\usbd_ioreq.o
 .debug_aranges
                0x00000528       0x88 Libraries\STM32_USB_Device_Library\Core\src\usbd_req.o
 .debug_aranges
                0x000005b0      0x138 Libraries\STM32_USB_OTG_Driver\src\usb_core.o
 .debug_aranges
                0x000006e8       0x80 Libraries\STM32_USB_OTG_Driver\src\usb_dcd.o
 .debug_aranges
                0x00000768       0x90 Libraries\STM32_USB_OTG_Driver\src\usb_dcd_int.o
 .debug_aranges
                0x000007f8       0x48 src\fat16.o
 .debug_aranges
                0x00000840       0x20 src\main.o
 .debug_aranges
                0x00000860       0x58 src\stm32f4xx_it.o
 .debug_aranges
                0x000008b8       0x30 src\system_stm32f4xx.o
 .debug_aranges
                0x000008e8       0x50 src\usb_bsp.o
 .debug_aranges
                0x00000938       0x50 src\usbd_desc.o
 .debug_aranges
                0x00000988       0x50 src\usbd_storage_msd.o
 .debug_aranges
                0x000009d8       0x50 src\usbd_usr.o
 .debug_aranges
                0x00000a28       0x28 startup\startup_stm32f4xx.o

.debug_ranges   0x00000000      0x900
 .debug_ranges  0x00000000       0x30 Libraries\STM32F4xx_StdPeriph_Driver\src\misc.o
 .debug_ranges  0x00000030       0x48 Libraries\STM32F4xx_StdPeriph_Driver\src\stm32f4xx_exti.o
 .debug_ranges  0x00000078       0x78 Libraries\STM32F4xx_StdPeriph_Driver\src\stm32f4xx_gpio.o
 .debug_ranges  0x000000f0      0x168 Libraries\STM32F4xx_StdPeriph_Driver\src\stm32f4xx_rcc.o
 .debug_ranges  0x00000258       0x38 Libraries\STM32F4xx_StdPeriph_Driver\src\stm32f4xx_syscfg.o
 .debug_ranges  0x00000290       0x58 Libraries\STM32_USB_Device_Library\Class\msc\src\usbd_msc_bot.o
 .debug_ranges  0x000002e8       0x38 Libraries\STM32_USB_Device_Library\Class\msc\src\usbd_msc_core.o
 .debug_ranges  0x00000320       0x88 Libraries\STM32_USB_Device_Library\Class\msc\src\usbd_msc_scsi.o
 .debug_ranges  0x000003a8       0x88 Libraries\STM32_USB_Device_Library\Core\src\usbd_core.o
 .debug_ranges  0x00000430       0x40 Libraries\STM32_USB_Device_Library\Core\src\usbd_ioreq.o
 .debug_ranges  0x00000470       0x78 Libraries\STM32_USB_Device_Library\Core\src\usbd_req.o
 .debug_ranges  0x000004e8      0x128 Libraries\STM32_USB_OTG_Driver\src\usb_core.o
 .debug_ranges  0x00000610       0x70 Libraries\STM32_USB_OTG_Driver\src\usb_dcd.o
 .debug_ranges  0x00000680       0x80 Libraries\STM32_USB_OTG_Driver\src\usb_dcd_int.o
 .debug_ranges  0x00000700       0x68 src\fat16.o
 .debug_ranges  0x00000768       0x10 src\main.o
 .debug_ranges  0x00000778       0x48 src\stm32f4xx_it.o
 .debug_ranges  0x000007c0       0x20 src\system_stm32f4xx.o
 .debug_ranges  0x000007e0       0x40 src\usb_bsp.o
 .debug_ranges  0x00000820       0x40 src\usbd_desc.o
 .debug_ranges  0x00000860       0x40 src\usbd_storage_msd.o
 .debug_ranges  0x000008a0       0x40 src\usbd_usr.o
 .debug_ranges  0x000008e0       0x20 startup\startup_stm32f4xx.o

.debug_line     0x00000000     0x6257
 .debug_line    0x00000000      0x2c5 Libraries\STM32F4xx_StdPeriph_Driver\src\misc.o
 .debug_line    0x000002c5      0x328 Libraries\STM32F4xx_StdPeriph_Driver\src\stm32f4xx_exti.o
 .debug_line    0x000005ed      0x3e7 Libraries\STM32F4xx_StdPeriph_Driver\src\stm32f4xx_gpio.o
 .debug_line    0x000009d4      0x62c Libraries\STM32F4xx_StdPeriph_Driver\src\stm32f4xx_rcc.o
 .debug_line    0x00001000      0x27a Libraries\STM32F4xx_StdPeriph_Driver\src\stm32f4xx_syscfg.o
 .debug_line    0x0000127a      0x4b4 Libraries\STM32_USB_Device_Library\Class\msc\src\usbd_msc_bot.o
 .debug_line    0x0000172e      0x4b9 Libraries\STM32_USB_Device_Library\Class\msc\src\usbd_msc_core.o
 .debug_line    0x00001be7      0x2fe Libraries\STM32_USB_Device_Library\Class\msc\src\usbd_msc_data.o
 .debug_line    0x00001ee5      0x5a0 Libraries\STM32_USB_Device_Library\Class\msc\src\usbd_msc_scsi.o
 .debug_line    0x00002485      0x516 Libraries\STM32_USB_Device_Library\Core\src\usbd_core.o
 .debug_line    0x0000299b      0x3e9 Libraries\STM32_USB_Device_Library\Core\src\usbd_ioreq.o
 .debug_line    0x00002d84      0x5f7 Libraries\STM32_USB_Device_Library\Core\src\usbd_req.o
 .debug_line    0x0000337b      0x843 Libraries\STM32_USB_OTG_Driver\src\usb_core.o
 .debug_line    0x00003bbe      0x4a1 Libraries\STM32_USB_OTG_Driver\src\usb_dcd.o
 .debug_line    0x0000405f      0x549 Libraries\STM32_USB_OTG_Driver\src\usb_dcd_int.o
 .debug_line    0x000045a8      0x36c src\fat16.o
 .debug_line    0x00004914      0x3f6 src\main.o
 .debug_line    0x00004d0a      0x3be src\stm32f4xx_it.o
 .debug_line    0x000050c8      0x26f src\system_stm32f4xx.o
 .debug_line    0x00005337      0x43b src\usb_bsp.o
 .debug_line    0x00005772      0x383 src\usbd_desc.o
 .debug_line    0x00005af5      0x354 src\usbd_storage_msd.o
 .debug_line    0x00005e49      0x38e src\usbd_usr.o
 .debug_line    0x000061d7       0x80 startup\startup_stm32f4xx.o

.debug_str      0x00000000     0x41f9
 .debug_str     0x00000000      0x3f8 Libraries\STM32F4xx_StdPeriph_Driver\src\misc.o
                                0x44c (size before relaxing)
 .debug_str     0x000003f8      0x1d7 Libraries\STM32F4xx_StdPeriph_Driver\src\stm32f4xx_exti.o
                                0x3d7 (size before relaxing)
 .debug_str     0x000005cf      0x320 Libraries\STM32F4xx_StdPeriph_Driver\src\stm32f4xx_gpio.o
                                0x521 (size before relaxing)
 .debug_str     0x000008ef      0x643 Libraries\STM32F4xx_StdPeriph_Driver\src\stm32f4xx_rcc.o
                                0x8ce (size before relaxing)
 .debug_str     0x00000f32      0x156 Libraries\STM32F4xx_StdPeriph_Driver\src\stm32f4xx_syscfg.o
                                0x372 (size before relaxing)
 .debug_str     0x00001088      0xd23 Libraries\STM32_USB_Device_Library\Class\msc\src\usbd_msc_bot.o
                               0x10ff (size before relaxing)
 .debug_str     0x00001dab      0x10d Libraries\STM32_USB_Device_Library\Class\msc\src\usbd_msc_core.o
                               0x100e (size before relaxing)
 .debug_str     0x00001eb8       0x87 Libraries\STM32_USB_Device_Library\Class\msc\src\usbd_msc_data.o
                                0x68d (size before relaxing)
 .debug_str     0x00001f3f      0x1ae Libraries\STM32_USB_Device_Library\Class\msc\src\usbd_msc_scsi.o
                               0x11fd (size before relaxing)
 .debug_str     0x000020ed      0x246 Libraries\STM32_USB_Device_Library\Core\src\usbd_core.o
                               0x1073 (size before relaxing)
 .debug_str     0x00002333       0xc9 Libraries\STM32_USB_Device_Library\Core\src\usbd_ioreq.o
                                0xe88 (size before relaxing)
 .debug_str     0x000023fc      0x1ca Libraries\STM32_USB_Device_Library\Core\src\usbd_req.o
                               0x1031 (size before relaxing)
 .debug_str     0x000025c6      0xb1c Libraries\STM32_USB_OTG_Driver\src\usb_core.o
                               0x1b2b (size before relaxing)
 .debug_str     0x000030e2      0x101 Libraries\STM32_USB_OTG_Driver\src\usb_dcd.o
                                0xff3 (size before relaxing)
 .debug_str     0x000031e3      0x34e Libraries\STM32_USB_OTG_Driver\src\usb_dcd_int.o
                               0x187b (size before relaxing)
 .debug_str     0x00003531      0x324 src\fat16.o
                                0x960 (size before relaxing)
 .debug_str     0x00003855       0x3a src\main.o
                                0xe5e (size before relaxing)
 .debug_str     0x0000388f       0x96 src\stm32f4xx_it.o
                                0x78f (size before relaxing)
 .debug_str     0x00003925       0x88 src\system_stm32f4xx.o
                                0x3f9 (size before relaxing)
 .debug_str     0x000039ad      0x5e4 src\usb_bsp.o
                               0x1760 (size before relaxing)
 .debug_str     0x00003f91       0xe5 src\usbd_desc.o
                                0x83d (size before relaxing)
 .debug_str     0x00004076       0xcf src\usbd_storage_msd.o
                                0x78a (size before relaxing)
 .debug_str     0x00004145       0xb4 src\usbd_usr.o
                                0x761 (size before relaxing)

.comment        0x00000000       0x7c
 .comment       0x00000000       0x7c Libraries\STM32F4xx_StdPeriph_Driver\src\misc.o
                                 0x7d (size before relaxing)
 .comment       0x0000007c       0x7d Libraries\STM32F4xx_StdPeriph_Driver\src\stm32f4xx_exti.o
 .comment       0x0000007c       0x7d Libraries\STM32F4xx_StdPeriph_Driver\src\stm32f4xx_gpio.o
 .comment       0x0000007c       0x7d Libraries\STM32F4xx_StdPeriph_Driver\src\stm32f4xx_rcc.o
 .comment       0x0000007c       0x7d Libraries\STM32F4xx_StdPeriph_Driver\src\stm32f4xx_syscfg.o
 .comment       0x0000007c       0x7d Libraries\STM32_USB_Device_Library\Class\msc\src\usbd_msc_bot.o
 .comment       0x0000007c       0x7d Libraries\STM32_USB_Device_Library\Class\msc\src\usbd_msc_core.o
 .comment       0x0000007c       0x7d Libraries\STM32_USB_Device_Library\Class\msc\src\usbd_msc_data.o
 .comment       0x0000007c       0x7d Libraries\STM32_USB_Device_Library\Class\msc\src\usbd_msc_scsi.o
 .comment       0x0000007c       0x7d Libraries\STM32_USB_Device_Library\Core\src\usbd_core.o
 .comment       0x0000007c       0x7d Libraries\STM32_USB_Device_Library\Core\src\usbd_ioreq.o
 .comment       0x0000007c       0x7d Libraries\STM32_USB_Device_Library\Core\src\usbd_req.o
 .comment       0x0000007c       0x7d Libraries\STM32_USB_OTG_Driver\src\usb_core.o
 .comment       0x0000007c       0x7d Libraries\STM32_USB_OTG_Driver\src\usb_dcd.o
 .comment       0x0000007c       0x7d Libraries\STM32_USB_OTG_Driver\src\usb_dcd_int.o
 .comment       0x0000007c       0x7d src\fat16.o
 .comment       0x0000007c       0x7d src\main.o
 .comment       0x0000007c       0x7d src\stm32f4xx_it.o
 .comment       0x0000007c       0x7d src\system_stm32f4xx.o
 .comment       0x0000007c       0x7d src\usb_bsp.o
 .comment       0x0000007c       0x7d src\usbd_desc.o
 .comment       0x0000007c       0x7d src\usbd_storage_msd.o
 .comment       0x0000007c       0x7d src\usbd_usr.o

.debug_frame    0x00000000     0x2b74
 .debug_frame   0x00000000       0xd8 Libraries\STM32F4xx_StdPeriph_Driver\src\misc.o
 .debug_frame   0x000000d8      0x148 Libraries\STM32F4xx_StdPeriph_Driver\src\stm32f4xx_exti.o
 .debug_frame   0x00000220      0x23c Libraries\STM32F4xx_StdPeriph_Driver\src\stm32f4xx_gpio.o
 .debug_frame   0x0000045c      0x6d4 Libraries\STM32F4xx_StdPeriph_Driver\src\stm32f4xx_rcc.o
 .debug_frame   0x00000b30       0xf4 Libraries\STM32F4xx_StdPeriph_Driver\src\stm32f4xx_syscfg.o
 .debug_frame   0x00000c24      0x17c Libraries\STM32_USB_Device_Library\Class\msc\src\usbd_msc_bot.o
 .debug_frame   0x00000da0       0xec Libraries\STM32_USB_Device_Library\Class\msc\src\usbd_msc_core.o
 .debug_frame   0x00000e8c      0x274 Libraries\STM32_USB_Device_Library\Class\msc\src\usbd_msc_scsi.o
 .debug_frame   0x00001100      0x258 Libraries\STM32_USB_Device_Library\Core\src\usbd_core.o
 .debug_frame   0x00001358      0x110 Libraries\STM32_USB_Device_Library\Core\src\usbd_ioreq.o
 .debug_frame   0x00001468      0x210 Libraries\STM32_USB_Device_Library\Core\src\usbd_req.o
 .debug_frame   0x00001678      0x584 Libraries\STM32_USB_OTG_Driver\src\usb_core.o
 .debug_frame   0x00001bfc      0x1e8 Libraries\STM32_USB_OTG_Driver\src\usb_dcd.o
 .debug_frame   0x00001de4      0x230 Libraries\STM32_USB_OTG_Driver\src\usb_dcd_int.o
 .debug_frame   0x00002014       0xe8 src\fat16.o
 .debug_frame   0x000020fc       0x30 src\main.o
 .debug_frame   0x0000212c       0xf0 src\stm32f4xx_it.o
 .debug_frame   0x0000221c       0x7c src\system_stm32f4xx.o
 .debug_frame   0x00002298       0xfc src\usb_bsp.o
 .debug_frame   0x00002394      0x114 src\usbd_desc.o
 .debug_frame   0x000024a8      0x118 src\usbd_storage_msd.o
 .debug_frame   0x000025c0       0xf8 src\usbd_usr.o
 .debug_frame   0x000026b8       0x2c c:/program files (x86)/atollic/truestudio for stm32 9.3.0/armtools/bin/../lib/gcc/arm-atollic-eabi/6.3.1/../../../../arm-atollic-eabi/lib/armv7e-m/fpu\libc_nano.a(lib_a-init.o)
 .debug_frame   0x000026e4       0x28 c:/program files (x86)/atollic/truestudio for stm32 9.3.0/armtools/bin/../lib/gcc/arm-atollic-eabi/6.3.1/../../../../arm-atollic-eabi/lib/armv7e-m/fpu\libc_nano.a(lib_a-memcpy-stub.o)
 .debug_frame   0x0000270c       0x20 c:/program files (x86)/atollic/truestudio for stm32 9.3.0/armtools/bin/../lib/gcc/arm-atollic-eabi/6.3.1/../../../../arm-atollic-eabi/lib/armv7e-m/fpu\libc_nano.a(lib_a-memset.o)
 .debug_frame   0x0000272c       0x38 c:/program files (x86)/atollic/truestudio for stm32 9.3.0/armtools/bin/../lib/gcc/arm-atollic-eabi/6.3.1/../../../../arm-atollic-eabi/lib/armv7e-m/fpu\libc_nano.a(lib_a-nano-freer.o)
 .debug_frame   0x00002764       0x2c c:/program files (x86)/atollic/truestudio for stm32 9.3.0/armtools/bin/../lib/gcc/arm-atollic-eabi/6.3.1/../../../../arm-atollic-eabi/lib/armv7e-m/fpu\libc_nano.a(lib_a-nano-mallocr.o)
 .debug_frame   0x00002790       0x60 c:/program files (x86)/atollic/truestudio for stm32 9.3.0/armtools/bin/../lib/gcc/arm-atollic-eabi/6.3.1/../../../../arm-atollic-eabi/lib/armv7e-m/fpu\libc_nano.a(lib_a-nano-vfprintf_i.o)
 .debug_frame   0x000027f0       0x2c c:/program files (x86)/atollic/truestudio for stm32 9.3.0/armtools/bin/../lib/gcc/arm-atollic-eabi/6.3.1/../../../../arm-atollic-eabi/lib/armv7e-m/fpu\libc_nano.a(lib_a-sbrkr.o)
 .debug_frame   0x0000281c       0x7c c:/program files (x86)/atollic/truestudio for stm32 9.3.0/armtools/bin/../lib/gcc/arm-atollic-eabi/6.3.1/../../../../arm-atollic-eabi/lib/armv7e-m/fpu\libc_nano.a(lib_a-snprintf.o)
 .debug_frame   0x00002898      0x11c c:/program files (x86)/atollic/truestudio for stm32 9.3.0/armtools/bin/../lib/gcc/arm-atollic-eabi/6.3.1/../../../../arm-atollic-eabi/lib/armv7e-m/fpu\libc_nano.a(lib_a-findfp.o)
 .debug_frame   0x000029b4       0x28 c:/program files (x86)/atollic/truestudio for stm32 9.3.0/armtools/bin/../lib/gcc/arm-atollic-eabi/6.3.1/../../../../arm-atollic-eabi/lib/armv7e-m/fpu\libc_nano.a(lib_a-memmove.o)
 .debug_frame   0x000029dc       0x30 c:/program files (x86)/atollic/truestudio for stm32 9.3.0/armtools/bin/../lib/gcc/arm-atollic-eabi/6.3.1/../../../../arm-atollic-eabi/lib/armv7e-m/fpu\libc_nano.a(lib_a-mlock.o)
 .debug_frame   0x00002a0c       0x3c c:/program files (x86)/atollic/truestudio for stm32 9.3.0/armtools/bin/../lib/gcc/arm-atollic-eabi/6.3.1/../../../../arm-atollic-eabi/lib/armv7e-m/fpu\libc_nano.a(lib_a-nano-reallocr.o)
 .debug_frame   0x00002a48       0x90 c:/program files (x86)/atollic/truestudio for stm32 9.3.0/armtools/bin/../lib/gcc/arm-atollic-eabi/6.3.1/../../../../arm-atollic-eabi/lib/armv7e-m/fpu\libc_nano.a(lib_a-nano-svfprintf.o)
 .debug_frame   0x00002ad8       0x5c c:/program files (x86)/atollic/truestudio for stm32 9.3.0/armtools/bin/../lib/gcc/arm-atollic-eabi/6.3.1/../../../../arm-atollic-eabi/lib/armv7e-m/fpu\libc_nano.a(lib_a-reent.o)
 .debug_frame   0x00002b34       0x20 c:/program files (x86)/atollic/truestudio for stm32 9.3.0/armtools/bin/../lib/gcc/arm-atollic-eabi/6.3.1/../../../../arm-atollic-eabi/lib/armv7e-m/fpu\libc_nano.a(lib_a-nano-msizer.o)
 .debug_frame   0x00002b54       0x20 c:/program files (x86)/atollic/truestudio for stm32 9.3.0/armtools/bin/../lib/gcc/arm-atollic-eabi/6.3.1/../../../../arm-atollic-eabi/lib/armv7e-m/fpu\libnosys.a(sbrk.o)

.stabstr        0x00000000      0x1b9
 .stabstr       0x00000000      0x1b9 c:/program files (x86)/atollic/truestudio for stm32 9.3.0/armtools/bin/../lib/gcc/arm-atollic-eabi/6.3.1/../../../../arm-atollic-eabi/lib/armv7e-m/fpu\libnosys.a(close.o)

Cross Reference Table

Symbol                                            File
ADC_AnalogWatchdogCmd                             Libraries\STM32F4xx_StdPeriph_Driver\src\stm32f4xx_adc.o
ADC_AnalogWatchdogSingleChannelConfig             Libraries\STM32F4xx_StdPeriph_Driver\src\stm32f4xx_adc.o
ADC_AnalogWatchdogThresholdsConfig                Libraries\STM32F4xx_StdPeriph_Driver\src\stm32f4xx_adc.o
ADC_AutoInjectedConvCmd                           Libraries\STM32F4xx_StdPeriph_Driver\src\stm32f4xx_adc.o
ADC_ClearFlag                                     Libraries\STM32F4xx_StdPeriph_Driver\src\stm32f4xx_adc.o
ADC_ClearITPendingBit                             Libraries\STM32F4xx_StdPeriph_Driver\src\stm32f4xx_adc.o
ADC_Cmd                                           Libraries\STM32F4xx_StdPeriph_Driver\src\stm32f4xx_adc.o
ADC_CommonInit                                    Libraries\STM32F4xx_StdPeriph_Driver\src\stm32f4xx_adc.o
ADC_CommonStructInit                              Libraries\STM32F4xx_StdPeriph_Driver\src\stm32f4xx_adc.o
ADC_ContinuousModeCmd                             Libraries\STM32F4xx_StdPeriph_Driver\src\stm32f4xx_adc.o
ADC_DMACmd                                        Libraries\STM32F4xx_StdPeriph_Driver\src\stm32f4xx_adc.o
ADC_DMARequestAfterLastTransferCmd                Libraries\STM32F4xx_StdPeriph_Driver\src\stm32f4xx_adc.o
ADC_DeInit                                        Libraries\STM32F4xx_StdPeriph_Driver\src\stm32f4xx_adc.o
ADC_DiscModeChannelCountConfig                    Libraries\STM32F4xx_StdPeriph_Driver\src\stm32f4xx_adc.o
ADC_DiscModeCmd                                   Libraries\STM32F4xx_StdPeriph_Driver\src\stm32f4xx_adc.o
ADC_EOCOnEachRegularChannelCmd                    Libraries\STM32F4xx_StdPeriph_Driver\src\stm32f4xx_adc.o
ADC_ExternalTrigInjectedConvConfig                Libraries\STM32F4xx_StdPeriph_Driver\src\stm32f4xx_adc.o
ADC_ExternalTrigInjectedConvEdgeConfig            Libraries\STM32F4xx_StdPeriph_Driver\src\stm32f4xx_adc.o
ADC_GetConversionValue                            Libraries\STM32F4xx_StdPeriph_Driver\src\stm32f4xx_adc.o
ADC_GetFlagStatus                                 Libraries\STM32F4xx_StdPeriph_Driver\src\stm32f4xx_adc.o
ADC_GetITStatus                                   Libraries\STM32F4xx_StdPeriph_Driver\src\stm32f4xx_adc.o
ADC_GetInjectedConversionValue                    Libraries\STM32F4xx_StdPeriph_Driver\src\stm32f4xx_adc.o
ADC_GetMultiModeConversionValue                   Libraries\STM32F4xx_StdPeriph_Driver\src\stm32f4xx_adc.o
ADC_GetSoftwareStartConvStatus                    Libraries\STM32F4xx_StdPeriph_Driver\src\stm32f4xx_adc.o
ADC_GetSoftwareStartInjectedConvCmdStatus         Libraries\STM32F4xx_StdPeriph_Driver\src\stm32f4xx_adc.o
ADC_IRQHandler                                    startup\startup_stm32f4xx.o
ADC_ITConfig                                      Libraries\STM32F4xx_StdPeriph_Driver\src\stm32f4xx_adc.o
ADC_Init                                          Libraries\STM32F4xx_StdPeriph_Driver\src\stm32f4xx_adc.o
ADC_InjectedChannelConfig                         Libraries\STM32F4xx_StdPeriph_Driver\src\stm32f4xx_adc.o
ADC_InjectedDiscModeCmd                           Libraries\STM32F4xx_StdPeriph_Driver\src\stm32f4xx_adc.o
ADC_InjectedSequencerLengthConfig                 Libraries\STM32F4xx_StdPeriph_Driver\src\stm32f4xx_adc.o
ADC_MultiModeDMARequestAfterLastTransferCmd       Libraries\STM32F4xx_StdPeriph_Driver\src\stm32f4xx_adc.o
ADC_RegularChannelConfig                          Libraries\STM32F4xx_StdPeriph_Driver\src\stm32f4xx_adc.o
ADC_SetInjectedOffset                             Libraries\STM32F4xx_StdPeriph_Driver\src\stm32f4xx_adc.o
ADC_SoftwareStartConv                             Libraries\STM32F4xx_StdPeriph_Driver\src\stm32f4xx_adc.o
ADC_SoftwareStartInjectedConv                     Libraries\STM32F4xx_StdPeriph_Driver\src\stm32f4xx_adc.o
ADC_StructInit                                    Libraries\STM32F4xx_StdPeriph_Driver\src\stm32f4xx_adc.o
ADC_TempSensorVrefintCmd                          Libraries\STM32F4xx_StdPeriph_Driver\src\stm32f4xx_adc.o
ADC_VBATCmd                                       Libraries\STM32F4xx_StdPeriph_Driver\src\stm32f4xx_adc.o
AHBPrescTable                                     src\system_stm32f4xx.o
BusFault_Handler                                  src\stm32f4xx_it.o
CAN1_RX0_IRQHandler                               startup\startup_stm32f4xx.o
CAN1_RX1_IRQHandler                               startup\startup_stm32f4xx.o
CAN1_SCE_IRQHandler                               startup\startup_stm32f4xx.o
CAN1_TX_IRQHandler                                startup\startup_stm32f4xx.o
CAN2_RX0_IRQHandler                               startup\startup_stm32f4xx.o
CAN2_RX1_IRQHandler                               startup\startup_stm32f4xx.o
CAN2_SCE_IRQHandler                               startup\startup_stm32f4xx.o
CAN2_TX_IRQHandler                                startup\startup_stm32f4xx.o
CAN_CancelTransmit                                Libraries\STM32F4xx_StdPeriph_Driver\src\stm32f4xx_can.o
CAN_ClearFlag                                     Libraries\STM32F4xx_StdPeriph_Driver\src\stm32f4xx_can.o
CAN_ClearITPendingBit                             Libraries\STM32F4xx_StdPeriph_Driver\src\stm32f4xx_can.o
CAN_DBGFreeze                                     Libraries\STM32F4xx_StdPeriph_Driver\src\stm32f4xx_can.o
CAN_DeInit                                        Libraries\STM32F4xx_StdPeriph_Driver\src\stm32f4xx_can.o
CAN_FIFORelease                                   Libraries\STM32F4xx_StdPeriph_Driver\src\stm32f4xx_can.o
CAN_FilterInit                                    Libraries\STM32F4xx_StdPeriph_Driver\src\stm32f4xx_can.o
CAN_GetFlagStatus                                 Libraries\STM32F4xx_StdPeriph_Driver\src\stm32f4xx_can.o
CAN_GetITStatus                                   Libraries\STM32F4xx_StdPeriph_Driver\src\stm32f4xx_can.o
CAN_GetLSBTransmitErrorCounter                    Libraries\STM32F4xx_StdPeriph_Driver\src\stm32f4xx_can.o
CAN_GetLastErrorCode                              Libraries\STM32F4xx_StdPeriph_Driver\src\stm32f4xx_can.o
CAN_GetReceiveErrorCounter                        Libraries\STM32F4xx_StdPeriph_Driver\src\stm32f4xx_can.o
CAN_ITConfig                                      Libraries\STM32F4xx_StdPeriph_Driver\src\stm32f4xx_can.o
CAN_Init                                          Libraries\STM32F4xx_StdPeriph_Driver\src\stm32f4xx_can.o
CAN_MessagePending                                Libraries\STM32F4xx_StdPeriph_Driver\src\stm32f4xx_can.o