Archive member included to satisfy reference by file (symbol)

c:/program files (x86)/atollic/truestudio for stm32 9.0.1/armtools/bin/../lib/gcc/arm-atollic-eabi/6.3.1/../../../../arm-atollic-eabi/lib/armv7e-m/fpu\libc_nano.a(lib_a-init.o)
                              startup\startup_stm32f4xx.o (__libc_init_array)
c:/program files (x86)/atollic/truestudio for stm32 9.0.1/armtools/bin/../lib/gcc/arm-atollic-eabi/6.3.1/../../../../arm-atollic-eabi/lib/armv7e-m/fpu\libc_nano.a(lib_a-memcpy-stub.o)
                              src\fat16.o (memcpy)
c:/program files (x86)/atollic/truestudio for stm32 9.0.1/armtools/bin/../lib/gcc/arm-atollic-eabi/6.3.1/../../../../arm-atollic-eabi/lib/armv7e-m/fpu\libc_nano.a(lib_a-memset.o)
                              src\fat16.o (memset)
c:/program files (x86)/atollic/truestudio for stm32 9.0.1/armtools/bin/../lib/gcc/arm-atollic-eabi/6.3.1/../../../../arm-atollic-eabi/lib/armv7e-m/fpu\libc_nano.a(lib_a-strlen.o)
                              src\fat16.o (strlen)

Allocating common symbols
Common symbol       size              file

MSC_BOT_Data        0x1000            Libraries\STM32_USB_Device_Library\Class\msc\src\usbd_msc_bot.o
SCSI_blk_nbr        0x4               Libraries\STM32_USB_Device_Library\Class\msc\src\usbd_msc_scsi.o
SET_TEST_MODE       0x4               Libraries\STM32_USB_Device_Library\Core\src\usbd_core.o
MSC_BOT_Status      0x1               Libraries\STM32_USB_Device_Library\Class\msc\src\usbd_msc_bot.o
SCSI_blk_size       0x4               Libraries\STM32_USB_Device_Library\Class\msc\src\usbd_msc_scsi.o
SCSI_Sense_Head     0x1               Libraries\STM32_USB_Device_Library\Class\msc\src\usbd_msc_scsi.o
MSC_BOT_cbw         0x20              Libraries\STM32_USB_Device_Library\Class\msc\src\usbd_msc_bot.o
SCSI_blk_len        0x4               Libraries\STM32_USB_Device_Library\Class\msc\src\usbd_msc_scsi.o
SCSI_Sense          0x20              Libraries\STM32_USB_Device_Library\Class\msc\src\usbd_msc_scsi.o
MSC_BOT_csw         0x10              Libraries\STM32_USB_Device_Library\Class\msc\src\usbd_msc_bot.o
SCSI_blk_addr       0x4               Libraries\STM32_USB_Device_Library\Class\msc\src\usbd_msc_scsi.o
USB_OTG_dev         0x5f4             src\main.o
cdev                0x4               Libraries\STM32_USB_Device_Library\Class\msc\src\usbd_msc_scsi.o
SCSI_Sense_Tail     0x1               Libraries\STM32_USB_Device_Library\Class\msc\src\usbd_msc_scsi.o
MSC_BOT_State       0x1               Libraries\STM32_USB_Device_Library\Class\msc\src\usbd_msc_bot.o
USBD_StrDesc        0x40              Libraries\STM32_USB_Device_Library\Core\src\usbd_req.o
MSC_BOT_DataLen     0x2               Libraries\STM32_USB_Device_Library\Class\msc\src\usbd_msc_bot.o

Discarded input sections

 .text          0x00000000        0x0 c:/program files (x86)/atollic/truestudio for stm32 9.0.1/armtools/bin/../lib/gcc/arm-atollic-eabi/6.3.1/armv7e-m/fpu/crti.o
 .data          0x00000000        0x0 c:/program files (x86)/atollic/truestudio for stm32 9.0.1/armtools/bin/../lib/gcc/arm-atollic-eabi/6.3.1/armv7e-m/fpu/crti.o
 .bss           0x00000000        0x0 c:/program files (x86)/atollic/truestudio for stm32 9.0.1/armtools/bin/../lib/gcc/arm-atollic-eabi/6.3.1/armv7e-m/fpu/crti.o
 .data          0x00000000        0x4 c:/program files (x86)/atollic/truestudio for stm32 9.0.1/armtools/bin/../lib/gcc/arm-atollic-eabi/6.3.1/armv7e-m/fpu/crtbegin.o
 .text          0x00000000        0x0 Libraries\STM32F4xx_StdPeriph_Driver\src\misc.o
 .data          0x00000000        0x0 Libraries\STM32F4xx_StdPeriph_Driver\src\misc.o
 .bss           0x00000000        0x0 Libraries\STM32F4xx_StdPeriph_Driver\src\misc.o
 .text.NVIC_SetVectorTable
                0x00000000       0x2c Libraries\STM32F4xx_StdPeriph_Driver\src\misc.o
 .text.NVIC_SystemLPConfig
                0x00000000       0x44 Libraries\STM32F4xx_StdPeriph_Driver\src\misc.o
 .text.SysTick_CLKSourceConfig
                0x00000000       0x38 Libraries\STM32F4xx_StdPeriph_Driver\src\misc.o
 .text          0x00000000        0x0 Libraries\STM32F4xx_StdPeriph_Driver\src\stm32f4xx_adc.o
 .data          0x00000000        0x0 Libraries\STM32F4xx_StdPeriph_Driver\src\stm32f4xx_adc.o
 .bss           0x00000000        0x0 Libraries\STM32F4xx_StdPeriph_Driver\src\stm32f4xx_adc.o
 .text.ADC_DeInit
                0x00000000       0x1c Libraries\STM32F4xx_StdPeriph_Driver\src\stm32f4xx_adc.o
 .text.ADC_Init
                0x00000000       0xac Libraries\STM32F4xx_StdPeriph_Driver\src\stm32f4xx_adc.o
 .text.ADC_StructInit
                0x00000000       0x3e Libraries\STM32F4xx_StdPeriph_Driver\src\stm32f4xx_adc.o
 .text.ADC_CommonInit
                0x00000000       0x50 Libraries\STM32F4xx_StdPeriph_Driver\src\stm32f4xx_adc.o
 .text.ADC_CommonStructInit
                0x00000000       0x2c Libraries\STM32F4xx_StdPeriph_Driver\src\stm32f4xx_adc.o
[...]
Memory Configuration

Name             Origin             Length             Attributes
FLASH            0x08000000         0x00100000         xr
RAM              0x20000000         0x00020000         xrw
CCMRAM           0x10000000         0x00010000         xrw
MEMORY_B1        0x60000000         0x00000000         xr
*default*        0x00000000         0xffffffff

Linker script and memory map

LOAD c:/program files (x86)/atollic/truestudio for stm32 9.0.1/armtools/bin/../lib/gcc/arm-atollic-eabi/6.3.1/armv7e-m/fpu/crti.o
LOAD c:/program files (x86)/atollic/truestudio for stm32 9.0.1/armtools/bin/../lib/gcc/arm-atollic-eabi/6.3.1/armv7e-m/fpu/crtbegin.o
LOAD Libraries\STM32F4xx_StdPeriph_Driver\src\misc.o
LOAD Libraries\STM32F4xx_StdPeriph_Driver\src\stm32f4xx_adc.o
LOAD Libraries\STM32F4xx_StdPeriph_Driver\src\stm32f4xx_can.o
LOAD Libraries\STM32F4xx_StdPeriph_Driver\src\stm32f4xx_crc.o
LOAD Libraries\STM32F4xx_StdPeriph_Driver\src\stm32f4xx_cryp.o
LOAD Libraries\STM32F4xx_StdPeriph_Driver\src\stm32f4xx_cryp_aes.o
LOAD Libraries\STM32F4xx_StdPeriph_Driver\src\stm32f4xx_cryp_des.o
LOAD Libraries\STM32F4xx_StdPeriph_Driver\src\stm32f4xx_cryp_tdes.o
LOAD Libraries\STM32F4xx_StdPeriph_Driver\src\stm32f4xx_dac.o
LOAD Libraries\STM32F4xx_StdPeriph_Driver\src\stm32f4xx_dbgmcu.o
LOAD Libraries\STM32F4xx_StdPeriph_Driver\src\stm32f4xx_dcmi.o
LOAD Libraries\STM32F4xx_StdPeriph_Driver\src\stm32f4xx_dma.o
LOAD Libraries\STM32F4xx_StdPeriph_Driver\src\stm32f4xx_exti.o
LOAD Libraries\STM32F4xx_StdPeriph_Driver\src\stm32f4xx_flash.o
LOAD Libraries\STM32F4xx_StdPeriph_Driver\src\stm32f4xx_fsmc.o
LOAD Libraries\STM32F4xx_StdPeriph_Driver\src\stm32f4xx_gpio.o
LOAD Libraries\STM32F4xx_StdPeriph_Driver\src\stm32f4xx_hash.o
LOAD Libraries\STM32F4xx_StdPeriph_Driver\src\stm32f4xx_hash_md5.o
LOAD Libraries\STM32F4xx_StdPeriph_Driver\src\stm32f4xx_hash_sha1.o
LOAD Libraries\STM32F4xx_StdPeriph_Driver\src\stm32f4xx_i2c.o
LOAD Libraries\STM32F4xx_StdPeriph_Driver\src\stm32f4xx_iwdg.o
LOAD Libraries\STM32F4xx_StdPeriph_Driver\src\stm32f4xx_pwr.o
LOAD Libraries\STM32F4xx_StdPeriph_Driver\src\stm32f4xx_rcc.o
LOAD Libraries\STM32F4xx_StdPeriph_Driver\src\stm32f4xx_rng.o
LOAD Libraries\STM32F4xx_StdPeriph_Driver\src\stm32f4xx_rtc.o
LOAD Libraries\STM32F4xx_StdPeriph_Driver\src\stm32f4xx_sdio.o
LOAD Libraries\STM32F4xx_StdPeriph_Driver\src\stm32f4xx_spi.o
LOAD Libraries\STM32F4xx_StdPeriph_Driver\src\stm32f4xx_syscfg.o
LOAD Libraries\STM32F4xx_StdPeriph_Driver\src\stm32f4xx_tim.o
LOAD Libraries\STM32F4xx_StdPeriph_Driver\src\stm32f4xx_usart.o
LOAD Libraries\STM32F4xx_StdPeriph_Driver\src\stm32f4xx_wwdg.o
LOAD Libraries\STM32_USB_Device_Library\Class\msc\src\usbd_msc_bot.o
LOAD Libraries\STM32_USB_Device_Library\Class\msc\src\usbd_msc_core.o
LOAD Libraries\STM32_USB_Device_Library\Class\msc\src\usbd_msc_data.o
LOAD Libraries\STM32_USB_Device_Library\Class\msc\src\usbd_msc_scsi.o
LOAD Libraries\STM32_USB_Device_Library\Core\src\usbd_core.o
LOAD Libraries\STM32_USB_Device_Library\Core\src\usbd_ioreq.o
LOAD Libraries\STM32_USB_Device_Library\Core\src\usbd_req.o
LOAD Libraries\STM32_USB_OTG_Driver\src\usb_core.o
LOAD Libraries\STM32_USB_OTG_Driver\src\usb_dcd.o
LOAD Libraries\STM32_USB_OTG_Driver\src\usb_dcd_int.o
LOAD src\fat16.o
LOAD src\main.o
LOAD src\stm32f4xx_it.o
LOAD src\system_stm32f4xx.o
LOAD src\usb_bsp.o
LOAD src\usbd_desc.o
LOAD src\usbd_storage_msd.o
LOAD src\usbd_usr.o
LOAD startup\startup_stm32f4xx.o
LOAD c:/program files (x86)/atollic/truestudio for stm32 9.0.1/armtools/bin/../lib/gcc/arm-atollic-eabi/6.3.1/../../../../arm-atollic-eabi/lib/armv7e-m/fpu\libm.a
                0x00000080                malloc_getpagesize_P = 0x80
START GROUP
LOAD c:/program files (x86)/atollic/truestudio for stm32 9.0.1/armtools/bin/../lib/gcc/arm-atollic-eabi/6.3.1/../../../../arm-atollic-eabi/lib/armv7e-m/fpu\libc_nano.a
LOAD c:/program files (x86)/atollic/truestudio for stm32 9.0.1/armtools/bin/../lib/gcc/arm-atollic-eabi/6.3.1/../../../../arm-atollic-eabi/lib/armv7e-m/fpu\libm.a
END GROUP
START GROUP
LOAD c:/program files (x86)/atollic/truestudio for stm32 9.0.1/armtools/bin/../lib/gcc/arm-atollic-eabi/6.3.1/armv7e-m/fpu\libgcc.a
LOAD c:/program files (x86)/atollic/truestudio for stm32 9.0.1/armtools/bin/../lib/gcc/arm-atollic-eabi/6.3.1/../../../../arm-atollic-eabi/lib/armv7e-m/fpu\libc_nano.a
END GROUP
START GROUP
LOAD c:/program files (x86)/atollic/truestudio for stm32 9.0.1/armtools/bin/../lib/gcc/arm-atollic-eabi/6.3.1/armv7e-m/fpu\libgcc.a
LOAD c:/program files (x86)/atollic/truestudio for stm32 9.0.1/armtools/bin/../lib/gcc/arm-atollic-eabi/6.3.1/../../../../arm-atollic-eabi/lib/armv7e-m/fpu\libc_nano.a
LOAD c:/program files (x86)/atollic/truestudio for stm32 9.0.1/armtools/bin/../lib/gcc/arm-atollic-eabi/6.3.1/../../../../arm-atollic-eabi/lib/armv7e-m/fpu\libnosys.a
END GROUP
START GROUP
LOAD c:/program files (x86)/atollic/truestudio for stm32 9.0.1/armtools/bin/../lib/gcc/arm-atollic-eabi/6.3.1/armv7e-m/fpu\libgcc.a
LOAD c:/program files (x86)/atollic/truestudio for stm32 9.0.1/armtools/bin/../lib/gcc/arm-atollic-eabi/6.3.1/../../../../arm-atollic-eabi/lib/armv7e-m/fpu\libc_nano.a
LOAD c:/program files (x86)/atollic/truestudio for stm32 9.0.1/armtools/bin/../lib/gcc/arm-atollic-eabi/6.3.1/../../../../arm-atollic-eabi/lib/armv7e-m/fpu\libnosys.a
END GROUP
LOAD c:/program files (x86)/atollic/truestudio for stm32 9.0.1/armtools/bin/../lib/gcc/arm-atollic-eabi/6.3.1/armv7e-m/fpu/crtend.o
LOAD c:/program files (x86)/atollic/truestudio for stm32 9.0.1/armtools/bin/../lib/gcc/arm-atollic-eabi/6.3.1/armv7e-m/fpu/crtn.o
                0x20020000                _estack = 0x20020000
                0x00000000                _Min_Heap_Size = 0x0
                0x00000400                _Min_Stack_Size = 0x400

.isr_vector     0x08000000      0x188
                0x08000000                . = ALIGN (0x4)
 *(.isr_vector)
 .isr_vector    0x08000000      0x188 startup\startup_stm32f4xx.o
                0x08000000                g_pfnVectors
                0x08000188                . = ALIGN (0x4)

.text           0x08000188     0x565c
                0x08000188                . = ALIGN (0x4)
 *(.text)
 .text          0x08000188       0x40 c:/program files (x86)/atollic/truestudio for stm32 9.0.1/armtools/bin/../lib/gcc/arm-atollic-eabi/6.3.1/armv7e-m/fpu/crtbegin.o
 .text          0x080001c8       0x10 c:/program files (x86)/atollic/truestudio for stm32 9.0.1/armtools/bin/../lib/gcc/arm-atollic-eabi/6.3.1/../../../../arm-atollic-eabi/lib/armv7e-m/fpu\libc_nano.a(lib_a-strlen.o)
                0x080001c8                strlen
 *(.text*)
 .text.NVIC_PriorityGroupConfig
                0x080001d8       0x28 Libraries\STM32F4xx_StdPeriph_Driver\src\misc.o
                0x080001d8                NVIC_PriorityGroupConfig
 .text.NVIC_Init
                0x08000200       0xc4 Libraries\STM32F4xx_StdPeriph_Driver\src\misc.o
                0x08000200                NVIC_Init
 .text.EXTI_Init
                0x080002c4       0xe4 Libraries\STM32F4xx_StdPeriph_Driver\src\stm32f4xx_exti.o
                0x080002c4                EXTI_Init
 .text.EXTI_ClearITPendingBit
                0x080003a8       0x20 Libraries\STM32F4xx_StdPeriph_Driver\src\stm32f4xx_exti.o
                0x080003a8                EXTI_ClearITPendingBit
 .text.GPIO_Init
                0x080003c8      0x11c Libraries\STM32F4xx_StdPeriph_Driver\src\stm32f4xx_gpio.o
                0x080003c8                GPIO_Init
 .text.GPIO_PinAFConfig
                0x080004e4       0x92 Libraries\STM32F4xx_StdPeriph_Driver\src\stm32f4xx_gpio.o
                0x080004e4                GPIO_PinAFConfig
 *fill*         0x08000576        0x2 
 .text.RCC_HSEConfig
                0x08000578       0x28 Libraries\STM32F4xx_StdPeriph_Driver\src\stm32f4xx_rcc.o
                0x08000578                RCC_HSEConfig
 .text.RCC_PLLCmd
                0x080005a0       0x20 Libraries\STM32F4xx_StdPeriph_Driver\src\stm32f4xx_rcc.o
                0x080005a0                RCC_PLLCmd
 .text.RCC_SYSCLKConfig
                0x080005c0       0x38 Libraries\STM32F4xx_StdPeriph_Driver\src\stm32f4xx_rcc.o
                0x080005c0                RCC_SYSCLKConfig
 .text.RCC_GetSYSCLKSource
                0x080005f8       0x20 Libraries\STM32F4xx_StdPeriph_Driver\src\stm32f4xx_rcc.o
                0x080005f8                RCC_GetSYSCLKSource
 .text.RCC_AHB1PeriphClockCmd
                0x08000618       0x40 Libraries\STM32F4xx_StdPeriph_Driver\src\stm32f4xx_rcc.o
                0x08000618                RCC_AHB1PeriphClockCmd
 .text.RCC_AHB2PeriphClockCmd
                0x08000658       0x40 Libraries\STM32F4xx_StdPeriph_Driver\src\stm32f4xx_rcc.o
                0x08000658                RCC_AHB2PeriphClockCmd
 .text.RCC_APB2PeriphClockCmd
                0x08000698       0x40 Libraries\STM32F4xx_StdPeriph_Driver\src\stm32f4xx_rcc.o
                0x08000698                RCC_APB2PeriphClockCmd
 .text.RCC_APB1PeriphResetCmd
                0x080006d8       0x40 Libraries\STM32F4xx_StdPeriph_Driver\src\stm32f4xx_rcc.o
                0x080006d8                RCC_APB1PeriphResetCmd
 .text.RCC_GetFlagStatus
                0x08000718       0x74 Libraries\STM32F4xx_StdPeriph_Driver\src\stm32f4xx_rcc.o
                0x08000718                RCC_GetFlagStatus
 .text.SYSCFG_EXTILineConfig
                0x0800078c       0x84 Libraries\STM32F4xx_StdPeriph_Driver\src\stm32f4xx_syscfg.o
                0x0800078c                SYSCFG_EXTILineConfig
 .text.MSC_BOT_Init
                0x08000810       0x54 Libraries\STM32_USB_Device_Library\Class\msc\src\usbd_msc_bot.o
                0x08000810                MSC_BOT_Init
 .text.MSC_BOT_Reset
                0x08000864       0x34 Libraries\STM32_USB_Device_Library\Class\msc\src\usbd_msc_bot.o
                0x08000864                MSC_BOT_Reset
 .text.MSC_BOT_DeInit
                0x08000898       0x20 Libraries\STM32_USB_Device_Library\Class\msc\src\usbd_msc_bot.o
                0x08000898                MSC_BOT_DeInit
 .text.MSC_BOT_DataIn
                0x080008b8       0x60 Libraries\STM32_USB_Device_Library\Class\msc\src\usbd_msc_bot.o
                0x080008b8                MSC_BOT_DataIn
 .text.MSC_BOT_DataOut
                0x08000918       0x54 Libraries\STM32_USB_Device_Library\Class\msc\src\usbd_msc_bot.o
                0x08000918                MSC_BOT_DataOut
 .text.MSC_BOT_CBW_Decode
                0x0800096c       0xe8 Libraries\STM32_USB_Device_Library\Class\msc\src\usbd_msc_bot.o
 .text.MSC_BOT_SendData
                0x08000a54       0x54 Libraries\STM32_USB_Device_Library\Class\msc\src\usbd_msc_bot.o
 .text.MSC_BOT_SendCSW
                0x08000aa8       0x50 Libraries\STM32_USB_Device_Library\Class\msc\src\usbd_msc_bot.o
                0x08000aa8                MSC_BOT_SendCSW
 .text.MSC_BOT_Abort
                0x08000af8       0x54 Libraries\STM32_USB_Device_Library\Class\msc\src\usbd_msc_bot.o
 .text.MSC_BOT_CplClrFeature
                0x08000b4c       0x48 Libraries\STM32_USB_Device_Library\Class\msc\src\usbd_msc_bot.o
                0x08000b4c                MSC_BOT_CplClrFeature
 .text.USBD_MSC_Init
                0x08000b94       0x4e Libraries\STM32_USB_Device_Library\Class\msc\src\usbd_msc_core.o
                0x08000b94                USBD_MSC_Init
 .text.USBD_MSC_DeInit
                0x08000be2       0x2c Libraries\STM32_USB_Device_Library\Class\msc\src\usbd_msc_core.o
                0x08000be2                USBD_MSC_DeInit
 *fill*         0x08000c0e        0x2 
 .text.USBD_MSC_Setup
                0x08000c10      0x168 Libraries\STM32_USB_Device_Library\Class\msc\src\usbd_msc_core.o
                0x08000c10                USBD_MSC_Setup
 .text.USBD_MSC_DataIn
                0x08000d78       0x20 Libraries\STM32_USB_Device_Library\Class\msc\src\usbd_msc_core.o
                0x08000d78                USBD_MSC_DataIn
 .text.USBD_MSC_DataOut
                0x08000d98       0x20 Libraries\STM32_USB_Device_Library\Class\msc\src\usbd_msc_core.o
                0x08000d98                USBD_MSC_DataOut
 .text.USBD_MSC_GetCfgDesc
                0x08000db8       0x24 Libraries\STM32_USB_Device_Library\Class\msc\src\usbd_msc_core.o
                0x08000db8                USBD_MSC_GetCfgDesc
 .text.SCSI_ProcessCmd
                0x08000ddc      0x254 Libraries\STM32_USB_Device_Library\Class\msc\src\usbd_msc_scsi.o
                0x08000ddc                SCSI_ProcessCmd
 .text.SCSI_TestUnitReady
                0x08001030       0x68 Libraries\STM32_USB_Device_Library\Class\msc\src\usbd_msc_scsi.o
 .text.SCSI_Inquiry
                0x08001098       0x9c Libraries\STM32_USB_Device_Library\Class\msc\src\usbd_msc_scsi.o
 .text.SCSI_ReadCapacity10
                0x08001134       0xbc Libraries\STM32_USB_Device_Library\Class\msc\src\usbd_msc_scsi.o
 .text.SCSI_ReadFormatCapacity
                0x080011f0       0xc4 Libraries\STM32_USB_Device_Library\Class\msc\src\usbd_msc_scsi.o
 .text.SCSI_ModeSense6
                0x080012b4       0x4c Libraries\STM32_USB_Device_Library\Class\msc\src\usbd_msc_scsi.o
 .text.SCSI_ModeSense10
                0x08001300       0x4c Libraries\STM32_USB_Device_Library\Class\msc\src\usbd_msc_scsi.o
 .text.SCSI_RequestSense
                0x0800134c       0xc8 Libraries\STM32_USB_Device_Library\Class\msc\src\usbd_msc_scsi.o
 .text.SCSI_SenseCode
                0x08001414       0x64 Libraries\STM32_USB_Device_Library\Class\msc\src\usbd_msc_scsi.o
                0x08001414                SCSI_SenseCode
 .text.SCSI_StartStopUnit
                0x08001478       0x24 Libraries\STM32_USB_Device_Library\Class\msc\src\usbd_msc_scsi.o
 .text.SCSI_Read10
                0x0800149c      0x130 Libraries\STM32_USB_Device_Library\Class\msc\src\usbd_msc_scsi.o
 .text.SCSI_Write10
                0x080015cc      0x174 Libraries\STM32_USB_Device_Library\Class\msc\src\usbd_msc_scsi.o
 .text.SCSI_Verify10
                0x08001740       0x68 Libraries\STM32_USB_Device_Library\Class\msc\src\usbd_msc_scsi.o
 .text.SCSI_CheckAddressRange
                0x080017a8       0x40 Libraries\STM32_USB_Device_Library\Class\msc\src\usbd_msc_scsi.o
 .text.SCSI_ProcessRead
                0x080017e8       0xc4 Libraries\STM32_USB_Device_Library\Class\msc\src\usbd_msc_scsi.o
 .text.SCSI_ProcessWrite
                0x080018ac       0xd4 Libraries\STM32_USB_Device_Library\Class\msc\src\usbd_msc_scsi.o
 .text.USBD_Init
                0x08001980       0x56 Libraries\STM32_USB_Device_Library\Core\src\usbd_core.o
                0x08001980                USBD_Init
 .text.USBD_DeInit
                0x080019d6       0x16 Libraries\STM32_USB_Device_Library\Core\src\usbd_core.o
                0x080019d6                USBD_DeInit
 .text.USBD_SetupStage
                0x080019ec       0x6c Libraries\STM32_USB_Device_Library\Core\src\usbd_core.o
 .text.USBD_DataOutStage
                0x08001a58       0xcc Libraries\STM32_USB_Device_Library\Core\src\usbd_core.o
 .text.USBD_DataInStage
                0x08001b24      0x11a Libraries\STM32_USB_Device_Library\Core\src\usbd_core.o
 *fill*         0x08001c3e        0x2 
 .text.USBD_RunTestMode
                0x08001c40       0x24 Libraries\STM32_USB_Device_Library\Core\src\usbd_core.o
 .text.USBD_Reset
                0x08001c64       0x42 Libraries\STM32_USB_Device_Library\Core\src\usbd_core.o
 .text.USBD_Resume
                0x08001ca6       0x30 Libraries\STM32_USB_Device_Library\Core\src\usbd_core.o
 .text.USBD_Suspend
                0x08001cd6       0x30 Libraries\STM32_USB_Device_Library\Core\src\usbd_core.o
 .text.USBD_SOF
                0x08001d06       0x2a Libraries\STM32_USB_Device_Library\Core\src\usbd_core.o
 .text.USBD_SetCfg
                0x08001d30       0x30 Libraries\STM32_USB_Device_Library\Core\src\usbd_core.o
                0x08001d30                USBD_SetCfg
 .text.USBD_ClrCfg
                0x08001d60       0x26 Libraries\STM32_USB_Device_Library\Core\src\usbd_core.o
                0x08001d60                USBD_ClrCfg
 .text.USBD_IsoINIncomplete
                0x08001d86       0x1e Libraries\STM32_USB_Device_Library\Core\src\usbd_core.o
 .text.USBD_IsoOUTIncomplete
                0x08001da4       0x1e Libraries\STM32_USB_Device_Library\Core\src\usbd_core.o
 .text.USBD_DevConnected
                0x08001dc2       0x24 Libraries\STM32_USB_Device_Library\Core\src\usbd_core.o
 .text.USBD_DevDisconnected
                0x08001de6       0x32 Libraries\STM32_USB_Device_Library\Core\src\usbd_core.o
 .text.USBD_CtlSendData
                0x08001e18       0x40 Libraries\STM32_USB_Device_Library\Core\src\usbd_ioreq.o
                0x08001e18                USBD_CtlSendData
 .text.USBD_CtlContinueSendData
                0x08001e58       0x28 Libraries\STM32_USB_Device_Library\Core\src\usbd_ioreq.o
                0x08001e58                USBD_CtlContinueSendData
 .text.USBD_CtlContinueRx
                0x08001e80       0x28 Libraries\STM32_USB_Device_Library\Core\src\usbd_ioreq.o
                0x08001e80                USBD_CtlContinueRx
 .text.USBD_CtlSendStatus
                0x08001ea8       0x30 Libraries\STM32_USB_Device_Library\Core\src\usbd_ioreq.o
                0x08001ea8                USBD_CtlSendStatus
 .text.USBD_CtlReceiveStatus
                0x08001ed8       0x30 Libraries\STM32_USB_Device_Library\Core\src\usbd_ioreq.o
                0x08001ed8                USBD_CtlReceiveStatus
 .text.USBD_GetRxCount
                0x08001f08       0x2e Libraries\STM32_USB_Device_Library\Core\src\usbd_ioreq.o
                0x08001f08                USBD_GetRxCount
 *fill*         0x08001f36        0x2 
 .text.USBD_StdDevReq
                0x08001f38       0xa0 Libraries\STM32_USB_Device_Library\Core\src\usbd_req.o
                0x08001f38                USBD_StdDevReq
 .text.USBD_StdItfReq
                0x08001fd8       0x66 Libraries\STM32_USB_Device_Library\Core\src\usbd_req.o
                0x08001fd8                USBD_StdItfReq
 *fill*         0x0800203e        0x2 
 .text.USBD_StdEPReq
                0x08002040      0x1b0 Libraries\STM32_USB_Device_Library\Core\src\usbd_req.o
                0x08002040                USBD_StdEPReq
 .text.USBD_GetDescriptor
                0x080021f0      0x1a8 Libraries\STM32_USB_Device_Library\Core\src\usbd_req.o
 .text.USBD_SetAddress
                0x08002398       0x7c Libraries\STM32_USB_Device_Library\Core\src\usbd_req.o
 .text.USBD_SetConfig
                0x08002414       0xf4 Libraries\STM32_USB_Device_Library\Core\src\usbd_req.o
 .text.USBD_GetConfig
                0x08002508       0x60 Libraries\STM32_USB_Device_Library\Core\src\usbd_req.o
 .text.USBD_GetStatus
                0x08002568       0x54 Libraries\STM32_USB_Device_Library\Core\src\usbd_req.o
 .text.USBD_SetFeature
                0x080025bc       0xd8 Libraries\STM32_USB_Device_Library\Core\src\usbd_req.o
 .text.USBD_ClrFeature
                0x08002694       0x50 Libraries\STM32_USB_Device_Library\Core\src\usbd_req.o
 .text.USBD_ParseSetupRequest
                0x080026e4       0x92 Libraries\STM32_USB_Device_Library\Core\src\usbd_req.o
                0x080026e4                USBD_ParseSetupRequest
 .text.USBD_CtlError
                0x08002776       0x28 Libraries\STM32_USB_Device_Library\Core\src\usbd_req.o
                0x08002776                USBD_CtlError
 .text.USBD_GetString
                0x0800279e       0x86 Libraries\STM32_USB_Device_Library\Core\src\usbd_req.o
                0x0800279e                USBD_GetString
 .text.USBD_GetLen
                0x08002824       0x30 Libraries\STM32_USB_Device_Library\Core\src\usbd_req.o
 .text.USB_OTG_EnableCommonInt
                0x08002854       0x44 Libraries\STM32_USB_OTG_Driver\src\usb_core.o
 .text.USB_OTG_CoreReset
                0x08002898       0x90 Libraries\STM32_USB_OTG_Driver\src\usb_core.o
 .text.USB_OTG_WritePacket
                0x08002928       0x76 Libraries\STM32_USB_OTG_Driver\src\usb_core.o
                0x08002928                USB_OTG_WritePacket
 .text.USB_OTG_ReadPacket
                0x0800299e       0x58 Libraries\STM32_USB_OTG_Driver\src\usb_core.o
                0x0800299e                USB_OTG_ReadPacket
 *fill*         0x080029f6        0x2 
 .text.USB_OTG_SelectCore
                0x080029f8      0x174 Libraries\STM32_USB_OTG_Driver\src\usb_core.o
                0x080029f8                USB_OTG_SelectCore
 .text.USB_OTG_CoreInit
                0x08002b6c      0x132 Libraries\STM32_USB_OTG_Driver\src\usb_core.o
                0x08002b6c                USB_OTG_CoreInit
 .text.USB_OTG_EnableGlobalInt
                0x08002c9e       0x36 Libraries\STM32_USB_OTG_Driver\src\usb_core.o
                0x08002c9e                USB_OTG_EnableGlobalInt
 .text.USB_OTG_DisableGlobalInt
                0x08002cd4       0x38 Libraries\STM32_USB_OTG_Driver\src\usb_core.o
                0x08002cd4                USB_OTG_DisableGlobalInt
 .text.USB_OTG_FlushTxFifo
                0x08002d0c       0x74 Libraries\STM32_USB_OTG_Driver\src\usb_core.o
                0x08002d0c                USB_OTG_FlushTxFifo
 .text.USB_OTG_FlushRxFifo
                0x08002d80       0x60 Libraries\STM32_USB_OTG_Driver\src\usb_core.o
                0x08002d80                USB_OTG_FlushRxFifo
 .text.USB_OTG_SetCurrentMode
                0x08002de0       0x5e Libraries\STM32_USB_OTG_Driver\src\usb_core.o
                0x08002de0                USB_OTG_SetCurrentMode
 .text.USB_OTG_GetMode
                0x08002e3e       0x1e Libraries\STM32_USB_OTG_Driver\src\usb_core.o
                0x08002e3e                USB_OTG_GetMode
 .text.USB_OTG_IsDeviceMode
                0x08002e5c       0x22 Libraries\STM32_USB_OTG_Driver\src\usb_core.o
                0x08002e5c                USB_OTG_IsDeviceMode
 .text.USB_OTG_ReadCoreItr
                0x08002e7e       0x2e Libraries\STM32_USB_OTG_Driver\src\usb_core.o
                0x08002e7e                USB_OTG_ReadCoreItr
 .text.USB_OTG_InitDevSpeed
                0x08002eac       0x38 Libraries\STM32_USB_OTG_Driver\src\usb_core.o
                0x08002eac                USB_OTG_InitDevSpeed
 .text.USB_OTG_CoreInitDev
                0x08002ee4      0x262 Libraries\STM32_USB_OTG_Driver\src\usb_core.o
                0x08002ee4                USB_OTG_CoreInitDev
 .text.USB_OTG_EnableDevInt
                0x08003146       0xa8 Libraries\STM32_USB_OTG_Driver\src\usb_core.o
                0x08003146                USB_OTG_EnableDevInt
 .text.USB_OTG_GetDeviceSpeed
                0x080031ee       0x48 Libraries\STM32_USB_OTG_Driver\src\usb_core.o
                0x080031ee                USB_OTG_GetDeviceSpeed
 .text.USB_OTG_EP0Activate
                0x08003236       0x76 Libraries\STM32_USB_OTG_Driver\src\usb_core.o
                0x08003236                USB_OTG_EP0Activate
 .text.USB_OTG_EPActivate
                0x080032ac       0xdc Libraries\STM32_USB_OTG_Driver\src\usb_core.o
                0x080032ac                USB_OTG_EPActivate
 .text.USB_OTG_EPDeactivate
                0x08003388       0x8a Libraries\STM32_USB_OTG_Driver\src\usb_core.o
                0x08003388                USB_OTG_EPDeactivate
 .text.USB_OTG_EPStartXfer
                0x08003412      0x280 Libraries\STM32_USB_OTG_Driver\src\usb_core.o
                0x08003412                USB_OTG_EPStartXfer
 .text.USB_OTG_EP0StartXfer
                0x08003692      0x1d4 Libraries\STM32_USB_OTG_Driver\src\usb_core.o
                0x08003692                USB_OTG_EP0StartXfer
 .text.USB_OTG_EPSetStall
                0x08003866       0x86 Libraries\STM32_USB_OTG_Driver\src\usb_core.o
                0x08003866                USB_OTG_EPSetStall
 .text.USB_OTG_EPClearStall
                0x080038ec       0x76 Libraries\STM32_USB_OTG_Driver\src\usb_core.o
                0x080038ec                USB_OTG_EPClearStall
 .text.USB_OTG_ReadDevAllOutEp_itr
                0x08003962       0x2c Libraries\STM32_USB_OTG_Driver\src\usb_core.o
                0x08003962                USB_OTG_ReadDevAllOutEp_itr
 .text.USB_OTG_ReadDevOutEP_itr
                0x0800398e       0x36 Libraries\STM32_USB_OTG_Driver\src\usb_core.o
                0x0800398e                USB_OTG_ReadDevOutEP_itr
 .text.USB_OTG_ReadDevAllInEPItr
                0x080039c4       0x2c Libraries\STM32_USB_OTG_Driver\src\usb_core.o
                0x080039c4                USB_OTG_ReadDevAllInEPItr
 .text.USB_OTG_EP0_OutStart
                0x080039f0       0x72 Libraries\STM32_USB_OTG_Driver\src\usb_core.o
                0x080039f0                USB_OTG_EP0_OutStart
 .text.USB_OTG_UngateClock
                0x08003a62       0x54 Libraries\STM32_USB_OTG_Driver\src\usb_core.o
                0x08003a62                USB_OTG_UngateClock
 .text.DCD_Init
                0x08003ab6      0x106 Libraries\STM32_USB_OTG_Driver\src\usb_dcd.o
                0x08003ab6                DCD_Init
 .text.DCD_EP_Open
                0x08003bbc       0xb0 Libraries\STM32_USB_OTG_Driver\src\usb_dcd.o
                0x08003bbc                DCD_EP_Open
 .text.DCD_EP_Close
                0x08003c6c       0x78 Libraries\STM32_USB_OTG_Driver\src\usb_dcd.o
                0x08003c6c                DCD_EP_Close
 .text.DCD_EP_PrepareRx
                0x08003ce4       0x84 Libraries\STM32_USB_OTG_Driver\src\usb_dcd.o
                0x08003ce4                DCD_EP_PrepareRx
 .text.DCD_EP_Tx
                0x08003d68       0x78 Libraries\STM32_USB_OTG_Driver\src\usb_dcd.o
                0x08003d68                DCD_EP_Tx
 .text.DCD_EP_Stall
                0x08003de0       0x7a Libraries\STM32_USB_OTG_Driver\src\usb_dcd.o
                0x08003de0                DCD_EP_Stall
 .text.DCD_EP_ClrStall
                0x08003e5a       0x7a Libraries\STM32_USB_OTG_Driver\src\usb_dcd.o
                0x08003e5a                DCD_EP_ClrStall
 .text.DCD_EP_Flush
                0x08003ed4       0x34 Libraries\STM32_USB_OTG_Driver\src\usb_dcd.o
                0x08003ed4                DCD_EP_Flush
 .text.DCD_EP_SetAddress
                0x08003f08       0x3c Libraries\STM32_USB_OTG_Driver\src\usb_dcd.o
                0x08003f08                DCD_EP_SetAddress
 .text.USBD_OTG_ISR_Handler
                0x08003f44      0x190 Libraries\STM32_USB_OTG_Driver\src\usb_dcd_int.o
                0x08003f44                USBD_OTG_ISR_Handler
 .text.DCD_SessionRequest_ISR
                0x080040d4       0x34 Libraries\STM32_USB_OTG_Driver\src\usb_dcd_int.o
 .text.DCD_OTG_ISR
                0x08004108       0x3c Libraries\STM32_USB_OTG_Driver\src\usb_dcd_int.o
 .text.DCD_HandleResume_ISR
                0x08004144       0x80 Libraries\STM32_USB_OTG_Driver\src\usb_dcd_int.o
 .text.DCD_HandleUSBSuspend_ISR
                0x080041c4       0xbc Libraries\STM32_USB_OTG_Driver\src\usb_dcd_int.o
 .text.DCD_HandleInEP_ISR
                0x08004280      0x19c Libraries\STM32_USB_OTG_Driver\src\usb_dcd_int.o
 .text.DCD_HandleOutEP_ISR
                0x0800441c      0x150 Libraries\STM32_USB_OTG_Driver\src\usb_dcd_int.o
 .text.DCD_HandleSof_ISR
                0x0800456c       0x34 Libraries\STM32_USB_OTG_Driver\src\usb_dcd_int.o
 .text.DCD_HandleRxStatusQueueLevel_ISR
                0x080045a0      0x104 Libraries\STM32_USB_OTG_Driver\src\usb_dcd_int.o
 .text.DCD_WriteEmptyTxFifo
                0x080046a4       0xe4 Libraries\STM32_USB_OTG_Driver\src\usb_dcd_int.o
 .text.DCD_HandleUsbReset_ISR
                0x08004788      0x120 Libraries\STM32_USB_OTG_Driver\src\usb_dcd_int.o
 .text.DCD_HandleEnumDone_ISR
                0x080048a8       0x78 Libraries\STM32_USB_OTG_Driver\src\usb_dcd_int.o
 .text.DCD_IsoINIncomplete_ISR
                0x08004920       0x34 Libraries\STM32_USB_OTG_Driver\src\usb_dcd_int.o
 .text.DCD_IsoOUTIncomplete_ISR
                0x08004954       0x34 Libraries\STM32_USB_OTG_Driver\src\usb_dcd_int.o
 .text.DCD_ReadDevInEP
                0x08004988       0x50 Libraries\STM32_USB_OTG_Driver\src\usb_dcd_int.o
 .text.FAT16_GetStorageSize
                0x080049d8       0x12 src\fat16.o
                0x080049d8                FAT16_GetStorageSize
 *fill*         0x080049ea        0x2 
 .text.FAT16_Init
                0x080049ec       0x88 src\fat16.o
                0x080049ec                FAT16_Init
 .text.FAT16_CreateBlockFAT
                0x08004a74      0x100 src\fat16.o
                0x08004a74                FAT16_CreateBlockFAT
 .text.FAT16_CreateBlockDIR
                0x08004b74       0x74 src\fat16.o
                0x08004b74                FAT16_CreateBlockDIR
 .text.FAT16_CreateBlockDATA
                0x08004be8       0x24 src\fat16.o
                0x08004be8                FAT16_CreateBlockDATA
 .text.FAT16_CreateBlock
                0x08004c0c       0xb0 src\fat16.o
                0x08004c0c                FAT16_CreateBlock
 .text.main     0x08004cbc       0x2c src\main.o
                0x08004cbc                main
 .text.NMI_Handler
                0x08004ce8        0xe src\stm32f4xx_it.o
                0x08004ce8                NMI_Handler
 .text.HardFault_Handler
                0x08004cf6        0x6 src\stm32f4xx_it.o
                0x08004cf6                HardFault_Handler
 .text.MemManage_Handler
                0x08004cfc        0x6 src\stm32f4xx_it.o
                0x08004cfc                MemManage_Handler
 .text.BusFault_Handler
                0x08004d02        0x6 src\stm32f4xx_it.o
                0x08004d02                BusFault_Handler
 .text.UsageFault_Handler
                0x08004d08        0x6 src\stm32f4xx_it.o
                0x08004d08                UsageFault_Handler
 .text.SVC_Handler
                0x08004d0e        0xe src\stm32f4xx_it.o
                0x08004d0e                SVC_Handler
 .text.DebugMon_Handler
                0x08004d1c        0xe src\stm32f4xx_it.o
                0x08004d1c                DebugMon_Handler
 .text.PendSV_Handler
                0x08004d2a        0xe src\stm32f4xx_it.o
                0x08004d2a                PendSV_Handler
 .text.SystemInit
                0x08004d38       0x5c src\system_stm32f4xx.o
                0x08004d38                SystemInit
 .text.SetSysClock
                0x08004d94      0x128 src\system_stm32f4xx.o
 .text.USB_OTG_BSP_Init
                0x08004ebc      0x130 src\usb_bsp.o
                0x08004ebc                USB_OTG_BSP_Init
 .text.USB_OTG_BSP_EnableInterrupt
                0x08004fec       0x32 src\usb_bsp.o
                0x08004fec                USB_OTG_BSP_EnableInterrupt
 *fill*         0x0800501e        0x2 
 .text.USB_OTG_BSP_uDelay
                0x08005020       0x48 src\usb_bsp.o
                0x08005020                USB_OTG_BSP_uDelay
 .text.USB_OTG_BSP_mDelay
                0x08005068       0x20 src\usb_bsp.o
                0x08005068                USB_OTG_BSP_mDelay
 .text.OTG_FS_WKUP_IRQHandler
                0x08005088       0x6c src\usb_bsp.o
                0x08005088                OTG_FS_WKUP_IRQHandler
 .text.OTG_FS_IRQHandler
                0x080050f4       0x14 src\usb_bsp.o
                0x080050f4                OTG_FS_IRQHandler
 .text.EXTI0_IRQHandler
                0x08005108        0xe src\usb_bsp.o
                0x08005108                EXTI0_IRQHandler
 *fill*         0x08005116        0x2 
 .text.USBD_USR_DeviceDescriptor
                0x08005118       0x24 src\usbd_desc.o
                0x08005118                USBD_USR_DeviceDescriptor
 .text.USBD_USR_LangIDStrDescriptor
                0x0800513c       0x24 src\usbd_desc.o
                0x0800513c                USBD_USR_LangIDStrDescriptor
 .text.USBD_USR_ProductStrDescriptor
                0x08005160       0x40 src\usbd_desc.o
                0x08005160                USBD_USR_ProductStrDescriptor
 .text.USBD_USR_ManufacturerStrDescriptor
                0x080051a0       0x28 src\usbd_desc.o
                0x080051a0                USBD_USR_ManufacturerStrDescriptor
 .text.USBD_USR_SerialStrDescriptor
                0x080051c8       0x40 src\usbd_desc.o
                0x080051c8                USBD_USR_SerialStrDescriptor
 .text.USBD_USR_ConfigStrDescriptor
                0x08005208       0x3c src\usbd_desc.o
                0x08005208                USBD_USR_ConfigStrDescriptor
 .text.USBD_USR_InterfaceStrDescriptor
                0x08005244       0x3c src\usbd_desc.o
                0x08005244                USBD_USR_InterfaceStrDescriptor
 .text.STORAGE_Init
                0x08005280       0x18 src\usbd_storage_msd.o
                0x08005280                STORAGE_Init
 .text.STORAGE_GetCapacity
                0x08005298       0x2c src\usbd_storage_msd.o
                0x08005298                STORAGE_GetCapacity
 .text.STORAGE_IsReady
                0x080052c4       0x18 src\usbd_storage_msd.o
                0x080052c4                STORAGE_IsReady
 .text.STORAGE_IsWriteProtected
                0x080052dc       0x18 src\usbd_storage_msd.o
                0x080052dc                STORAGE_IsWriteProtected
 .text.STORAGE_Read
                0x080052f4       0x2a src\usbd_storage_msd.o
                0x080052f4                STORAGE_Read
 .text.STORAGE_Write
                0x0800531e       0x22 src\usbd_storage_msd.o
                0x0800531e                STORAGE_Write
 .text.STORAGE_GetMaxLun
                0x08005340       0x10 src\usbd_storage_msd.o
                0x08005340                STORAGE_GetMaxLun
 .text.USBD_USR_Init
                0x08005350        0xe src\usbd_usr.o
                0x08005350                USBD_USR_Init
 .text.USBD_USR_DeviceReset
                0x0800535e       0x16 src\usbd_usr.o
                0x0800535e                USBD_USR_DeviceReset
 .text.USBD_USR_DeviceConfigured
                0x08005374        0xe src\usbd_usr.o
                0x08005374                USBD_USR_DeviceConfigured
 .text.USBD_USR_DeviceSuspended
                0x08005382        0xe src\usbd_usr.o
                0x08005382                USBD_USR_DeviceSuspended
 .text.USBD_USR_DeviceResumed
                0x08005390        0xe src\usbd_usr.o
                0x08005390                USBD_USR_DeviceResumed
 .text.USBD_USR_DeviceConnected
                0x0800539e        0xe src\usbd_usr.o
                0x0800539e                USBD_USR_DeviceConnected
 .text.USBD_USR_DeviceDisconnected
                0x080053ac        0xe src\usbd_usr.o
                0x080053ac                USBD_USR_DeviceDisconnected
 *fill*         0x080053ba        0x2 
 .text.Reset_Handler
                0x080053bc       0x58 startup\startup_stm32f4xx.o
                0x080053bc                Reset_Handler
 .text.Default_Handler
                0x08005414        0x2 startup\startup_stm32f4xx.o
                0x08005414                RTC_Alarm_IRQHandler
                0x08005414                HASH_RNG_IRQHandler
                0x08005414                EXTI2_IRQHandler
                0x08005414                TIM8_CC_IRQHandler
                0x08005414                TIM1_CC_IRQHandler
                0x08005414                DMA2_Stream5_IRQHandler
                0x08005414                DMA1_Stream5_IRQHandler
                0x08005414                SysTick_Handler
                0x08005414                PVD_IRQHandler
                0x08005414                SDIO_IRQHandler
                0x08005414                TAMP_STAMP_IRQHandler
                0x08005414                CAN2_RX1_IRQHandler
                0x08005414                EXTI3_IRQHandler
                0x08005414                TIM8_TRG_COM_TIM14_IRQHandler
                0x08005414                TIM1_UP_TIM10_IRQHandler
                0x08005414                TIM8_UP_TIM13_IRQHandler
                0x08005414                I2C3_ER_IRQHandler
                0x08005414                I2C2_EV_IRQHandler
                0x08005414                DMA1_Stream2_IRQHandler
                0x08005414                CAN1_RX0_IRQHandler
                0x08005414                FPU_IRQHandler
                0x08005414                OTG_HS_WKUP_IRQHandler
                0x08005414                CAN2_SCE_IRQHandler
                0x08005414                DMA2_Stream2_IRQHandler
                0x08005414                SPI1_IRQHandler
                0x08005414                TIM6_DAC_IRQHandler
                0x08005414                TIM1_BRK_TIM9_IRQHandler
                0x08005414                DCMI_IRQHandler
                0x08005414                CAN2_RX0_IRQHandler
                0x08005414                DMA2_Stream3_IRQHandler
                0x08005414                USART6_IRQHandler
                0x08005414                USART3_IRQHandler
                0x08005414                CRYP_IRQHandler
                0x08005414                CAN1_RX1_IRQHandler
                0x08005414                UART5_IRQHandler
                0x08005414                DMA2_Stream0_IRQHandler
                0x08005414                TIM4_IRQHandler
                0x08005414                I2C1_EV_IRQHandler
                0x08005414                DMA1_Stream6_IRQHandler
                0x08005414                DMA1_Stream1_IRQHandler
                0x08005414                UART4_IRQHandler
                0x08005414                TIM3_IRQHandler
                0x08005414                RCC_IRQHandler
                0x08005414                TIM8_BRK_TIM12_IRQHandler
                0x08005414                Default_Handler
                0x08005414                EXTI15_10_IRQHandler
                0x08005414                ADC_IRQHandler
                0x08005414                DMA1_Stream7_IRQHandler
                0x08005414                TIM7_IRQHandler
                0x08005414                CAN2_TX_IRQHandler
                0x08005414                TIM5_IRQHandler
                0x08005414                DMA2_Stream7_IRQHandler
                0x08005414                I2C3_EV_IRQHandler
                0x08005414                EXTI9_5_IRQHandler
                0x08005414                RTC_WKUP_IRQHandler
                0x08005414                ETH_WKUP_IRQHandler
                0x08005414                SPI2_IRQHandler
                0x08005414                OTG_HS_EP1_IN_IRQHandler
                0x08005414                DMA1_Stream0_IRQHandler
                0x08005414                CAN1_TX_IRQHandler
                0x08005414                EXTI4_IRQHandler
                0x08005414                FSMC_IRQHandler
                0x08005414                ETH_IRQHandler
                0x08005414                OTG_HS_EP1_OUT_IRQHandler
                0x08005414                WWDG_IRQHandler
                0x08005414                TIM2_IRQHandler
                0x08005414                TIM1_TRG_COM_TIM11_IRQHandler
                0x08005414                OTG_HS_IRQHandler
                0x08005414                EXTI1_IRQHandler
                0x08005414                USART2_IRQHandler
                0x08005414                I2C2_ER_IRQHandler
                0x08005414                DMA2_Stream1_IRQHandler
                0x08005414                CAN1_SCE_IRQHandler
                0x08005414                FLASH_IRQHandler
                0x08005414                DMA2_Stream4_IRQHandler
                0x08005414                USART1_IRQHandler
                0x08005414                SPI3_IRQHandler
                0x08005414                DMA1_Stream4_IRQHandler
                0x08005414                I2C1_ER_IRQHandler
                0x08005414                DMA2_Stream6_IRQHandler
                0x08005414                DMA1_Stream3_IRQHandler
 *fill*         0x08005416        0x2 
 .text.__libc_init_array
                0x08005418       0x48 c:/program files (x86)/atollic/truestudio for stm32 9.0.1/armtools/bin/../lib/gcc/arm-atollic-eabi/6.3.1/../../../../arm-atollic-eabi/lib/armv7e-m/fpu\libc_nano.a(lib_a-init.o)
                0x08005418                __libc_init_array
 .text.memcpy   0x08005460       0x16 c:/program files (x86)/atollic/truestudio for stm32 9.0.1/armtools/bin/../lib/gcc/arm-atollic-eabi/6.3.1/../../../../arm-atollic-eabi/lib/armv7e-m/fpu\libc_nano.a(lib_a-memcpy-stub.o)
                0x08005460                memcpy
 .text.memset   0x08005476       0x10 c:/program files (x86)/atollic/truestudio for stm32 9.0.1/armtools/bin/../lib/gcc/arm-atollic-eabi/6.3.1/../../../../arm-atollic-eabi/lib/armv7e-m/fpu\libc_nano.a(lib_a-memset.o)
                0x08005476                memset
 *(.rodata)
 *fill*         0x08005486        0x2 
 .rodata        0x08005488       0x24 src\fat16.o
 .rodata        0x080054ac       0x7e src\usbd_desc.o
 *(.rodata*)
 *fill*         0x0800552a        0x2 
 .rodata.MSC_Page00_Inquiry_Data
                0x0800552c        0x7 Libraries\STM32_USB_Device_Library\Class\msc\src\usbd_msc_data.o
                0x0800552c                MSC_Page00_Inquiry_Data
 *fill*         0x08005533        0x1 
 .rodata.MSC_Mode_Sense6_data
                0x08005534        0x8 Libraries\STM32_USB_Device_Library\Class\msc\src\usbd_msc_data.o
                0x08005534                MSC_Mode_Sense6_data
 .rodata.MSC_Mode_Sense10_data
                0x0800553c        0x8 Libraries\STM32_USB_Device_Library\Class\msc\src\usbd_msc_data.o
                0x0800553c                MSC_Mode_Sense10_data
 .rodata.g_BootRecordFAT16struct
                0x08005544      0x200 src\fat16.o
 .rodata.g_FATSect0
                0x08005744        0x4 src\fat16.o
 .rodata.g_arrFatFilesTempl
                0x08005748       0x60 src\fat16.o
 .rodata.STORAGE_Inquirydata
                0x080057a8       0x24 src\usbd_storage_msd.o
                0x080057a8                STORAGE_Inquirydata
 *(.glue_7)
 .glue_7        0x080057cc        0x0 linker stubs
 *(.glue_7t)
 .glue_7t       0x080057cc        0x0 linker stubs
 *(.eh_frame)
 .eh_frame      0x080057cc        0x0 c:/program files (x86)/atollic/truestudio for stm32 9.0.1/armtools/bin/../lib/gcc/arm-atollic-eabi/6.3.1/armv7e-m/fpu/crtbegin.o
 *(.init)
 .init          0x080057cc        0x4 c:/program files (x86)/atollic/truestudio for stm32 9.0.1/armtools/bin/../lib/gcc/arm-atollic-eabi/6.3.1/armv7e-m/fpu/crti.o
                0x080057cc                _init
 .init          0x080057d0        0x8 c:/program files (x86)/atollic/truestudio for stm32 9.0.1/armtools/bin/../lib/gcc/arm-atollic-eabi/6.3.1/armv7e-m/fpu/crtn.o
 *(.fini)
 .fini          0x080057d8        0x4 c:/program files (x86)/atollic/truestudio for stm32 9.0.1/armtools/bin/../lib/gcc/arm-atollic-eabi/6.3.1/armv7e-m/fpu/crti.o
                0x080057d8                _fini
 .fini          0x080057dc        0x8 c:/program files (x86)/atollic/truestudio for stm32 9.0.1/armtools/bin/../lib/gcc/arm-atollic-eabi/6.3.1/armv7e-m/fpu/crtn.o
                0x080057e4                . = ALIGN (0x4)
                0x080057e4                _etext = .

.vfp11_veneer   0x080057e4        0x0
 .vfp11_veneer  0x080057e4        0x0 linker stubs

.v4_bx          0x080057e4        0x0
 .v4_bx         0x080057e4        0x0 linker stubs

.iplt           0x080057e4        0x0
 .iplt          0x080057e4        0x0 c:/program files (x86)/atollic/truestudio for stm32 9.0.1/armtools/bin/../lib/gcc/arm-atollic-eabi/6.3.1/armv7e-m/fpu/crtbegin.o

.rel.dyn        0x080057e4        0x0
 .rel.iplt      0x080057e4        0x0 c:/program files (x86)/atollic/truestudio for stm32 9.0.1/armtools/bin/../lib/gcc/arm-atollic-eabi/6.3.1/armv7e-m/fpu/crtbegin.o

.ARM.extab
 *(.ARM.extab* .gnu.linkonce.armextab.*)

.ARM            0x080057e4        0x0
                0x080057e4                __exidx_start = .
 *(.ARM.exidx*)
                0x080057e4                __exidx_end = .

.preinit_array  0x080057e4        0x0
                0x080057e4                PROVIDE (__preinit_array_start, .)
 *(.preinit_array*)
                0x080057e4                PROVIDE (__preinit_array_end, .)

.init_array     0x080057e4        0x4
                0x080057e4                PROVIDE (__init_array_start, .)
 *(SORT(.init_array.*))
 *(.init_array*)
 .init_array    0x080057e4        0x4 c:/program files (x86)/atollic/truestudio for stm32 9.0.1/armtools/bin/../lib/gcc/arm-atollic-eabi/6.3.1/armv7e-m/fpu/crtbegin.o
                0x080057e8                PROVIDE (__init_array_end, .)

.fini_array     0x080057e8        0x4
                [!provide]                PROVIDE (__fini_array_start, .)
 *(.fini_array*)
 .fini_array    0x080057e8        0x4 c:/program files (x86)/atollic/truestudio for stm32 9.0.1/armtools/bin/../lib/gcc/arm-atollic-eabi/6.3.1/armv7e-m/fpu/crtbegin.o
 *(SORT(.fini_array.*))
                [!provide]                PROVIDE (__fini_array_end, .)
                0x080057ec                _sidata = .

.data           0x20000000       0xf0 load address 0x080057ec
                0x20000000                . = ALIGN (0x4)
                0x20000000                _sdata = .
 *(.data)
 *(.data*)
 .data.USBD_MSC_CfgDesc
                0x20000000       0x20 Libraries\STM32_USB_Device_Library\Class\msc\src\usbd_msc_core.o
                0x20000000                USBD_MSC_CfgDesc
 .data.USBD_MSC_cb
                0x20000020       0x2c Libraries\STM32_USB_Device_Library\Class\msc\src\usbd_msc_core.o
                0x20000020                USBD_MSC_cb
 .data.USBD_DCD_INT_cb
                0x2000004c       0x2c Libraries\STM32_USB_Device_Library\Core\src\usbd_core.o
                0x2000004c                USBD_DCD_INT_cb
 .data.USBD_DCD_INT_fops
                0x20000078        0x4 Libraries\STM32_USB_Device_Library\Core\src\usbd_core.o
                0x20000078                USBD_DCD_INT_fops
 .data.USR_desc
                0x2000007c       0x1c src\usbd_desc.o
                0x2000007c                USR_desc
 .data.USBD_DeviceDesc
                0x20000098       0x12 src\usbd_desc.o
                0x20000098                USBD_DeviceDesc
 *fill*         0x200000aa        0x2 
 .data.USBD_LangIDDesc
                0x200000ac        0x4 src\usbd_desc.o
                0x200000ac                USBD_LangIDDesc
 .data.USBD_MICRO_SDIO_fops
                0x200000b0       0x20 src\usbd_storage_msd.o
                0x200000b0                USBD_MICRO_SDIO_fops
 .data.USBD_STORAGE_fops
                0x200000d0        0x4 src\usbd_storage_msd.o
                0x200000d0                USBD_STORAGE_fops
 .data.USR_cb   0x200000d4       0x1c src\usbd_usr.o
                0x200000d4                USR_cb
                0x200000f0                . = ALIGN (0x4)
                0x200000f0                _edata = .

.igot.plt       0x200000f0        0x0 load address 0x080058dc
 .igot.plt      0x200000f0        0x0 c:/program files (x86)/atollic/truestudio for stm32 9.0.1/armtools/bin/../lib/gcc/arm-atollic-eabi/6.3.1/armv7e-m/fpu/crtbegin.o
                0x200000f0                . = ALIGN (0x4)

.bss            0x200000f0     0x1ae0 load address 0x080058dc
                0x200000f0                _sbss = .
                0x200000f0                __bss_start__ = _sbss
 *(.bss)
 .bss           0x200000f0       0x1c c:/program files (x86)/atollic/truestudio for stm32 9.0.1/armtools/bin/../lib/gcc/arm-atollic-eabi/6.3.1/armv7e-m/fpu/crtbegin.o
 *(.bss*)
 .bss.USBD_MSC_MaxLun
                0x2000010c        0x1 Libraries\STM32_USB_Device_Library\Class\msc\src\usbd_msc_core.o
 .bss.USBD_MSC_AltSet
                0x2000010d        0x1 Libraries\STM32_USB_Device_Library\Class\msc\src\usbd_msc_core.o
 *fill*         0x2000010e        0x2 
 .bss.USBD_ep_status
                0x20000110        0x4 Libraries\STM32_USB_Device_Library\Core\src\usbd_req.o
                0x20000110                USBD_ep_status
 .bss.USBD_default_cfg
                0x20000114        0x4 Libraries\STM32_USB_Device_Library\Core\src\usbd_req.o
                0x20000114                USBD_default_cfg
 .bss.USBD_cfg_status
                0x20000118        0x4 Libraries\STM32_USB_Device_Library\Core\src\usbd_req.o
                0x20000118                USBD_cfg_status
 .bss.cfgidx.10635
                0x2000011c        0x1 Libraries\STM32_USB_Device_Library\Core\src\usbd_req.o
 *fill*         0x2000011d        0x1 
 .bss.g_nFilesCount
                0x2000011e        0x2 src\fat16.o
 .bss.g_arrData
                0x20000120      0x400 src\fat16.o
 .bss.nLastFile.8943
                0x20000520        0x2 src\fat16.o
 *(COMMON)
 *fill*         0x20000522        0x2 
 COMMON         0x20000524     0x1038 Libraries\STM32_USB_Device_Library\Class\msc\src\usbd_msc_bot.o
                0x20000524                MSC_BOT_Data
                0x20001524                MSC_BOT_Status
                0x20001528                MSC_BOT_cbw
                0x20001548                MSC_BOT_csw
                0x20001558                MSC_BOT_State
                0x2000155a                MSC_BOT_DataLen
 COMMON         0x2000155c       0x39 Libraries\STM32_USB_Device_Library\Class\msc\src\usbd_msc_scsi.o
                0x2000155c                SCSI_blk_nbr
                0x20001560                SCSI_blk_size
                0x20001564                SCSI_Sense_Head
                0x20001568                SCSI_blk_len
                0x2000156c                SCSI_Sense
                0x2000158c                SCSI_blk_addr
                0x20001590                cdev
                0x20001594                SCSI_Sense_Tail
 *fill*         0x20001595        0x3 
 COMMON         0x20001598        0x4 Libraries\STM32_USB_Device_Library\Core\src\usbd_core.o
                0x20001598                SET_TEST_MODE
 COMMON         0x2000159c       0x40 Libraries\STM32_USB_Device_Library\Core\src\usbd_req.o
                0x2000159c                USBD_StrDesc
 COMMON         0x200015dc      0x5f4 src\main.o
                0x200015dc                USB_OTG_dev
                0x20001bd0                . = ALIGN (0x4)
                0x20001bd0                _ebss = .
                0x20001bd0                __bss_end__ = _ebss

._user_heap_stack
                0x20001bd0      0x400 load address 0x080058dc
                0x20001bd0                . = ALIGN (0x4)
                [!provide]                PROVIDE (end, .)
                [!provide]                PROVIDE (_end, .)
                0x20001bd0                . = (. + _Min_Heap_Size)
                0x20001fd0                . = (. + _Min_Stack_Size)
 *fill*         0x20001bd0      0x400 
                0x20001fd0                . = ALIGN (0x4)

.ccmram         0x10000000     0x1000
                0x10000000                . = ALIGN (0x4)
                0x10000000                _sccmram = .
 *(.ccmram)
 .ccmram        0x10000000     0x1000 src\fat16.o
 *(.ccmram*)
                0x10001000                . = ALIGN (0x4)
                0x10001000                _eccmram = .

.memory_b1_text
 *(.mb1text)
 *(.mb1text*)
 *(.mb1rodata)
 *(.mb1rodata*)

/DISCARD/
 libc.a(*)
 libm.a(*)
 libgcc.a(*)

.ARM.attributes
                0x00000000       0x30
 *(.ARM.attributes)
 .ARM.attributes
                0x00000000       0x22 c:/program files (x86)/atollic/truestudio for stm32 9.0.1/armtools/bin/../lib/gcc/arm-atollic-eabi/6.3.1/armv7e-m/fpu/crti.o
 .ARM.attributes
                0x00000022       0x34 c:/program files (x86)/atollic/truestudio for stm32 9.0.1/armtools/bin/../lib/gcc/arm-atollic-eabi/6.3.1/armv7e-m/fpu/crtbegin.o
 .ARM.attributes
                0x00000056       0x39 Libraries\STM32F4xx_StdPeriph_Driver\src\misc.o
 .ARM.attributes
                0x0000008f       0x39 Libraries\STM32F4xx_StdPeriph_Driver\src\stm32f4xx_exti.o
 .ARM.attributes
                0x000000c8       0x39 Libraries\STM32F4xx_StdPeriph_Driver\src\stm32f4xx_gpio.o
 .ARM.attributes
                0x00000101       0x39 Libraries\STM32F4xx_StdPeriph_Driver\src\stm32f4xx_rcc.o
 .ARM.attributes
                0x0000013a       0x39 Libraries\STM32F4xx_StdPeriph_Driver\src\stm32f4xx_syscfg.o
 .ARM.attributes
                0x00000173       0x39 Libraries\STM32_USB_Device_Library\Class\msc\src\usbd_msc_bot.o
 .ARM.attributes
                0x000001ac       0x39 Libraries\STM32_USB_Device_Library\Class\msc\src\usbd_msc_core.o
 .ARM.attributes
                0x000001e5       0x39 Libraries\STM32_USB_Device_Library\Class\msc\src\usbd_msc_data.o
 .ARM.attributes
                0x0000021e       0x39 Libraries\STM32_USB_Device_Library\Class\msc\src\usbd_msc_scsi.o
 .ARM.attributes
                0x00000257       0x39 Libraries\STM32_USB_Device_Library\Core\src\usbd_core.o
 .ARM.attributes
                0x00000290       0x39 Libraries\STM32_USB_Device_Library\Core\src\usbd_ioreq.o
 .ARM.attributes
                0x000002c9       0x39 Libraries\STM32_USB_Device_Library\Core\src\usbd_req.o
 .ARM.attributes
                0x00000302       0x39 Libraries\STM32_USB_OTG_Driver\src\usb_core.o
 .ARM.attributes
                0x0000033b       0x39 Libraries\STM32_USB_OTG_Driver\src\usb_dcd.o
 .ARM.attributes
                0x00000374       0x39 Libraries\STM32_USB_OTG_Driver\src\usb_dcd_int.o
 .ARM.attributes
                0x000003ad       0x39 src\fat16.o
 .ARM.attributes
                0x000003e6       0x39 src\main.o
 .ARM.attributes
                0x0000041f       0x39 src\stm32f4xx_it.o
 .ARM.attributes
                0x00000458       0x39 src\system_stm32f4xx.o
 .ARM.attributes
                0x00000491       0x39 src\usb_bsp.o
 .ARM.attributes
                0x000004ca       0x39 src\usbd_desc.o
 .ARM.attributes
                0x00000503       0x39 src\usbd_storage_msd.o
 .ARM.attributes
                0x0000053c       0x39 src\usbd_usr.o
 .ARM.attributes
                0x00000575       0x21 startup\startup_stm32f4xx.o
 .ARM.attributes
                0x00000596       0x34 c:/program files (x86)/atollic/truestudio for stm32 9.0.1/armtools/bin/../lib/gcc/arm-atollic-eabi/6.3.1/../../../../arm-atollic-eabi/lib/armv7e-m/fpu\libc_nano.a(lib_a-init.o)
 .ARM.attributes
                0x000005ca       0x34 c:/program files (x86)/atollic/truestudio for stm32 9.0.1/armtools/bin/../lib/gcc/arm-atollic-eabi/6.3.1/../../../../arm-atollic-eabi/lib/armv7e-m/fpu\libc_nano.a(lib_a-memcpy-stub.o)
 .ARM.attributes
                0x000005fe       0x34 c:/program files (x86)/atollic/truestudio for stm32 9.0.1/armtools/bin/../lib/gcc/arm-atollic-eabi/6.3.1/../../../../arm-atollic-eabi/lib/armv7e-m/fpu\libc_nano.a(lib_a-memset.o)
 .ARM.attributes
                0x00000632       0x1b c:/program files (x86)/atollic/truestudio for stm32 9.0.1/armtools/bin/../lib/gcc/arm-atollic-eabi/6.3.1/../../../../arm-atollic-eabi/lib/armv7e-m/fpu\libc_nano.a(lib_a-strlen.o)
 .ARM.attributes
                0x0000064d       0x22 c:/program files (x86)/atollic/truestudio for stm32 9.0.1/armtools/bin/../lib/gcc/arm-atollic-eabi/6.3.1/armv7e-m/fpu/crtn.o
OUTPUT(USB-MSC-F4.elf elf32-littlearm)

.debug_info     0x00000000    0x193db
 .debug_info    0x00000000      0x54d Libraries\STM32F4xx_StdPeriph_Driver\src\misc.o
 .debug_info    0x0000054d      0x366 Libraries\STM32F4xx_StdPeriph_Driver\src\stm32f4xx_exti.o
 .debug_info    0x000008b3      0x625 Libraries\STM32F4xx_StdPeriph_Driver\src\stm32f4xx_gpio.o
 .debug_info    0x00000ed8      0xc72 Libraries\STM32F4xx_StdPeriph_Driver\src\stm32f4xx_rcc.o
 .debug_info    0x00001b4a      0x283 Libraries\STM32F4xx_StdPeriph_Driver\src\stm32f4xx_syscfg.o
 .debug_info    0x00001dcd     0x182f Libraries\STM32_USB_Device_Library\Class\msc\src\usbd_msc_bot.o
 .debug_info    0x000035fc     0x16db Libraries\STM32_USB_Device_Library\Class\msc\src\usbd_msc_core.o
 .debug_info    0x00004cd7      0x93f Libraries\STM32_USB_Device_Library\Class\msc\src\usbd_msc_data.o
 .debug_info    0x00005616     0x1ae5 Libraries\STM32_USB_Device_Library\Class\msc\src\usbd_msc_scsi.o
 .debug_info    0x000070fb     0x1871 Libraries\STM32_USB_Device_Library\Core\src\usbd_core.o
 .debug_info    0x0000896c     0x1507 Libraries\STM32_USB_Device_Library\Core\src\usbd_ioreq.o
 .debug_info    0x00009e73     0x1889 Libraries\STM32_USB_Device_Library\Core\src\usbd_req.o
 .debug_info    0x0000b6fc     0x2cbb Libraries\STM32_USB_OTG_Driver\src\usb_core.o
 .debug_info    0x0000e3b7     0x186f Libraries\STM32_USB_OTG_Driver\src\usb_dcd.o
 .debug_info    0x0000fc26     0x273d Libraries\STM32_USB_OTG_Driver\src\usb_dcd_int.o
 .debug_info    0x00012363      0xde4 src\fat16.o
 .debug_info    0x00013147     0x13ee src\main.o
 .debug_info    0x00014535      0xaf8 src\stm32f4xx_it.o
 .debug_info    0x0001502d      0x5d0 src\system_stm32f4xx.o
 .debug_info    0x000155fd     0x1b8f src\usb_bsp.o
 .debug_info    0x0001718c      0xbd4 src\usbd_desc.o
 .debug_info    0x00017d60      0xbce src\usbd_storage_msd.o
 .debug_info    0x0001892e      0xa1f src\usbd_usr.o
 .debug_info    0x0001934d       0x8e startup\startup_stm32f4xx.o

.debug_abbrev   0x00000000     0x3117
 .debug_abbrev  0x00000000      0x172 Libraries\STM32F4xx_StdPeriph_Driver\src\misc.o
 .debug_abbrev  0x00000172      0x1bc Libraries\STM32F4xx_StdPeriph_Driver\src\stm32f4xx_exti.o
 .debug_abbrev  0x0000032e      0x1b8 Libraries\STM32F4xx_StdPeriph_Driver\src\stm32f4xx_gpio.o
 .debug_abbrev  0x000004e6      0x1f8 Libraries\STM32F4xx_StdPeriph_Driver\src\stm32f4xx_rcc.o
 .debug_abbrev  0x000006de      0x146 Libraries\STM32F4xx_StdPeriph_Driver\src\stm32f4xx_syscfg.o
 .debug_abbrev  0x00000824      0x289 Libraries\STM32_USB_Device_Library\Class\msc\src\usbd_msc_bot.o
 .debug_abbrev  0x00000aad      0x250 Libraries\STM32_USB_Device_Library\Class\msc\src\usbd_msc_core.o
 .debug_abbrev  0x00000cfd      0x16e Libraries\STM32_USB_Device_Library\Class\msc\src\usbd_msc_data.o
 .debug_abbrev  0x00000e6b      0x2da Libraries\STM32_USB_Device_Library\Class\msc\src\usbd_msc_scsi.o
 .debug_abbrev  0x00001145      0x2db Libraries\STM32_USB_Device_Library\Core\src\usbd_core.o
 .debug_abbrev  0x00001420      0x224 Libraries\STM32_USB_Device_Library\Core\src\usbd_ioreq.o
 .debug_abbrev  0x00001644      0x315 Libraries\STM32_USB_Device_Library\Core\src\usbd_req.o
 .debug_abbrev  0x00001959      0x342 Libraries\STM32_USB_OTG_Driver\src\usb_core.o
 .debug_abbrev  0x00001c9b      0x2b2 Libraries\STM32_USB_OTG_Driver\src\usb_dcd.o
 .debug_abbrev  0x00001f4d      0x29c Libraries\STM32_USB_OTG_Driver\src\usb_dcd_int.o
 .debug_abbrev  0x000021e9      0x22e src\fat16.o
 .debug_abbrev  0x00002417      0x1d0 src\main.o
 .debug_abbrev  0x000025e7      0x178 src\stm32f4xx_it.o
 .debug_abbrev  0x0000275f      0x158 src\system_stm32f4xx.o
 .debug_abbrev  0x000028b7      0x296 src\usb_bsp.o
 .debug_abbrev  0x00002b4d      0x1f9 src\usbd_desc.o
 .debug_abbrev  0x00002d46      0x211 src\usbd_storage_msd.o
 .debug_abbrev  0x00002f57      0x1ae src\usbd_usr.o
 .debug_abbrev  0x00003105       0x12 startup\startup_stm32f4xx.o

.debug_aranges  0x00000000      0xa50
 .debug_aranges
                0x00000000       0x40 Libraries\STM32F4xx_StdPeriph_Driver\src\misc.o
 .debug_aranges
                0x00000040       0x58 Libraries\STM32F4xx_StdPeriph_Driver\src\stm32f4xx_exti.o
 .debug_aranges
                0x00000098       0x88 Libraries\STM32F4xx_StdPeriph_Driver\src\stm32f4xx_gpio.o
 .debug_aranges
                0x00000120      0x178 Libraries\STM32F4xx_StdPeriph_Driver\src\stm32f4xx_rcc.o
 .debug_aranges
                0x00000298       0x48 Libraries\STM32F4xx_StdPeriph_Driver\src\stm32f4xx_syscfg.o
 .debug_aranges
                0x000002e0       0x68 Libraries\STM32_USB_Device_Library\Class\msc\src\usbd_msc_bot.o
 .debug_aranges
                0x00000348       0x48 Libraries\STM32_USB_Device_Library\Class\msc\src\usbd_msc_core.o
 .debug_aranges
                0x00000390       0x18 Libraries\STM32_USB_Device_Library\Class\msc\src\usbd_msc_data.o
 .debug_aranges
                0x000003a8       0x98 Libraries\STM32_USB_Device_Library\Class\msc\src\usbd_msc_scsi.o
 .debug_aranges
                0x00000440       0x98 Libraries\STM32_USB_Device_Library\Core\src\usbd_core.o
 .debug_aranges
                0x000004d8       0x50 Libraries\STM32_USB_Device_Library\Core\src\usbd_ioreq.o
 .debug_aranges
                0x00000528       0x88 Libraries\STM32_USB_Device_Library\Core\src\usbd_req.o
 .debug_aranges
                0x000005b0      0x138 Libraries\STM32_USB_OTG_Driver\src\usb_core.o
 .debug_aranges
                0x000006e8       0x80 Libraries\STM32_USB_OTG_Driver\src\usb_dcd.o
 .debug_aranges
                0x00000768       0x90 Libraries\STM32_USB_OTG_Driver\src\usb_dcd_int.o
 .debug_aranges
                0x000007f8       0x48 src\fat16.o
 .debug_aranges
                0x00000840       0x20 src\main.o
 .debug_aranges
                0x00000860       0x58 src\stm32f4xx_it.o
 .debug_aranges
                0x000008b8       0x30 src\system_stm32f4xx.o
 .debug_aranges
                0x000008e8       0x50 src\usb_bsp.o
 .debug_aranges
                0x00000938       0x50 src\usbd_desc.o
 .debug_aranges
                0x00000988       0x50 src\usbd_storage_msd.o
 .debug_aranges
                0x000009d8       0x50 src\usbd_usr.o
 .debug_aranges
                0x00000a28       0x28 startup\startup_stm32f4xx.o

.debug_ranges   0x00000000      0x900
 .debug_ranges  0x00000000       0x30 Libraries\STM32F4xx_StdPeriph_Driver\src\misc.o
 .debug_ranges  0x00000030       0x48 Libraries\STM32F4xx_StdPeriph_Driver\src\stm32f4xx_exti.o
 .debug_ranges  0x00000078       0x78 Libraries\STM32F4xx_StdPeriph_Driver\src\stm32f4xx_gpio.o
 .debug_ranges  0x000000f0      0x168 Libraries\STM32F4xx_StdPeriph_Driver\src\stm32f4xx_rcc.o
 .debug_ranges  0x00000258       0x38 Libraries\STM32F4xx_StdPeriph_Driver\src\stm32f4xx_syscfg.o
 .debug_ranges  0x00000290       0x58 Libraries\STM32_USB_Device_Library\Class\msc\src\usbd_msc_bot.o
 .debug_ranges  0x000002e8       0x38 Libraries\STM32_USB_Device_Library\Class\msc\src\usbd_msc_core.o
 .debug_ranges  0x00000320       0x88 Libraries\STM32_USB_Device_Library\Class\msc\src\usbd_msc_scsi.o
 .debug_ranges  0x000003a8       0x88 Libraries\STM32_USB_Device_Library\Core\src\usbd_core.o
 .debug_ranges  0x00000430       0x40 Libraries\STM32_USB_Device_Library\Core\src\usbd_ioreq.o
 .debug_ranges  0x00000470       0x78 Libraries\STM32_USB_Device_Library\Core\src\usbd_req.o
 .debug_ranges  0x000004e8      0x128 Libraries\STM32_USB_OTG_Driver\src\usb_core.o
 .debug_ranges  0x00000610       0x70 Libraries\STM32_USB_OTG_Driver\src\usb_dcd.o
 .debug_ranges  0x00000680       0x80 Libraries\STM32_USB_OTG_Driver\src\usb_dcd_int.o
 .debug_ranges  0x00000700       0x68 src\fat16.o
 .debug_ranges  0x00000768       0x10 src\main.o
 .debug_ranges  0x00000778       0x48 src\stm32f4xx_it.o
 .debug_ranges  0x000007c0       0x20 src\system_stm32f4xx.o
 .debug_ranges  0x000007e0       0x40 src\usb_bsp.o
 .debug_ranges  0x00000820       0x40 src\usbd_desc.o
 .debug_ranges  0x00000860       0x40 src\usbd_storage_msd.o
 .debug_ranges  0x000008a0       0x40 src\usbd_usr.o
 .debug_ranges  0x000008e0       0x20 startup\startup_stm32f4xx.o

.debug_line     0x00000000     0x6abb
 .debug_line    0x00000000      0x316 Libraries\STM32F4xx_StdPeriph_Driver\src\misc.o
 .debug_line    0x00000316      0x379 Libraries\STM32F4xx_StdPeriph_Driver\src\stm32f4xx_exti.o
 .debug_line    0x0000068f      0x438 Libraries\STM32F4xx_StdPeriph_Driver\src\stm32f4xx_gpio.o
 .debug_line    0x00000ac7      0x67d Libraries\STM32F4xx_StdPeriph_Driver\src\stm32f4xx_rcc.o
 .debug_line    0x00001144      0x2b0 Libraries\STM32F4xx_StdPeriph_Driver\src\stm32f4xx_syscfg.o
 .debug_line    0x000013f4      0x520 Libraries\STM32_USB_Device_Library\Class\msc\src\usbd_msc_bot.o
 .debug_line    0x00001914      0x540 Libraries\STM32_USB_Device_Library\Class\msc\src\usbd_msc_core.o
 .debug_line    0x00001e54      0x34f Libraries\STM32_USB_Device_Library\Class\msc\src\usbd_msc_data.o
 .debug_line    0x000021a3      0x60c Libraries\STM32_USB_Device_Library\Class\msc\src\usbd_msc_scsi.o
 .debug_line    0x000027af      0x582 Libraries\STM32_USB_Device_Library\Core\src\usbd_core.o
 .debug_line    0x00002d31      0x455 Libraries\STM32_USB_Device_Library\Core\src\usbd_ioreq.o
 .debug_line    0x00003186      0x67e Libraries\STM32_USB_Device_Library\Core\src\usbd_req.o
 .debug_line    0x00003804      0x894 Libraries\STM32_USB_OTG_Driver\src\usb_core.o
 .debug_line    0x00004098      0x4f2 Libraries\STM32_USB_OTG_Driver\src\usb_dcd.o
 .debug_line    0x0000458a      0x59a Libraries\STM32_USB_OTG_Driver\src\usb_dcd_int.o
 .debug_line    0x00004b24      0x37b src\fat16.o
 .debug_line    0x00004e9f      0x498 src\main.o
 .debug_line    0x00005337      0x42a src\stm32f4xx_it.o
 .debug_line    0x00005761      0x2a5 src\system_stm32f4xx.o
 .debug_line    0x00005a06      0x4a7 src\usb_bsp.o
 .debug_line    0x00005ead      0x3ef src\usbd_desc.o
 .debug_line    0x0000629c      0x3a5 src\usbd_storage_msd.o
 .debug_line    0x00006641      0x3fa src\usbd_usr.o
 .debug_line    0x00006a3b       0x80 startup\startup_stm32f4xx.o

.debug_str      0x00000000     0x41f5
 .debug_str     0x00000000      0x413 Libraries\STM32F4xx_StdPeriph_Driver\src\misc.o
                                0x467 (size before relaxing)
 .debug_str     0x00000413      0x1d7 Libraries\STM32F4xx_StdPeriph_Driver\src\stm32f4xx_exti.o
                                0x3f2 (size before relaxing)
 .debug_str     0x000005ea      0x320 Libraries\STM32F4xx_StdPeriph_Driver\src\stm32f4xx_gpio.o
                                0x53c (size before relaxing)
 .debug_str     0x0000090a      0x643 Libraries\STM32F4xx_StdPeriph_Driver\src\stm32f4xx_rcc.o
                                0x8e9 (size before relaxing)
 .debug_str     0x00000f4d      0x156 Libraries\STM32F4xx_StdPeriph_Driver\src\stm32f4xx_syscfg.o
                                0x38d (size before relaxing)
 .debug_str     0x000010a3      0xd23 Libraries\STM32_USB_Device_Library\Class\msc\src\usbd_msc_bot.o
                               0x111a (size before relaxing)
 .debug_str     0x00001dc6      0x10d Libraries\STM32_USB_Device_Library\Class\msc\src\usbd_msc_core.o
                               0x1029 (size before relaxing)
 .debug_str     0x00001ed3       0x87 Libraries\STM32_USB_Device_Library\Class\msc\src\usbd_msc_data.o
                                0x6a8 (size before relaxing)
 .debug_str     0x00001f5a      0x1ae Libraries\STM32_USB_Device_Library\Class\msc\src\usbd_msc_scsi.o
                               0x1218 (size before relaxing)
 .debug_str     0x00002108      0x246 Libraries\STM32_USB_Device_Library\Core\src\usbd_core.o
                               0x108e (size before relaxing)
 .debug_str     0x0000234e       0xc9 Libraries\STM32_USB_Device_Library\Core\src\usbd_ioreq.o
                                0xea3 (size before relaxing)
 .debug_str     0x00002417      0x1ca Libraries\STM32_USB_Device_Library\Core\src\usbd_req.o
                               0x104c (size before relaxing)
 .debug_str     0x000025e1      0xb1c Libraries\STM32_USB_OTG_Driver\src\usb_core.o
                               0x1b46 (size before relaxing)
 .debug_str     0x000030fd      0x101 Libraries\STM32_USB_OTG_Driver\src\usb_dcd.o
                               0x100e (size before relaxing)
 .debug_str     0x000031fe      0x34e Libraries\STM32_USB_OTG_Driver\src\usb_dcd_int.o
                               0x1896 (size before relaxing)
 .debug_str     0x0000354c      0x305 src\fat16.o
                                0x954 (size before relaxing)
 .debug_str     0x00003851       0x3a src\main.o
                                0xe79 (size before relaxing)
 .debug_str     0x0000388b       0x96 src\stm32f4xx_it.o
                                0x7aa (size before relaxing)
 .debug_str     0x00003921       0x88 src\system_stm32f4xx.o
                                0x414 (size before relaxing)
 .debug_str     0x000039a9      0x5e4 src\usb_bsp.o
                               0x177b (size before relaxing)
 .debug_str     0x00003f8d       0xe5 src\usbd_desc.o
                                0x858 (size before relaxing)
 .debug_str     0x00004072       0xcf src\usbd_storage_msd.o
                                0x7a5 (size before relaxing)
 .debug_str     0x00004141       0xb4 src\usbd_usr.o
                                0x77c (size before relaxing)

.comment        0x00000000       0x7c
 .comment       0x00000000       0x7c Libraries\STM32F4xx_StdPeriph_Driver\src\misc.o
                                 0x7d (size before relaxing)
 .comment       0x0000007c       0x7d Libraries\STM32F4xx_StdPeriph_Driver\src\stm32f4xx_exti.o
 .comment       0x0000007c       0x7d Libraries\STM32F4xx_StdPeriph_Driver\src\stm32f4xx_gpio.o
 .comment       0x0000007c       0x7d Libraries\STM32F4xx_StdPeriph_Driver\src\stm32f4xx_rcc.o
 .comment       0x0000007c       0x7d Libraries\STM32F4xx_StdPeriph_Driver\src\stm32f4xx_syscfg.o
 .comment       0x0000007c       0x7d Libraries\STM32_USB_Device_Library\Class\msc\src\usbd_msc_bot.o
 .comment       0x0000007c       0x7d Libraries\STM32_USB_Device_Library\Class\msc\src\usbd_msc_core.o
 .comment       0x0000007c       0x7d Libraries\STM32_USB_Device_Library\Class\msc\src\usbd_msc_data.o
 .comment       0x0000007c       0x7d Libraries\STM32_USB_Device_Library\Class\msc\src\usbd_msc_scsi.o
 .comment       0x0000007c       0x7d Libraries\STM32_USB_Device_Library\Core\src\usbd_core.o
 .comment       0x0000007c       0x7d Libraries\STM32_USB_Device_Library\Core\src\usbd_ioreq.o
 .comment       0x0000007c       0x7d Libraries\STM32_USB_Device_Library\Core\src\usbd_req.o
 .comment       0x0000007c       0x7d Libraries\STM32_USB_OTG_Driver\src\usb_core.o
 .comment       0x0000007c       0x7d Libraries\STM32_USB_OTG_Driver\src\usb_dcd.o
 .comment       0x0000007c       0x7d Libraries\STM32_USB_OTG_Driver\src\usb_dcd_int.o
 .comment       0x0000007c       0x7d src\fat16.o
 .comment       0x0000007c       0x7d src\main.o
 .comment       0x0000007c       0x7d src\stm32f4xx_it.o
 .comment       0x0000007c       0x7d src\system_stm32f4xx.o
 .comment       0x0000007c       0x7d src\usb_bsp.o
 .comment       0x0000007c       0x7d src\usbd_desc.o
 .comment       0x0000007c       0x7d src\usbd_storage_msd.o
 .comment       0x0000007c       0x7d src\usbd_usr.o

.debug_frame    0x00000000     0x2728
 .debug_frame   0x00000000       0xd8 Libraries\STM32F4xx_StdPeriph_Driver\src\misc.o
 .debug_frame   0x000000d8      0x148 Libraries\STM32F4xx_StdPeriph_Driver\src\stm32f4xx_exti.o
 .debug_frame   0x00000220      0x23c Libraries\STM32F4xx_StdPeriph_Driver\src\stm32f4xx_gpio.o
 .debug_frame   0x0000045c      0x6d4 Libraries\STM32F4xx_StdPeriph_Driver\src\stm32f4xx_rcc.o
 .debug_frame   0x00000b30       0xf4 Libraries\STM32F4xx_StdPeriph_Driver\src\stm32f4xx_syscfg.o
 .debug_frame   0x00000c24      0x17c Libraries\STM32_USB_Device_Library\Class\msc\src\usbd_msc_bot.o
 .debug_frame   0x00000da0       0xec Libraries\STM32_USB_Device_Library\Class\msc\src\usbd_msc_core.o
 .debug_frame   0x00000e8c      0x274 Libraries\STM32_USB_Device_Library\Class\msc\src\usbd_msc_scsi.o
 .debug_frame   0x00001100      0x258 Libraries\STM32_USB_Device_Library\Core\src\usbd_core.o
 .debug_frame   0x00001358      0x110 Libraries\STM32_USB_Device_Library\Core\src\usbd_ioreq.o
 .debug_frame   0x00001468      0x210 Libraries\STM32_USB_Device_Library\Core\src\usbd_req.o
 .debug_frame   0x00001678      0x584 Libraries\STM32_USB_OTG_Driver\src\usb_core.o
 .debug_frame   0x00001bfc      0x1e8 Libraries\STM32_USB_OTG_Driver\src\usb_dcd.o
 .debug_frame   0x00001de4      0x230 Libraries\STM32_USB_OTG_Driver\src\usb_dcd_int.o
 .debug_frame   0x00002014       0xe4 src\fat16.o
 .debug_frame   0x000020f8       0x30 src\main.o
 .debug_frame   0x00002128       0xf0 src\stm32f4xx_it.o
 .debug_frame   0x00002218       0x7c src\system_stm32f4xx.o
 .debug_frame   0x00002294       0xfc src\usb_bsp.o
 .debug_frame   0x00002390      0x114 src\usbd_desc.o
 .debug_frame   0x000024a4      0x118 src\usbd_storage_msd.o
 .debug_frame   0x000025bc       0xf8 src\usbd_usr.o
 .debug_frame   0x000026b4       0x2c c:/program files (x86)/atollic/truestudio for stm32 9.0.1/armtools/bin/../lib/gcc/arm-atollic-eabi/6.3.1/../../../../arm-atollic-eabi/lib/armv7e-m/fpu\libc_nano.a(lib_a-init.o)
 .debug_frame   0x000026e0       0x28 c:/program files (x86)/atollic/truestudio for stm32 9.0.1/armtools/bin/../lib/gcc/arm-atollic-eabi/6.3.1/../../../../arm-atollic-eabi/lib/armv7e-m/fpu\libc_nano.a(lib_a-memcpy-stub.o)
 .debug_frame   0x00002708       0x20 c:/program files (x86)/atollic/truestudio for stm32 9.0.1/armtools/bin/../lib/gcc/arm-atollic-eabi/6.3.1/../../../../arm-atollic-eabi/lib/armv7e-m/fpu\libc_nano.a(lib_a-memset.o)

Cross Reference Table

Symbol                                            File
ADC_AnalogWatchdogCmd                             Libraries\STM32F4xx_StdPeriph_Driver\src\stm32f4xx_adc.o
ADC_AnalogWatchdogSingleChannelConfig             Libraries\STM32F4xx_StdPeriph_Driver\src\stm32f4xx_adc.o
ADC_AnalogWatchdogThresholdsConfig                Libraries\STM32F4xx_StdPeriph_Driver\src\stm32f4xx_adc.o
ADC_AutoInjectedConvCmd                           Libraries\STM32F4xx_StdPeriph_Driver\src\stm32f4xx_adc.o
ADC_ClearFlag                                     Libraries\STM32F4xx_StdPeriph_Driver\src\stm32f4xx_adc.o
ADC_ClearITPendingBit                             Libraries\STM32F4xx_StdPeriph_Driver\src\stm32f4xx_adc.o
ADC_Cmd                                           Libraries\STM32F4xx_StdPeriph_Driver\src\stm32f4xx_adc.o
ADC_CommonInit                                    Libraries\STM32F4xx_StdPeriph_Driver\src\stm32f4xx_adc.o
ADC_CommonStructInit                              Libraries\STM32F4xx_StdPeriph_Driver\src\stm32f4xx_adc.o
ADC_ContinuousModeCmd                             Libraries\STM32F4xx_StdPeriph_Driver\src\stm32f4xx_adc.o
ADC_DMACmd                                        Libraries\STM32F4xx_StdPeriph_Driver\src\stm32f4xx_adc.o
ADC_DMARequestAfterLastTransferCmd                Libraries\STM32F4xx_StdPeriph_Driver\src\stm32f4xx_adc.o
ADC_DeInit                                        Libraries\STM32F4xx_StdPeriph_Driver\src\stm32f4xx_adc.o
ADC_DiscModeChannelCountConfig                    Libraries\STM32F4xx_StdPeriph_Driver\src\stm32f4xx_adc.o
ADC_DiscModeCmd                                   Libraries\STM32F4xx_StdPeriph_Driver\src\stm32f4xx_adc.o
ADC_EOCOnEachRegularChannelCmd                    Libraries\STM32F4xx_StdPeriph_Driver\src\stm32f4xx_adc.o
ADC_ExternalTrigInjectedConvConfig                Libraries\STM32F4xx_StdPeriph_Driver\src\stm32f4xx_adc.o
ADC_ExternalTrigInjectedConvEdgeConfig            Libraries\STM32F4xx_StdPeriph_Driver\src\stm32f4xx_adc.o
ADC_GetConversionValue                            Libraries\STM32F4xx_StdPeriph_Driver\src\stm32f4xx_adc.o
ADC_GetFlagStatus                                 Libraries\STM32F4xx_StdPeriph_Driver\src\stm32f4xx_adc.o
ADC_GetITStatus                                   Libraries\STM32F4xx_StdPeriph_Driver\src\stm32f4xx_adc.o
ADC_GetInjectedConversionValue                    Libraries\STM32F4xx_StdPeriph_Driver\src\stm32f4xx_adc.o
ADC_GetMultiModeConversionValue                   Libraries\STM32F4xx_StdPeriph_Driver\src\stm32f4xx_adc.o
ADC_GetSoftwareStartConvStatus                    Libraries\STM32F4xx_StdPeriph_Driver\src\stm32f4xx_adc.o
ADC_GetSoftwareStartInjectedConvCmdStatus         Libraries\STM32F4xx_StdPeriph_Driver\src\stm32f4xx_adc.o
ADC_IRQHandler                                    startup\startup_stm32f4xx.o
ADC_ITConfig                                      Libraries\STM32F4xx_StdPeriph_Driver\src\stm32f4xx_adc.o
ADC_Init                                          Libraries\STM32F4xx_StdPeriph_Driver\src\stm32f4xx_adc.o
ADC_InjectedChannelConfig                         Libraries\STM32F4xx_StdPeriph_Driver\src\stm32f4xx_adc.o
ADC_InjectedDiscModeCmd                           Libraries\STM32F4xx_StdPeriph_Driver\src\stm32f4xx_adc.o
ADC_InjectedSequencerLengthConfig                 Libraries\STM32F4xx_StdPeriph_Driver\src\stm32f4xx_adc.o
ADC_MultiModeDMARequestAfterLastTransferCmd       Libraries\STM32F4xx_StdPeriph_Driver\src\stm32f4xx_adc.o
ADC_RegularChannelConfig                          Libraries\STM32F4xx_StdPeriph_Driver\src\stm32f4xx_adc.o
ADC_SetInjectedOffset                             Libraries\STM32F4xx_StdPeriph_Driver\src\stm32f4xx_adc.o
ADC_SoftwareStartConv                             Libraries\STM32F4xx_StdPeriph_Driver\src\stm32f4xx_adc.o
ADC_SoftwareStartInjectedConv                     Libraries\STM32F4xx_StdPeriph_Driver\src\stm32f4xx_adc.o
ADC_StructInit                                    Libraries\STM32F4xx_StdPeriph_Driver\src\stm32f4xx_adc.o
ADC_TempSensorVrefintCmd                          Libraries\STM32F4xx_StdPeriph_Driver\src\stm32f4xx_adc.o
ADC_VBATCmd                                       Libraries\STM32F4xx_StdPeriph_Driver\src\stm32f4xx_adc.o
AHBPrescTable                                     src\system_stm32f4xx.o
BusFault_Handler                                  src\stm32f4xx_it.o
CAN1_RX0_IRQHandler                               startup\startup_stm32f4xx.o
CAN1_RX1_IRQHandler                               startup\startup_stm32f4xx.o
CAN1_SCE_IRQHandler                               startup\startup_stm32f4xx.o
CAN1_TX_IRQHandler                                startup\startup_stm32f4xx.o
CAN2_RX0_IRQHandler                               startup\startup_stm32f4xx.o
CAN2_RX1_IRQHandler                               startup\startup_stm32f4xx.o
CAN2_SCE_IRQHandler                               startup\startup_stm32f4xx.o
CAN2_TX_IRQHandler                                startup\startup_stm32f4xx.o
CAN_CancelTransmit                                Libraries\STM32F4xx_StdPeriph_Driver\src\stm32f4xx_can.o
CAN_ClearFlag                                     Libraries\STM32F4xx_StdPeriph_Driver\src\stm32f4xx_can.o
CAN_ClearITPendingBit                             Libraries\STM32F4xx_StdPeriph_Driver\src\stm32f4xx_can.o
CAN_DBGFreeze                                     Libraries\STM32F4xx_StdPeriph_Driver\src\stm32f4xx_can.o
CAN_DeInit                                        Libraries\STM32F4xx_StdPeriph_Driver\src\stm32f4xx_can.o
CAN_FIFORelease                                   Libraries\STM32F4xx_StdPeriph_Driver\src\stm32f4xx_can.o
CAN_FilterInit                                    Libraries\STM32F4xx_StdPeriph_Driver\src\stm32f4xx_can.o
CAN_GetFlagStatus                                 Libraries\STM32F4xx_StdPeriph_Driver\src\stm32f4xx_can.o
CAN_GetITStatus                                   Libraries\STM32F4xx_StdPeriph_Driver\src\stm32f4xx_can.o
CAN_GetLSBTransmitErrorCounter                    Libraries\STM32F4xx_StdPeriph_Driver\src\stm32f4xx_can.o
CAN_GetLastErrorCode                              Libraries\STM32F4xx_StdPeriph_Driver\src\stm32f4xx_can.o
CAN_GetReceiveErrorCounter                        Libraries\STM32F4xx_StdPeriph_Driver\src\stm32f4xx_can.o
CAN_ITConfig                                      Libraries\STM32F4xx_StdPeriph_Driver\src\stm32f4xx_can.o
CAN_Init                                          Libraries\STM32F4xx_StdPeriph_Driver\src\stm32f4xx_can.o
CAN_MessagePending                                Libraries\STM32F4xx_StdPeriph_Driver\src\stm32f4xx_can.o
CAN_OperatingModeRequest                          Libraries\STM32F4xx_StdPeriph_Driver\src\stm32f4xx_can.o
CAN_Receive                                       Libraries\STM32F4xx_StdPeriph_Driver\src\stm32f4xx_can.o
CAN_SlaveStartBank                                Libraries\STM32F4xx_StdPeriph_Driver\src\stm32f4xx_can.o
CAN_Sleep                                         Libraries\STM32F4xx_StdPeriph_Driver\src\stm32f4xx_can.o
CAN_StructInit                                    Libraries\STM32F4xx_StdPeriph_Driver\src\stm32f4xx_can.o
CAN_TTComModeCmd                                  Libraries\STM32F4xx_StdPeriph_Driver\src\stm32f4xx_can.o
CAN_Transmit                                      Libraries\STM32F4xx_StdPeriph_Driver\src\stm32f4xx_can.o
CAN_TransmitStatus                                Libraries\STM32F4xx_StdPeriph_Driver\src\stm32f4xx_can.o
CAN_WakeUp                                        Libraries\STM32F4xx_StdPeriph_Driver\src\stm32f4xx_can.o
CRC_CalcBlockCRC                                  Libraries\STM32F4xx_StdPeriph_Driver\src\stm32f4xx_crc.o
CRC_CalcCRC                                       Libraries\STM32F4xx_StdPeriph_Driver\src\stm32f4xx_crc.o
CRC_GetCRC                                        Libraries\STM32F4xx_StdPeriph_Driver\src\stm32f4xx_crc.o
CRC_GetIDRegister                                 Libraries\STM32F4xx_StdPeriph_Driver\src\stm32f4xx_crc.o
CRC_ResetDR                                       Libraries\STM32F4xx_StdPeriph_Driver\src\stm32f4xx_crc.o
CRC_SetIDRegister                                 Libraries\STM32F4xx_StdPeriph_Driver\src\stm32f4xx_crc.o
CRYP_AES_CBC                                      Libraries\STM32F4xx_StdPeriph_Driver\src\stm32f4xx_cryp_aes.o
CRYP_AES_CTR                                      Libraries\STM32F4xx_StdPeriph_Driver\src\stm32f4xx_cryp_aes.o
CRYP_AES_ECB                                      Libraries\STM32F4xx_StdPeriph_Driver\src\stm32f4xx_cryp_aes.o
CRYP_Cmd                                          Libraries\STM32F4xx_StdPeriph_Driver\src\stm32f4xx_cryp.o
                                                  Libraries\STM32F4xx_StdPeriph_Driver\src\stm32f4xx_cryp_tdes.o
                                                  Libraries\STM32F4xx_StdPeriph_Driver\src\stm32f4xx_cryp_des.o
                                                  Libraries\STM32F4xx_StdPeriph_Driver\src\stm32f4xx_cryp_aes.o
CRYP_DES_CBC                                      Libraries\STM32F4xx_StdPeriph_Driver\src\stm32f4xx_cryp_des.o
CRYP_DES_ECB                                      Libraries\STM32F4xx_StdPeriph_Driver\src\stm32f4xx_cryp_des.o
CRYP_DMACmd                                       Libraries\STM32F4xx_StdPeriph_Driver\src\stm32f4xx_cryp.o
CRYP_DataIn                                       Libraries\STM32F4xx_StdPeriph_Driver\src\stm32f4xx_cryp.o
                                                  Libraries\STM32F4xx_StdPeriph_Driver\src\stm32f4xx_cryp_tdes.o
                                                  Libraries\STM32F4xx_StdPeriph_Driver\src\stm32f4xx_cryp_des.o
                                                  Libraries\STM32F4xx_StdPeriph_Driver\src\stm32f4xx_cryp_aes.o
CRYP_DataOut                                      Libraries\STM32F4xx_StdPeriph_Driver\src\stm32f4xx_cryp.o
                                                  Libraries\STM32F4xx_StdPeriph_Driver\src\stm32f4xx_cryp_tdes.o
                                                  Libraries\STM32F4xx_StdPeriph_Driver\src\stm32f4xx_cryp_des.o
                                                  Libraries\STM32F4xx_StdPeriph_Driver\src\stm32f4xx_cryp_aes.o
CRYP_DeInit                                       Libraries\STM32F4xx_StdPeriph_Driver\src\stm32f4xx_cryp.o
CRYP_FIFOFlush                                    Libraries\STM32F4xx_StdPeriph_Driver\src\stm32f4xx_cryp.o
                                                  Libraries\STM32F4xx_StdPeriph_Driver\src\stm32f4xx_cryp_tdes.o
                                                  Libraries\STM32F4xx_StdPeriph_Driver\src\stm32f4xx_cryp_des.o
                                                  Libraries\STM32F4xx_StdPeriph_Driver\src\stm32f4xx_cryp_aes.o
CRYP_GetFlagStatus                                Libraries\STM32F4xx_StdPeriph_Driver\src\stm32f4xx_cryp.o
                                                  Libraries\STM32F4xx_StdPeriph_Driver\src\stm32f4xx_cryp_tdes.o
                                                  Libraries\STM32F4xx_StdPeriph_Driver\src\stm32f4xx_cryp_des.o
                                                  Libraries\STM32F4xx_StdPeriph_Driver\src\stm32f4xx_cryp_aes.o
CRYP_GetITStatus                                  Libraries\STM32F4xx_StdPeriph_Driver\src\stm32f4xx_cryp.o
CRYP_IRQHandler                                   startup\startup_stm32f4xx.o
CRYP_ITConfig                                     Libraries\STM32F4xx_StdPeriph_Driver\src\stm32f4xx_cryp.o
CRYP_IVInit                                       Libraries\STM32F4xx_StdPeriph_Driver\src\stm32f4xx_cryp.o
                                                  Libraries\STM32F4xx_StdPeriph_Driver\src\stm32f4xx_cryp_tdes.o
                                                  Libraries\STM32F4xx_StdPeriph_Driver\src\stm32f4xx_cryp_des.o
                                                  Libraries\STM32F4xx_StdPeriph_Driver\src\stm32f4xx_cryp_aes.o
CRYP_IVStructInit                                 Libraries\STM32F4xx_StdPeriph_Driver\src\stm32f4xx_cryp.o
CRYP_Init                                         Libraries\STM32F4xx_StdPeriph_Driver\src\stm32f4xx_cryp.o
                                                  Libraries\STM32F4xx_StdPeriph_Driver\src\stm32f4xx_cryp_tdes.o
                                                  Libraries\STM32F4xx_StdPeriph_Driver\src\stm32f4xx_cryp_des.o
                                                  Libraries\STM32F4xx_StdPeriph_Driver\src\stm32f4xx_cryp_aes.o
CRYP_KeyInit                                      Libraries\STM32F4xx_StdPeriph_Driver\src\stm32f4xx_cryp.o
                                                  Libraries\STM32F4xx_StdPeriph_Driver\src\stm32f4xx_cryp_tdes.o
                                                  Libraries\STM32F4xx_StdPeriph_Driver\src\stm32f4xx_cryp_des.o
                                                  Libraries\STM32F4xx_StdPeriph_Driver\src\stm32f4xx_cryp_aes.o
CRYP_KeyStructInit                                Libraries\STM32F4xx_StdPeriph_Driver\src\stm32f4xx_cryp.o
                                                  Libraries\STM32F4xx_StdPeriph_Driver\src\stm32f4xx_cryp_tdes.o
                                                  Libraries\STM32F4xx_StdPeriph_Driver\src\stm32f4xx_cryp_des.o
                                                  Libraries\STM32F4xx_StdPeriph_Driver\src\stm32f4xx_cryp_aes.o
CRYP_RestoreContext                               Libraries\STM32F4xx_StdPeriph_Driver\src\stm32f4xx_cryp.o
CRYP_SaveContext                                  Libraries\STM32F4xx_StdPeriph_Driver\src\stm32f4xx_cryp.o
CRYP_StructInit                                   Libraries\STM32F4xx_StdPeriph_Driver\src\stm32f4xx_cryp.o
CRYP_TDES_CBC                                     Libraries\STM32F4xx_StdPeriph_Driver\src\stm32f4xx_cryp_tdes.o
CRYP_TDES_ECB                                     Libraries\STM32F4xx_StdPeriph_Driver\src\stm32f4xx_cryp_tdes.o
DAC_ClearFlag                                     Libraries\STM32F4xx_StdPeriph_Driver\src\stm32f4xx_dac.o
DAC_ClearITPendingBit                             Libraries\STM32F4xx_StdPeriph_Driver\src\stm32f4xx_dac.o
DAC_Cmd                                           Libraries\STM32F4xx_StdPeriph_Driver\src\stm32f4xx_dac.o
DAC_DMACmd                                        Libraries\STM32F4xx_StdPeriph_Driver\src\stm32f4xx_dac.o
DAC_DeInit                                        Libraries\STM32F4xx_StdPeriph_Driver\src\stm32f4xx_dac.o
DAC_DualSoftwareTriggerCmd                        Libraries\STM32F4xx_StdPeriph_Driver\src\stm32f4xx_dac.o
DAC_GetDataOutputValue                            Libraries\STM32F4xx_StdPeriph_Driver\src\stm32f4xx_dac.o
DAC_GetFlagStatus                                 Libraries\STM32F4xx_StdPeriph_Driver\src\stm32f4xx_dac.o
DAC_GetITStatus                                   Libraries\STM32F4xx_StdPeriph_Driver\src\stm32f4xx_dac.o
DAC_ITConfig                                      Libraries\STM32F4xx_StdPeriph_Driver\src\stm32f4xx_dac.o
DAC_Init                                          Libraries\STM32F4xx_StdPeriph_Driver\src\stm32f4xx_dac.o
DAC_SetChannel1Data                               Libraries\STM32F4xx_StdPeriph_Driver\src\stm32f4xx_dac.o
DAC_SetChannel2Data                               Libraries\STM32F4xx_StdPeriph_Driver\src\stm32f4xx_dac.o
DAC_SetDualChannelData                            Libraries\STM32F4xx_StdPeriph_Driver\src\stm32f4xx_dac.o
DAC_SoftwareTriggerCmd                            Libraries\STM32F4xx_StdPeriph_Driver\src\stm32f4xx_dac.o
DAC_StructInit                                    Libraries\STM32F4xx_StdPeriph_Driver\src\stm32f4xx_dac.o
DAC_WaveGenerationCmd                             Libraries\STM32F4xx_StdPeriph_Driver\src\stm32f4xx_dac.o
DBGMCU_APB1PeriphConfig                           Libraries\STM32F4xx_StdPeriph_Driver\src\stm32f4xx_dbgmcu.o
DBGMCU_APB2PeriphConfig                           Libraries\STM32F4xx_StdPeriph_Driver\src\stm32f4xx_dbgmcu.o
DBGMCU_Config                                     Libraries\STM32F4xx_StdPeriph_Driver\src\stm32f4xx_dbgmcu.o
DBGMCU_GetDEVID                                   Libraries\STM32F4xx_StdPeriph_Driver\src\stm32f4xx_dbgmcu.o
DBGMCU_GetREVID                                   Libraries\STM32F4xx_StdPeriph_Driver\src\stm32f4xx_dbgmcu.o
DCD_DevConnect                                    Libraries\STM32_USB_OTG_Driver\src\usb_dcd.o
DCD_DevDisconnect                                 Libraries\STM32_USB_OTG_Driver\src\usb_dcd.o
DCD_EP_Close                                      Libraries\STM32_USB_OTG_Driver\src\usb_dcd.o
                                                  Libraries\STM32_USB_Device_Library\Class\msc\src\usbd_msc_core.o
DCD_EP_ClrStall                                   Libraries\STM32_USB_OTG_Driver\src\usb_dcd.o
                                                  Libraries\STM32_USB_Device_Library\Core\src\usbd_req.o
DCD_EP_Flush                                      Libraries\STM32_USB_OTG_Driver\src\usb_dcd.o
                                                  Libraries\STM32_USB_Device_Library\Class\msc\src\usbd_msc_core.o
                                                  Libraries\STM32_USB_Device_Library\Class\msc\src\usbd_msc_bot.o
DCD_EP_Open                                       Libraries\STM32_USB_OTG_Driver\src\usb_dcd.o
                                                  Libraries\STM32_USB_Device_Library\Core\src\usbd_core.o
                                                  Libraries\STM32_USB_Device_Library\Class\msc\src\usbd_msc_core.o
DCD_EP_PrepareRx                                  Libraries\STM32_USB_OTG_Driver\src\usb_dcd.o
                                                  Libraries\STM32_USB_Device_Library\Core\src\usbd_ioreq.o
                                                  Libraries\STM32_USB_Device_Library\Class\msc\src\usbd_msc_scsi.o
                                                  Libraries\STM32_USB_Device_Library\Class\msc\src\usbd_msc_bot.o
DCD_EP_SetAddress                                 Libraries\STM32_USB_OTG_Driver\src\usb_dcd.o
                                                  Libraries\STM32_USB_Device_Library\Core\src\usbd_req.o
DCD_EP_Stall                                      Libraries\STM32_USB_OTG_Driver\src\usb_dcd.o
                                                  Libraries\STM32_USB_Device_Library\Core\src\usbd_req.o
                                                  Libraries\STM32_USB_Device_Library\Core\src\usbd_core.o
                                                  Libraries\STM32_USB_Device_Library\Class\msc\src\usbd_msc_bot.o
DCD_EP_Tx                                         Libraries\STM32_USB_OTG_Driver\src\usb_dcd.o
                                                  Libraries\STM32_USB_Device_Library\Core\src\usbd_ioreq.o
                                                  Libraries\STM32_USB_Device_Library\Class\msc\src\usbd_msc_scsi.o
                                                  Libraries\STM32_USB_Device_Library\Class\msc\src\usbd_msc_bot.o
DCD_GetEPStatus                                   Libraries\STM32_USB_OTG_Driver\src\usb_dcd.o
DCD_Init                                          Libraries\STM32_USB_OTG_Driver\src\usb_dcd.o
                                                  Libraries\STM32_USB_Device_Library\Core\src\usbd_core.o
DCD_SetEPStatus                                   Libraries\STM32_USB_OTG_Driver\src\usb_dcd.o
DCMI_CROPCmd                                      Libraries\STM32F4xx_StdPeriph_Driver\src\stm32f4xx_dcmi.o
DCMI_CROPConfig                                   Libraries\STM32F4xx_StdPeriph_Driver\src\stm32f4xx_dcmi.o
DCMI_CaptureCmd                                   Libraries\STM32F4xx_StdPeriph_Driver\src\stm32f4xx_dcmi.o
DCMI_ClearFlag                                    Libraries\STM32F4xx_StdPeriph_Driver\src\stm32f4xx_dcmi.o
DCMI_ClearITPendingBit                            Libraries\STM32F4xx_StdPeriph_Driver\src\stm32f4xx_dcmi.o
DCMI_Cmd                                          Libraries\STM32F4xx_StdPeriph_Driver\src\stm32f4xx_dcmi.o
DCMI_DeInit                                       Libraries\STM32F4xx_StdPeriph_Driver\src\stm32f4xx_dcmi.o
DCMI_GetFlagStatus                                Libraries\STM32F4xx_StdPeriph_Driver\src\stm32f4xx_dcmi.o
DCMI_GetITStatus                                  Libraries\STM32F4xx_StdPeriph_Driver\src\stm32f4xx_dcmi.o
DCMI_IRQHandler                                   startup\startup_stm32f4xx.o