fs.c:47:6:FS_Init	16	static
fs.c:63:9:FS_GetNextFilename	360	static
fs.c:103:6:FS_DeleteDataFile	72	static
fs.c:118:6:FS_NewDataFile	72	static
fs.c:133:6:FS_SaveData	136	static
fs.c:168:9:FS_WriteData	80	static
fs.c:180:9:FS_ReadData	88	static
fs.c:199:9:FS_WriteSettings	24	static
fs.c:207:9:FS_ReadSettings	24	static
fs.c:215:5:FS_Format	8	static
fs.c:220:5:_FS_traverse_df_cb	24	static
fs.c:227:9:FS_GetFreeSize	24	static
fs.c:242:5:_FS_block_device_read	24	static
fs.c:249:5:_FS_block_device_prog	24	static
fs.c:257:5:_FS_block_device_erase	16	static
fs.c:263:5:_FS_block_device_sync	16	static
